[2024-05-15T17:06:34.193-0500][0.007s] Heap region size: 1M
[2024-05-15T17:06:34.306-0500][0.119s] Using G1
[2024-05-15T17:06:34.306-0500][0.119s] Heap address: 0x00000000e0000000, size: 512 MB, Compressed Oops mode: 32-bit
[2024-05-15T17:06:35.645-0500][1.458s] GC(0) Pause Young (Normal) (G1 Evacuation Pause)
[2024-05-15T17:06:35.645-0500][1.458s] GC(0) Using 1 workers of 1 for evacuation
[2024-05-15T17:06:35.652-0500][1.466s] GC(0)   Pre Evacuate Collection Set: 0.0ms
[2024-05-15T17:06:35.652-0500][1.466s] GC(0)   Evacuate Collection Set: 7.3ms
[2024-05-15T17:06:35.652-0500][1.466s] GC(0)   Post Evacuate Collection Set: 0.2ms
[2024-05-15T17:06:35.653-0500][1.466s] GC(0)   Other: 0.1ms
[2024-05-15T17:06:35.653-0500][1.466s] GC(0) Eden regions: 25->0(21)
[2024-05-15T17:06:35.653-0500][1.466s] GC(0) Survivor regions: 0->4(4)
[2024-05-15T17:06:35.653-0500][1.466s] GC(0) Old regions: 0->0
[2024-05-15T17:06:35.653-0500][1.466s] GC(0) Humongous regions: 0->0
[2024-05-15T17:06:35.653-0500][1.466s] GC(0) Metaspace: 6378K(7808K)->6378K(7808K) NonClass: 5658K(6912K)->5658K(6912K) Class: 720K(896K)->720K(896K)
[2024-05-15T17:06:35.653-0500][1.466s] GC(0) Pause Young (Normal) (G1 Evacuation Pause) 25M->3M(512M) 7.754ms
[2024-05-15T17:06:35.653-0500][1.466s] GC(0) User=0.00s Sys=0.00s Real=0.01s
[2024-05-15T17:06:36.535-0500][2.348s] GC(1) Pause Young (Normal) (G1 Evacuation Pause)
[2024-05-15T17:06:36.535-0500][2.348s] GC(1) Using 1 workers of 1 for evacuation
[2024-05-15T17:06:36.550-0500][2.364s] GC(1)   Pre Evacuate Collection Set: 0.0ms
[2024-05-15T17:06:36.551-0500][2.364s] GC(1)   Evacuate Collection Set: 15.6ms
[2024-05-15T17:06:36.551-0500][2.364s] GC(1)   Post Evacuate Collection Set: 0.2ms
[2024-05-15T17:06:36.551-0500][2.364s] GC(1)   Other: 0.1ms
[2024-05-15T17:06:36.551-0500][2.364s] GC(1) Eden regions: 21->0(21)
[2024-05-15T17:06:36.551-0500][2.364s] GC(1) Survivor regions: 4->4(4)
[2024-05-15T17:06:36.551-0500][2.364s] GC(1) Old regions: 0->3
[2024-05-15T17:06:36.551-0500][2.364s] GC(1) Humongous regions: 4->4
[2024-05-15T17:06:36.551-0500][2.364s] GC(1) Metaspace: 11610K(12416K)->11610K(12416K) NonClass: 10229K(10752K)->10229K(10752K) Class: 1381K(1664K)->1381K(1664K)
[2024-05-15T17:06:36.551-0500][2.364s] GC(1) Pause Young (Normal) (G1 Evacuation Pause) 28M->10M(512M) 16.168ms
[2024-05-15T17:06:36.551-0500][2.364s] GC(1) User=0.01s Sys=0.00s Real=0.01s
[2024-05-15T17:06:37.396-0500][3.209s] GC(2) Pause Young (Normal) (G1 Evacuation Pause)
[2024-05-15T17:06:37.396-0500][3.209s] GC(2) Using 1 workers of 1 for evacuation
[2024-05-15T17:06:37.424-0500][3.237s] GC(2)   Pre Evacuate Collection Set: 0.0ms
[2024-05-15T17:06:37.424-0500][3.237s] GC(2)   Evacuate Collection Set: 28.0ms
[2024-05-15T17:06:37.424-0500][3.237s] GC(2)   Post Evacuate Collection Set: 0.2ms
[2024-05-15T17:06:37.424-0500][3.237s] GC(2)   Other: 0.1ms
[2024-05-15T17:06:37.424-0500][3.237s] GC(2) Eden regions: 21->0(21)
[2024-05-15T17:06:37.424-0500][3.237s] GC(2) Survivor regions: 4->4(4)
[2024-05-15T17:06:37.424-0500][3.237s] GC(2) Old regions: 3->10
[2024-05-15T17:06:37.424-0500][3.237s] GC(2) Humongous regions: 4->4
[2024-05-15T17:06:37.424-0500][3.237s] GC(2) Metaspace: 17689K(18560K)->17689K(18560K) NonClass: 15601K(16128K)->15601K(16128K) Class: 2087K(2432K)->2087K(2432K)
[2024-05-15T17:06:37.424-0500][3.237s] GC(2) Pause Young (Normal) (G1 Evacuation Pause) 31M->17M(512M) 28.493ms
[2024-05-15T17:06:37.424-0500][3.237s] GC(2) User=0.03s Sys=0.00s Real=0.03s
[2024-05-15T17:06:37.917-0500][3.730s] GC(3) Pause Young (Normal) (G1 Evacuation Pause)
[2024-05-15T17:06:37.917-0500][3.731s] GC(3) Using 1 workers of 1 for evacuation
[2024-05-15T17:06:37.933-0500][3.746s] GC(3)   Pre Evacuate Collection Set: 0.0ms
[2024-05-15T17:06:37.933-0500][3.747s] GC(3)   Evacuate Collection Set: 15.7ms
[2024-05-15T17:06:37.933-0500][3.747s] GC(3)   Post Evacuate Collection Set: 0.2ms
[2024-05-15T17:06:37.933-0500][3.747s] GC(3)   Other: 0.1ms
[2024-05-15T17:06:37.933-0500][3.747s] GC(3) Eden regions: 21->0(23)
[2024-05-15T17:06:37.933-0500][3.747s] GC(3) Survivor regions: 4->2(4)
[2024-05-15T17:06:37.933-0500][3.747s] GC(3) Old regions: 10->14
[2024-05-15T17:06:37.933-0500][3.747s] GC(3) Humongous regions: 4->4
[2024-05-15T17:06:37.933-0500][3.747s] GC(3) Metaspace: 19810K(20864K)->19810K(20864K) NonClass: 17460K(18176K)->17460K(18176K) Class: 2349K(2688K)->2349K(2688K)
[2024-05-15T17:06:37.933-0500][3.747s] GC(3) Pause Young (Normal) (G1 Evacuation Pause) 38M->19M(512M) 16.139ms
[2024-05-15T17:06:37.933-0500][3.747s] GC(3) User=0.02s Sys=0.00s Real=0.02s
[2024-05-15T17:06:38.136-0500][3.949s] GC(4) Pause Young (Normal) (G1 Evacuation Pause)
[2024-05-15T17:06:38.136-0500][3.949s] GC(4) Using 1 workers of 1 for evacuation
[2024-05-15T17:06:38.143-0500][3.956s] GC(4)   Pre Evacuate Collection Set: 0.0ms
[2024-05-15T17:06:38.143-0500][3.956s] GC(4)   Evacuate Collection Set: 5.4ms
[2024-05-15T17:06:38.143-0500][3.956s] GC(4)   Post Evacuate Collection Set: 0.9ms
[2024-05-15T17:06:38.143-0500][3.956s] GC(4)   Other: 0.1ms
[2024-05-15T17:06:38.143-0500][3.956s] GC(4) Eden regions: 23->0(29)
[2024-05-15T17:06:38.143-0500][3.956s] GC(4) Survivor regions: 2->3(4)
[2024-05-15T17:06:38.143-0500][3.956s] GC(4) Old regions: 14->14
[2024-05-15T17:06:38.143-0500][3.956s] GC(4) Humongous regions: 4->4
[2024-05-15T17:06:38.143-0500][3.956s] GC(4) Metaspace: 19885K(20864K)->19885K(20864K) NonClass: 17534K(18176K)->17534K(18176K) Class: 2350K(2688K)->2350K(2688K)
[2024-05-15T17:06:38.143-0500][3.956s] GC(4) Pause Young (Normal) (G1 Evacuation Pause) 42M->19M(512M) 6.560ms
[2024-05-15T17:06:38.143-0500][3.956s] GC(4) User=0.01s Sys=0.00s Real=0.01s
[2024-05-15T17:06:38.340-0500][4.153s] GC(5) Pause Young (Normal) (G1 Evacuation Pause)
[2024-05-15T17:06:38.340-0500][4.154s] GC(5) Using 1 workers of 1 for evacuation
[2024-05-15T17:06:38.346-0500][4.159s] GC(5)   Pre Evacuate Collection Set: 0.0ms
[2024-05-15T17:06:38.346-0500][4.159s] GC(5)   Evacuate Collection Set: 5.0ms
[2024-05-15T17:06:38.346-0500][4.159s] GC(5)   Post Evacuate Collection Set: 0.2ms
[2024-05-15T17:06:38.346-0500][4.159s] GC(5)   Other: 0.1ms
[2024-05-15T17:06:38.346-0500][4.159s] GC(5) Eden regions: 29->0(41)
[2024-05-15T17:06:38.346-0500][4.159s] GC(5) Survivor regions: 3->4(4)
[2024-05-15T17:06:38.346-0500][4.159s] GC(5) Old regions: 14->15
[2024-05-15T17:06:38.346-0500][4.159s] GC(5) Humongous regions: 4->4
[2024-05-15T17:06:38.346-0500][4.159s] GC(5) Metaspace: 19959K(20864K)->19959K(20864K) NonClass: 17606K(18176K)->17606K(18176K) Class: 2353K(2688K)->2353K(2688K)
[2024-05-15T17:06:38.346-0500][4.159s] GC(5) Pause Young (Normal) (G1 Evacuation Pause) 48M->22M(512M) 5.437ms
[2024-05-15T17:06:38.346-0500][4.159s] GC(5) User=0.01s Sys=0.00s Real=0.01s
[2024-05-15T17:06:38.566-0500][4.379s] GC(6) Pause Young (Concurrent Start) (Metadata GC Threshold)
[2024-05-15T17:06:38.566-0500][4.380s] GC(6) Using 1 workers of 1 for evacuation
[2024-05-15T17:06:38.571-0500][4.384s] GC(6)   Pre Evacuate Collection Set: 0.1ms
[2024-05-15T17:06:38.571-0500][4.384s] GC(6)   Evacuate Collection Set: 4.2ms
[2024-05-15T17:06:38.571-0500][4.384s] GC(6)   Post Evacuate Collection Set: 0.2ms
[2024-05-15T17:06:38.571-0500][4.384s] GC(6)   Other: 0.2ms
[2024-05-15T17:06:38.571-0500][4.384s] GC(6) Eden regions: 27->0(41)
[2024-05-15T17:06:38.571-0500][4.384s] GC(6) Survivor regions: 4->3(6)
[2024-05-15T17:06:38.571-0500][4.384s] GC(6) Old regions: 15->16
[2024-05-15T17:06:38.571-0500][4.384s] GC(6) Humongous regions: 4->4
[2024-05-15T17:06:38.571-0500][4.384s] GC(6) Metaspace: 20362K(21296K)->20362K(21296K) NonClass: 17965K(18608K)->17965K(18608K) Class: 2396K(2688K)->2396K(2688K)
[2024-05-15T17:06:38.571-0500][4.384s] GC(6) Pause Young (Concurrent Start) (Metadata GC Threshold) 49M->23M(512M) 4.760ms
[2024-05-15T17:06:38.571-0500][4.384s] GC(6) User=0.00s Sys=0.00s Real=0.00s
[2024-05-15T17:06:38.571-0500][4.384s] GC(7) Concurrent Cycle
[2024-05-15T17:06:38.571-0500][4.384s] GC(7) Concurrent Clear Claimed Marks
[2024-05-15T17:06:38.571-0500][4.384s] GC(7) Concurrent Clear Claimed Marks 0.024ms
[2024-05-15T17:06:38.571-0500][4.384s] GC(7) Concurrent Scan Root Regions
[2024-05-15T17:06:38.572-0500][4.385s] GC(7) Concurrent Scan Root Regions 0.472ms
[2024-05-15T17:06:38.572-0500][4.385s] GC(7) Concurrent Mark (4.385s)
[2024-05-15T17:06:38.572-0500][4.385s] GC(7) Concurrent Mark From Roots
[2024-05-15T17:06:38.572-0500][4.385s] GC(7) Using 1 workers of 1 for marking
[2024-05-15T17:06:38.671-0500][4.484s] GC(7) Concurrent Mark From Roots 99.100ms
[2024-05-15T17:06:38.671-0500][4.484s] GC(7) Concurrent Preclean
[2024-05-15T17:06:38.671-0500][4.484s] GC(7) Concurrent Preclean 0.054ms
[2024-05-15T17:06:38.671-0500][4.484s] GC(7) Concurrent Mark (4.385s, 4.484s) 99.199ms
[2024-05-15T17:06:38.674-0500][4.487s] GC(7) Pause Remark
[2024-05-15T17:06:38.686-0500][4.500s] GC(7) Cleaned string and symbol table, strings: 13330 processed, 23 removed, symbols: 56193 processed, 37 removed
[2024-05-15T17:06:38.687-0500][4.500s] GC(7) Pause Remark 25M->25M(512M) 13.192ms
[2024-05-15T17:06:38.687-0500][4.500s] GC(7) User=0.02s Sys=0.00s Real=0.01s
[2024-05-15T17:06:38.687-0500][4.500s] GC(7) Concurrent Rebuild Remembered Sets
[2024-05-15T17:06:38.746-0500][4.559s] GC(7) Concurrent Rebuild Remembered Sets 58.920ms
[2024-05-15T17:06:38.748-0500][4.561s] GC(7) Pause Cleanup
[2024-05-15T17:06:38.748-0500][4.561s] GC(7) Pause Cleanup 27M->27M(512M) 0.125ms
[2024-05-15T17:06:38.748-0500][4.561s] GC(7) User=0.00s Sys=0.00s Real=0.00s
[2024-05-15T17:06:38.748-0500][4.561s] GC(7) Concurrent Cleanup for Next Mark
[2024-05-15T17:06:38.758-0500][4.571s] GC(7) Concurrent Cleanup for Next Mark 9.720ms
[2024-05-15T17:06:38.758-0500][4.571s] GC(7) Concurrent Cycle 186.691ms
[2024-05-15T17:06:39.326-0500][5.139s] GC(8) Pause Young (Concurrent Start) (G1 Evacuation Pause)
[2024-05-15T17:06:39.326-0500][5.140s] GC(8) Using 1 workers of 1 for evacuation
[2024-05-15T17:06:39.339-0500][5.152s] GC(8)   Pre Evacuate Collection Set: 0.0ms
[2024-05-15T17:06:39.339-0500][5.152s] GC(8)   Evacuate Collection Set: 12.4ms
[2024-05-15T17:06:39.339-0500][5.152s] GC(8)   Post Evacuate Collection Set: 0.2ms
[2024-05-15T17:06:39.339-0500][5.152s] GC(8)   Other: 0.2ms
[2024-05-15T17:06:39.339-0500][5.152s] GC(8) Eden regions: 43->0(54)
[2024-05-15T17:06:39.339-0500][5.152s] GC(8) Survivor regions: 3->4(6)
[2024-05-15T17:06:39.339-0500][5.152s] GC(8) Old regions: 16->16
[2024-05-15T17:06:39.339-0500][5.152s] GC(8) Humongous regions: 4->4
[2024-05-15T17:06:39.339-0500][5.152s] GC(8) Metaspace: 24059K(25344K)->24059K(25344K) NonClass: 21165K(22016K)->21165K(22016K) Class: 2894K(3328K)->2894K(3328K)
[2024-05-15T17:06:39.339-0500][5.152s] GC(8) Pause Young (Concurrent Start) (G1 Evacuation Pause) 66M->23M(512M) 12.998ms
[2024-05-15T17:06:39.339-0500][5.152s] GC(8) User=0.01s Sys=0.00s Real=0.01s
[2024-05-15T17:06:39.339-0500][5.153s] GC(9) Concurrent Cycle
[2024-05-15T17:06:39.339-0500][5.153s] GC(9) Concurrent Clear Claimed Marks
[2024-05-15T17:06:39.339-0500][5.153s] GC(9) Concurrent Clear Claimed Marks 0.030ms
[2024-05-15T17:06:39.339-0500][5.153s] GC(9) Concurrent Scan Root Regions
[2024-05-15T17:06:39.341-0500][5.154s] GC(9) Concurrent Scan Root Regions 1.276ms
[2024-05-15T17:06:39.341-0500][5.154s] GC(9) Concurrent Mark (5.154s)
[2024-05-15T17:06:39.341-0500][5.154s] GC(9) Concurrent Mark From Roots
[2024-05-15T17:06:39.341-0500][5.154s] GC(9) Using 1 workers of 1 for marking
[2024-05-15T17:06:39.432-0500][5.245s] GC(9) Concurrent Mark From Roots 91.416ms
[2024-05-15T17:06:39.432-0500][5.245s] GC(9) Concurrent Preclean
[2024-05-15T17:06:39.432-0500][5.245s] GC(9) Concurrent Preclean 0.048ms
[2024-05-15T17:06:39.432-0500][5.245s] GC(9) Concurrent Mark (5.154s, 5.245s) 91.519ms
[2024-05-15T17:06:39.433-0500][5.246s] GC(9) Pause Remark
[2024-05-15T17:06:39.440-0500][5.253s] GC(9) Cleaned string and symbol table, strings: 14760 processed, 2 removed, symbols: 67219 processed, 16 removed
[2024-05-15T17:06:39.440-0500][5.253s] GC(9) Pause Remark 29M->29M(512M) 6.774ms
[2024-05-15T17:06:39.440-0500][5.253s] GC(9) User=0.01s Sys=0.00s Real=0.00s
[2024-05-15T17:06:39.442-0500][5.255s] GC(9) Concurrent Rebuild Remembered Sets
[2024-05-15T17:06:39.494-0500][5.308s] GC(9) Concurrent Rebuild Remembered Sets 52.778ms
[2024-05-15T17:06:39.497-0500][5.310s] GC(9) Pause Cleanup
[2024-05-15T17:06:39.497-0500][5.310s] GC(9) Pause Cleanup 32M->32M(512M) 0.098ms
[2024-05-15T17:06:39.497-0500][5.310s] GC(9) User=0.00s Sys=0.00s Real=0.00s
[2024-05-15T17:06:39.497-0500][5.310s] GC(9) Concurrent Cleanup for Next Mark
[2024-05-15T17:06:39.498-0500][5.311s] GC(9) Concurrent Cleanup for Next Mark 1.400ms
[2024-05-15T17:06:39.498-0500][5.311s] GC(9) Concurrent Cycle 158.966ms
[2024-05-15T17:06:41.030-0500][6.844s] GC(10) Pause Young (Normal) (G1 Evacuation Pause)
[2024-05-15T17:06:41.030-0500][6.844s] GC(10) Using 1 workers of 1 for evacuation
[2024-05-15T17:06:41.040-0500][6.853s] GC(10)   Pre Evacuate Collection Set: 0.0ms
[2024-05-15T17:06:41.040-0500][6.853s] GC(10)   Evacuate Collection Set: 9.3ms
[2024-05-15T17:06:41.040-0500][6.853s] GC(10)   Post Evacuate Collection Set: 0.2ms
[2024-05-15T17:06:41.040-0500][6.853s] GC(10)   Other: 0.1ms
[2024-05-15T17:06:41.040-0500][6.853s] GC(10) Eden regions: 55->0(72)
[2024-05-15T17:06:41.040-0500][6.853s] GC(10) Survivor regions: 4->5(8)
[2024-05-15T17:06:41.040-0500][6.853s] GC(10) Old regions: 16->16
[2024-05-15T17:06:41.040-0500][6.853s] GC(10) Humongous regions: 4->4
[2024-05-15T17:06:41.040-0500][6.853s] GC(10) Metaspace: 28817K(30080K)->28817K(30080K) NonClass: 25367K(26112K)->25367K(26112K) Class: 3450K(3968K)->3450K(3968K)
[2024-05-15T17:06:41.040-0500][6.853s] GC(10) Pause Young (Normal) (G1 Evacuation Pause) 78M->25M(512M) 9.777ms
[2024-05-15T17:06:41.040-0500][6.853s] GC(10) User=0.01s Sys=0.00s Real=0.01s
[2024-05-15T17:06:42.451-0500][8.265s] GC(11) Pause Young (Normal) (G1 Evacuation Pause)
[2024-05-15T17:06:42.451-0500][8.265s] GC(11) Using 1 workers of 1 for evacuation
[2024-05-15T17:06:42.485-0500][8.298s] GC(11)   Pre Evacuate Collection Set: 0.0ms
[2024-05-15T17:06:42.485-0500][8.298s] GC(11)   Evacuate Collection Set: 33.3ms
[2024-05-15T17:06:42.485-0500][8.298s] GC(11)   Post Evacuate Collection Set: 0.3ms
[2024-05-15T17:06:42.485-0500][8.298s] GC(11)   Other: 0.2ms
[2024-05-15T17:06:42.485-0500][8.298s] GC(11) Eden regions: 72->0(92)
[2024-05-15T17:06:42.485-0500][8.298s] GC(11) Survivor regions: 5->9(10)
[2024-05-15T17:06:42.485-0500][8.298s] GC(11) Old regions: 16->16
[2024-05-15T17:06:42.485-0500][8.298s] GC(11) Humongous regions: 4->4
[2024-05-15T17:06:42.485-0500][8.299s] GC(11) Metaspace: 37055K(38528K)->37055K(38528K) NonClass: 32579K(33536K)->32579K(33536K) Class: 4476K(4992K)->4476K(4992K)
[2024-05-15T17:06:42.485-0500][8.299s] GC(11) Pause Young (Normal) (G1 Evacuation Pause) 97M->29M(512M) 33.980ms
[2024-05-15T17:06:42.485-0500][8.299s] GC(11) User=0.03s Sys=0.00s Real=0.04s
[2024-05-15T17:06:43.561-0500][9.374s] GC(12) Pause Young (Concurrent Start) (Metadata GC Threshold)
[2024-05-15T17:06:43.561-0500][9.374s] GC(12) Using 1 workers of 1 for evacuation
[2024-05-15T17:06:43.604-0500][9.417s] GC(12)   Pre Evacuate Collection Set: 0.1ms
[2024-05-15T17:06:43.604-0500][9.417s] GC(12)   Evacuate Collection Set: 40.3ms
[2024-05-15T17:06:43.604-0500][9.417s] GC(12)   Post Evacuate Collection Set: 2.6ms
[2024-05-15T17:06:43.604-0500][9.417s] GC(12)   Other: 0.2ms
[2024-05-15T17:06:43.604-0500][9.417s] GC(12) Eden regions: 59->0(85)
[2024-05-15T17:06:43.604-0500][9.417s] GC(12) Survivor regions: 9->9(13)
[2024-05-15T17:06:43.604-0500][9.417s] GC(12) Old regions: 16->19
[2024-05-15T17:06:43.604-0500][9.417s] GC(12) Humongous regions: 4->4
[2024-05-15T17:06:43.604-0500][9.417s] GC(12) Metaspace: 41390K(42880K)->41390K(42880K) NonClass: 36284K(37120K)->36284K(37120K) Class: 5105K(5760K)->5105K(5760K)
[2024-05-15T17:06:43.604-0500][9.417s] GC(12) Pause Young (Concurrent Start) (Metadata GC Threshold) 88M->31M(512M) 43.327ms
[2024-05-15T17:06:43.604-0500][9.417s] GC(12) User=0.04s Sys=0.00s Real=0.05s
[2024-05-15T17:06:43.604-0500][9.418s] GC(13) Concurrent Cycle
[2024-05-15T17:06:43.604-0500][9.418s] GC(13) Concurrent Clear Claimed Marks
[2024-05-15T17:06:43.604-0500][9.418s] GC(13) Concurrent Clear Claimed Marks 0.122ms
[2024-05-15T17:06:43.605-0500][9.418s] GC(13) Concurrent Scan Root Regions
[2024-05-15T17:06:43.624-0500][9.437s] GC(13) Concurrent Scan Root Regions 19.751ms
[2024-05-15T17:06:43.624-0500][9.437s] GC(13) Concurrent Mark (9.437s)
[2024-05-15T17:06:43.624-0500][9.437s] GC(13) Concurrent Mark From Roots
[2024-05-15T17:06:43.624-0500][9.437s] GC(13) Using 1 workers of 1 for marking
[2024-05-15T17:06:43.740-0500][9.553s] GC(13) Concurrent Mark From Roots 115.871ms
[2024-05-15T17:06:43.740-0500][9.553s] GC(13) Concurrent Preclean
[2024-05-15T17:06:43.740-0500][9.553s] GC(13) Concurrent Preclean 0.066ms
[2024-05-15T17:06:43.740-0500][9.553s] GC(13) Concurrent Mark (9.437s, 9.553s) 115.994ms
[2024-05-15T17:06:43.740-0500][9.554s] GC(13) Pause Remark
[2024-05-15T17:06:43.763-0500][9.576s] GC(13) Cleaned string and symbol table, strings: 21548 processed, 0 removed, symbols: 121236 processed, 60 removed
[2024-05-15T17:06:43.763-0500][9.576s] GC(13) Pause Remark 35M->35M(512M) 22.490ms
[2024-05-15T17:06:43.763-0500][9.576s] GC(13) User=0.03s Sys=0.00s Real=0.03s
[2024-05-15T17:06:43.764-0500][9.577s] GC(13) Concurrent Rebuild Remembered Sets
[2024-05-15T17:06:43.817-0500][9.630s] GC(13) Concurrent Rebuild Remembered Sets 53.114ms
[2024-05-15T17:06:43.817-0500][9.630s] GC(13) Pause Cleanup
[2024-05-15T17:06:43.817-0500][9.630s] GC(13) Pause Cleanup 36M->36M(512M) 0.113ms
[2024-05-15T17:06:43.817-0500][9.630s] GC(13) User=0.00s Sys=0.00s Real=0.00s
[2024-05-15T17:06:43.817-0500][9.630s] GC(13) Concurrent Cleanup for Next Mark
[2024-05-15T17:06:43.820-0500][9.634s] GC(13) Concurrent Cleanup for Next Mark 3.376ms
[2024-05-15T17:06:43.821-0500][9.634s] GC(13) Concurrent Cycle 216.146ms
[2024-05-15T17:10:54.975-0500][260.788s] Heap
[2024-05-15T17:10:54.975-0500][260.788s]  garbage-first heap   total 524288K, used 68612K [0x00000000e0000000, 0x0000000100000000)
[2024-05-15T17:10:54.975-0500][260.788s]   region size 1024K, 46 young (47104K), 9 survivors (9216K)
[2024-05-15T17:10:54.975-0500][260.788s]  Metaspace       used 43620K, capacity 45142K, committed 45184K, reserved 1089536K
[2024-05-15T17:10:54.975-0500][260.788s]   class space    used 5411K, capacity 6015K, committed 6016K, reserved 1048576K
