[2024-05-17T14:13:26.704-0500][0.016s] Heap region size: 1M
[2024-05-17T14:13:26.943-0500][0.254s] Using G1
[2024-05-17T14:13:26.943-0500][0.254s] Heap address: 0x00000000e0000000, size: 512 MB, Compressed Oops mode: 32-bit
[2024-05-17T14:13:28.428-0500][1.739s] GC(0) Pause Young (Normal) (G1 Evacuation Pause)
[2024-05-17T14:13:28.428-0500][1.739s] GC(0) Using 1 workers of 1 for evacuation
[2024-05-17T14:13:28.436-0500][1.748s] GC(0)   Pre Evacuate Collection Set: 0.0ms
[2024-05-17T14:13:28.436-0500][1.748s] GC(0)   Evacuate Collection Set: 7.8ms
[2024-05-17T14:13:28.436-0500][1.748s] GC(0)   Post Evacuate Collection Set: 0.2ms
[2024-05-17T14:13:28.436-0500][1.748s] GC(0)   Other: 0.1ms
[2024-05-17T14:13:28.436-0500][1.748s] GC(0) Eden regions: 25->0(21)
[2024-05-17T14:13:28.436-0500][1.748s] GC(0) Survivor regions: 0->4(4)
[2024-05-17T14:13:28.436-0500][1.748s] GC(0) Old regions: 0->0
[2024-05-17T14:13:28.436-0500][1.748s] GC(0) Humongous regions: 0->0
[2024-05-17T14:13:28.436-0500][1.748s] GC(0) Metaspace: 6391K(7808K)->6391K(7808K) NonClass: 5666K(6912K)->5666K(6912K) Class: 724K(896K)->724K(896K)
[2024-05-17T14:13:28.436-0500][1.748s] GC(0) Pause Young (Normal) (G1 Evacuation Pause) 25M->3M(512M) 8.284ms
[2024-05-17T14:13:28.436-0500][1.748s] GC(0) User=0.01s Sys=0.00s Real=0.01s
[2024-05-17T14:13:29.457-0500][2.768s] GC(1) Pause Young (Normal) (G1 Evacuation Pause)
[2024-05-17T14:13:29.457-0500][2.768s] GC(1) Using 1 workers of 1 for evacuation
[2024-05-17T14:13:29.488-0500][2.799s] GC(1)   Pre Evacuate Collection Set: 0.0ms
[2024-05-17T14:13:29.488-0500][2.799s] GC(1)   Evacuate Collection Set: 30.4ms
[2024-05-17T14:13:29.488-0500][2.799s] GC(1)   Post Evacuate Collection Set: 0.2ms
[2024-05-17T14:13:29.488-0500][2.799s] GC(1)   Other: 0.1ms
[2024-05-17T14:13:29.488-0500][2.799s] GC(1) Eden regions: 21->0(21)
[2024-05-17T14:13:29.488-0500][2.799s] GC(1) Survivor regions: 4->4(4)
[2024-05-17T14:13:29.488-0500][2.799s] GC(1) Old regions: 0->3
[2024-05-17T14:13:29.488-0500][2.799s] GC(1) Humongous regions: 4->4
[2024-05-17T14:13:29.488-0500][2.799s] GC(1) Metaspace: 11645K(12416K)->11645K(12416K) NonClass: 10261K(10752K)->10261K(10752K) Class: 1384K(1664K)->1384K(1664K)
[2024-05-17T14:13:29.488-0500][2.799s] GC(1) Pause Young (Normal) (G1 Evacuation Pause) 28M->10M(512M) 30.912ms
[2024-05-17T14:13:29.488-0500][2.799s] GC(1) User=0.03s Sys=0.00s Real=0.03s
[2024-05-17T14:13:30.364-0500][3.675s] GC(2) Pause Young (Normal) (G1 Evacuation Pause)
[2024-05-17T14:13:30.364-0500][3.675s] GC(2) Using 1 workers of 1 for evacuation
[2024-05-17T14:13:30.390-0500][3.701s] GC(2)   Pre Evacuate Collection Set: 0.0ms
[2024-05-17T14:13:30.390-0500][3.701s] GC(2)   Evacuate Collection Set: 26.1ms
[2024-05-17T14:13:30.390-0500][3.701s] GC(2)   Post Evacuate Collection Set: 0.2ms
[2024-05-17T14:13:30.390-0500][3.701s] GC(2)   Other: 0.1ms
[2024-05-17T14:13:30.390-0500][3.701s] GC(2) Eden regions: 21->0(21)
[2024-05-17T14:13:30.390-0500][3.701s] GC(2) Survivor regions: 4->4(4)
[2024-05-17T14:13:30.390-0500][3.701s] GC(2) Old regions: 3->10
[2024-05-17T14:13:30.390-0500][3.701s] GC(2) Humongous regions: 4->4
[2024-05-17T14:13:30.390-0500][3.701s] GC(2) Metaspace: 17697K(18560K)->17697K(18560K) NonClass: 15613K(16128K)->15613K(16128K) Class: 2084K(2432K)->2084K(2432K)
[2024-05-17T14:13:30.390-0500][3.701s] GC(2) Pause Young (Normal) (G1 Evacuation Pause) 31M->17M(512M) 26.606ms
[2024-05-17T14:13:30.390-0500][3.702s] GC(2) User=0.03s Sys=0.00s Real=0.02s
[2024-05-17T14:13:30.927-0500][4.239s] GC(3) Pause Young (Normal) (G1 Evacuation Pause)
[2024-05-17T14:13:30.928-0500][4.239s] GC(3) Using 1 workers of 1 for evacuation
[2024-05-17T14:13:30.952-0500][4.263s] GC(3)   Pre Evacuate Collection Set: 0.0ms
[2024-05-17T14:13:30.952-0500][4.263s] GC(3)   Evacuate Collection Set: 23.7ms
[2024-05-17T14:13:30.952-0500][4.263s] GC(3)   Post Evacuate Collection Set: 0.3ms
[2024-05-17T14:13:30.952-0500][4.263s] GC(3)   Other: 0.1ms
[2024-05-17T14:13:30.952-0500][4.263s] GC(3) Eden regions: 21->0(23)
[2024-05-17T14:13:30.952-0500][4.263s] GC(3) Survivor regions: 4->2(4)
[2024-05-17T14:13:30.952-0500][4.263s] GC(3) Old regions: 10->14
[2024-05-17T14:13:30.952-0500][4.263s] GC(3) Humongous regions: 4->4
[2024-05-17T14:13:30.952-0500][4.263s] GC(3) Metaspace: 19883K(20864K)->19883K(20864K) NonClass: 17529K(18176K)->17529K(18176K) Class: 2353K(2688K)->2353K(2688K)
[2024-05-17T14:13:30.952-0500][4.263s] GC(3) Pause Young (Normal) (G1 Evacuation Pause) 38M->19M(512M) 24.275ms
[2024-05-17T14:13:30.952-0500][4.263s] GC(3) User=0.03s Sys=0.00s Real=0.03s
[2024-05-17T14:13:31.163-0500][4.474s] GC(4) Pause Young (Normal) (G1 Evacuation Pause)
[2024-05-17T14:13:31.163-0500][4.474s] GC(4) Using 1 workers of 1 for evacuation
[2024-05-17T14:13:31.169-0500][4.480s] GC(4)   Pre Evacuate Collection Set: 0.0ms
[2024-05-17T14:13:31.169-0500][4.480s] GC(4)   Evacuate Collection Set: 5.3ms
[2024-05-17T14:13:31.169-0500][4.480s] GC(4)   Post Evacuate Collection Set: 0.2ms
[2024-05-17T14:13:31.169-0500][4.480s] GC(4)   Other: 0.1ms
[2024-05-17T14:13:31.169-0500][4.480s] GC(4) Eden regions: 23->0(28)
[2024-05-17T14:13:31.169-0500][4.480s] GC(4) Survivor regions: 2->3(4)
[2024-05-17T14:13:31.169-0500][4.480s] GC(4) Old regions: 14->14
[2024-05-17T14:13:31.169-0500][4.480s] GC(4) Humongous regions: 4->4
[2024-05-17T14:13:31.169-0500][4.480s] GC(4) Metaspace: 19961K(21120K)->19961K(21120K) NonClass: 17606K(18432K)->17606K(18432K) Class: 2354K(2688K)->2354K(2688K)
[2024-05-17T14:13:31.169-0500][4.480s] GC(4) Pause Young (Normal) (G1 Evacuation Pause) 42M->20M(512M) 5.669ms
[2024-05-17T14:13:31.169-0500][4.480s] GC(4) User=0.00s Sys=0.00s Real=0.00s
[2024-05-17T14:13:31.367-0500][4.678s] GC(5) Pause Young (Normal) (G1 Evacuation Pause)
[2024-05-17T14:13:31.367-0500][4.678s] GC(5) Using 1 workers of 1 for evacuation
[2024-05-17T14:13:31.378-0500][4.689s] GC(5)   Pre Evacuate Collection Set: 0.0ms
[2024-05-17T14:13:31.378-0500][4.689s] GC(5)   Evacuate Collection Set: 10.3ms
[2024-05-17T14:13:31.378-0500][4.689s] GC(5)   Post Evacuate Collection Set: 0.2ms
[2024-05-17T14:13:31.378-0500][4.689s] GC(5)   Other: 0.1ms
[2024-05-17T14:13:31.378-0500][4.689s] GC(5) Eden regions: 28->0(34)
[2024-05-17T14:13:31.378-0500][4.689s] GC(5) Survivor regions: 3->4(4)
[2024-05-17T14:13:31.378-0500][4.689s] GC(5) Old regions: 14->15
[2024-05-17T14:13:31.378-0500][4.689s] GC(5) Humongous regions: 4->4
[2024-05-17T14:13:31.378-0500][4.689s] GC(5) Metaspace: 20025K(21120K)->20025K(21120K) NonClass: 17668K(18432K)->17668K(18432K) Class: 2356K(2688K)->2356K(2688K)
[2024-05-17T14:13:31.378-0500][4.689s] GC(5) Pause Young (Normal) (G1 Evacuation Pause) 48M->22M(512M) 10.778ms
[2024-05-17T14:13:31.378-0500][4.689s] GC(5) User=0.01s Sys=0.00s Real=0.01s
[2024-05-17T14:13:31.652-0500][4.963s] GC(6) Pause Young (Concurrent Start) (Metadata GC Threshold)
[2024-05-17T14:13:31.652-0500][4.963s] GC(6) Using 1 workers of 1 for evacuation
[2024-05-17T14:13:31.660-0500][4.971s] GC(6)   Pre Evacuate Collection Set: 0.1ms
[2024-05-17T14:13:31.660-0500][4.971s] GC(6)   Evacuate Collection Set: 3.6ms
[2024-05-17T14:13:31.660-0500][4.971s] GC(6)   Post Evacuate Collection Set: 3.6ms
[2024-05-17T14:13:31.660-0500][4.971s] GC(6)   Other: 0.2ms
[2024-05-17T14:13:31.660-0500][4.971s] GC(6) Eden regions: 25->0(36)
[2024-05-17T14:13:31.660-0500][4.971s] GC(6) Survivor regions: 4->3(5)
[2024-05-17T14:13:31.660-0500][4.971s] GC(6) Old regions: 15->17
[2024-05-17T14:13:31.660-0500][4.971s] GC(6) Humongous regions: 4->4
[2024-05-17T14:13:31.660-0500][4.971s] GC(6) Metaspace: 20379K(21296K)->20379K(21296K) NonClass: 17986K(18608K)->17986K(18608K) Class: 2393K(2688K)->2393K(2688K)
[2024-05-17T14:13:31.660-0500][4.971s] GC(6) Pause Young (Concurrent Start) (Metadata GC Threshold) 46M->23M(512M) 7.656ms
[2024-05-17T14:13:31.660-0500][4.971s] GC(6) User=0.00s Sys=0.00s Real=0.00s
[2024-05-17T14:13:31.660-0500][4.971s] GC(7) Concurrent Cycle
[2024-05-17T14:13:31.660-0500][4.971s] GC(7) Concurrent Clear Claimed Marks
[2024-05-17T14:13:31.660-0500][4.971s] GC(7) Concurrent Clear Claimed Marks 0.029ms
[2024-05-17T14:13:31.660-0500][4.971s] GC(7) Concurrent Scan Root Regions
[2024-05-17T14:13:31.660-0500][4.972s] GC(7) Concurrent Scan Root Regions 0.437ms
[2024-05-17T14:13:31.660-0500][4.972s] GC(7) Concurrent Mark (4.972s)
[2024-05-17T14:13:31.660-0500][4.972s] GC(7) Concurrent Mark From Roots
[2024-05-17T14:13:31.660-0500][4.972s] GC(7) Using 1 workers of 1 for marking
[2024-05-17T14:13:31.782-0500][5.093s] GC(7) Concurrent Mark From Roots 121.531ms
[2024-05-17T14:13:31.782-0500][5.093s] GC(7) Concurrent Preclean
[2024-05-17T14:13:31.782-0500][5.093s] GC(7) Concurrent Preclean 0.062ms
[2024-05-17T14:13:31.782-0500][5.093s] GC(7) Concurrent Mark (4.972s, 5.093s) 121.651ms
[2024-05-17T14:13:31.785-0500][5.096s] GC(7) Pause Remark
[2024-05-17T14:13:31.808-0500][5.119s] GC(7) Cleaned string and symbol table, strings: 13348 processed, 23 removed, symbols: 55090 processed, 38 removed
[2024-05-17T14:13:31.809-0500][5.120s] GC(7) Pause Remark 25M->25M(512M) 23.783ms
[2024-05-17T14:13:31.809-0500][5.120s] GC(7) User=0.02s Sys=0.00s Real=0.02s
[2024-05-17T14:13:31.809-0500][5.120s] GC(7) Concurrent Rebuild Remembered Sets
[2024-05-17T14:13:31.898-0500][5.209s] GC(7) Concurrent Rebuild Remembered Sets 89.017ms
[2024-05-17T14:13:31.900-0500][5.211s] GC(7) Pause Cleanup
[2024-05-17T14:13:31.900-0500][5.211s] GC(7) Pause Cleanup 26M->26M(512M) 0.201ms
[2024-05-17T14:13:31.900-0500][5.211s] GC(7) User=0.00s Sys=0.00s Real=0.00s
[2024-05-17T14:13:31.900-0500][5.212s] GC(7) Concurrent Cleanup for Next Mark
[2024-05-17T14:13:31.904-0500][5.216s] GC(7) Concurrent Cleanup for Next Mark 3.989ms
[2024-05-17T14:13:31.904-0500][5.216s] GC(7) Concurrent Cycle 244.423ms
[2024-05-17T14:13:32.512-0500][5.823s] GC(8) Pause Young (Concurrent Start) (G1 Evacuation Pause)
[2024-05-17T14:13:32.512-0500][5.823s] GC(8) Using 1 workers of 1 for evacuation
[2024-05-17T14:13:32.520-0500][5.831s] GC(8)   Pre Evacuate Collection Set: 0.0ms
[2024-05-17T14:13:32.520-0500][5.831s] GC(8)   Evacuate Collection Set: 7.6ms
[2024-05-17T14:13:32.520-0500][5.831s] GC(8)   Post Evacuate Collection Set: 0.2ms
[2024-05-17T14:13:32.520-0500][5.831s] GC(8)   Other: 0.2ms
[2024-05-17T14:13:32.520-0500][5.831s] GC(8) Eden regions: 38->0(49)
[2024-05-17T14:13:32.520-0500][5.831s] GC(8) Survivor regions: 3->4(6)
[2024-05-17T14:13:32.520-0500][5.831s] GC(8) Old regions: 17->17
[2024-05-17T14:13:32.520-0500][5.831s] GC(8) Humongous regions: 4->4
[2024-05-17T14:13:32.520-0500][5.831s] GC(8) Metaspace: 23855K(25032K)->23855K(25032K) NonClass: 21016K(21680K)->21016K(21680K) Class: 2839K(3352K)->2839K(3352K)
[2024-05-17T14:13:32.520-0500][5.831s] GC(8) Pause Young (Concurrent Start) (G1 Evacuation Pause) 61M->24M(512M) 8.241ms
[2024-05-17T14:13:32.520-0500][5.831s] GC(8) User=0.01s Sys=0.00s Real=0.00s
[2024-05-17T14:13:32.520-0500][5.831s] GC(9) Concurrent Cycle
[2024-05-17T14:13:32.520-0500][5.831s] GC(9) Concurrent Clear Claimed Marks
[2024-05-17T14:13:32.520-0500][5.831s] GC(9) Concurrent Clear Claimed Marks 0.037ms
[2024-05-17T14:13:32.520-0500][5.831s] GC(9) Concurrent Scan Root Regions
[2024-05-17T14:13:32.522-0500][5.833s] GC(9) Concurrent Scan Root Regions 1.337ms
[2024-05-17T14:13:32.522-0500][5.833s] GC(9) Concurrent Mark (5.833s)
[2024-05-17T14:13:32.522-0500][5.833s] GC(9) Concurrent Mark From Roots
[2024-05-17T14:13:32.522-0500][5.833s] GC(9) Using 1 workers of 1 for marking
[2024-05-17T14:13:32.615-0500][5.926s] GC(9) Concurrent Mark From Roots 93.330ms
[2024-05-17T14:13:32.615-0500][5.926s] GC(9) Concurrent Preclean
[2024-05-17T14:13:32.615-0500][5.926s] GC(9) Concurrent Preclean 0.050ms
[2024-05-17T14:13:32.615-0500][5.926s] GC(9) Concurrent Mark (5.833s, 5.926s) 93.445ms
[2024-05-17T14:13:32.615-0500][5.926s] GC(9) Pause Remark
[2024-05-17T14:13:32.625-0500][5.936s] GC(9) Cleaned string and symbol table, strings: 14604 processed, 2 removed, symbols: 66384 processed, 16 removed
[2024-05-17T14:13:32.625-0500][5.936s] GC(9) Pause Remark 29M->29M(512M) 9.471ms
[2024-05-17T14:13:32.625-0500][5.936s] GC(9) User=0.00s Sys=0.00s Real=0.01s
[2024-05-17T14:13:32.625-0500][5.936s] GC(9) Concurrent Rebuild Remembered Sets
[2024-05-17T14:13:32.681-0500][5.992s] GC(9) Concurrent Rebuild Remembered Sets 55.798ms
[2024-05-17T14:13:32.681-0500][5.992s] GC(9) Pause Cleanup
[2024-05-17T14:13:32.681-0500][5.992s] GC(9) Pause Cleanup 32M->32M(512M) 0.105ms
[2024-05-17T14:13:32.681-0500][5.992s] GC(9) User=0.00s Sys=0.00s Real=0.00s
[2024-05-17T14:13:32.681-0500][5.992s] GC(9) Concurrent Cleanup for Next Mark
[2024-05-17T14:13:32.682-0500][5.994s] GC(9) Concurrent Cleanup for Next Mark 1.356ms
[2024-05-17T14:13:32.682-0500][5.994s] GC(9) Concurrent Cycle 162.303ms
[2024-05-17T14:13:33.914-0500][7.225s] GC(10) Pause Young (Normal) (G1 Evacuation Pause)
[2024-05-17T14:13:33.914-0500][7.225s] GC(10) Using 1 workers of 1 for evacuation
[2024-05-17T14:13:33.930-0500][7.242s] GC(10)   Pre Evacuate Collection Set: 0.0ms
[2024-05-17T14:13:33.930-0500][7.242s] GC(10)   Evacuate Collection Set: 12.5ms
[2024-05-17T14:13:33.930-0500][7.242s] GC(10)   Post Evacuate Collection Set: 3.5ms
[2024-05-17T14:13:33.930-0500][7.242s] GC(10)   Other: 0.1ms
[2024-05-17T14:13:33.930-0500][7.242s] GC(10) Eden regions: 48->0(66)
[2024-05-17T14:13:33.931-0500][7.242s] GC(10) Survivor regions: 4->2(7)
[2024-05-17T14:13:33.931-0500][7.242s] GC(10) Old regions: 17->19
[2024-05-17T14:13:33.931-0500][7.242s] GC(10) Humongous regions: 4->4
[2024-05-17T14:13:33.931-0500][7.242s] GC(10) Metaspace: 27081K(28232K)->27081K(28232K) NonClass: 23794K(24496K)->23794K(24496K) Class: 3286K(3736K)->3286K(3736K)
[2024-05-17T14:13:33.931-0500][7.242s] GC(10) Pause Young (Normal) (G1 Evacuation Pause) 72M->24M(512M) 16.337ms
[2024-05-17T14:13:33.931-0500][7.242s] GC(10) User=0.02s Sys=0.00s Real=0.01s
[2024-05-17T14:13:35.301-0500][8.612s] GC(11) Pause Young (Normal) (G1 Evacuation Pause)
[2024-05-17T14:13:35.301-0500][8.612s] GC(11) Using 1 workers of 1 for evacuation
[2024-05-17T14:13:35.332-0500][8.643s] GC(11)   Pre Evacuate Collection Set: 0.0ms
[2024-05-17T14:13:35.332-0500][8.643s] GC(11)   Evacuate Collection Set: 27.4ms
[2024-05-17T14:13:35.332-0500][8.643s] GC(11)   Post Evacuate Collection Set: 3.6ms
[2024-05-17T14:13:35.332-0500][8.643s] GC(11)   Other: 0.2ms
[2024-05-17T14:13:35.332-0500][8.643s] GC(11) Eden regions: 66->0(85)
[2024-05-17T14:13:35.332-0500][8.643s] GC(11) Survivor regions: 2->6(9)
[2024-05-17T14:13:35.332-0500][8.643s] GC(11) Old regions: 19->19
[2024-05-17T14:13:35.332-0500][8.643s] GC(11) Humongous regions: 4->4
[2024-05-17T14:13:35.332-0500][8.643s] GC(11) Metaspace: 35921K(37320K)->35921K(37320K) NonClass: 31603K(32432K)->31603K(32432K) Class: 4317K(4888K)->4317K(4888K)
[2024-05-17T14:13:35.332-0500][8.643s] GC(11) Pause Young (Normal) (G1 Evacuation Pause) 90M->28M(512M) 31.351ms
[2024-05-17T14:13:35.332-0500][8.643s] GC(11) User=0.03s Sys=0.00s Real=0.04s
[2024-05-17T14:13:36.513-0500][9.825s] GC(12) Pause Young (Concurrent Start) (Metadata GC Threshold)
[2024-05-17T14:13:36.513-0500][9.825s] GC(12) Using 1 workers of 1 for evacuation
[2024-05-17T14:13:36.556-0500][9.867s] GC(12)   Pre Evacuate Collection Set: 0.1ms
[2024-05-17T14:13:36.556-0500][9.867s] GC(12)   Evacuate Collection Set: 38.9ms
[2024-05-17T14:13:36.556-0500][9.867s] GC(12)   Post Evacuate Collection Set: 3.4ms
[2024-05-17T14:13:36.556-0500][9.867s] GC(12)   Other: 0.2ms
[2024-05-17T14:13:36.556-0500][9.867s] GC(12) Eden regions: 63->0(84)
[2024-05-17T14:13:36.556-0500][9.867s] GC(12) Survivor regions: 6->8(12)
[2024-05-17T14:13:36.556-0500][9.867s] GC(12) Old regions: 19->19
[2024-05-17T14:13:36.556-0500][9.867s] GC(12) Humongous regions: 4->4
[2024-05-17T14:13:36.556-0500][9.867s] GC(12) Metaspace: 40677K(42148K)->40677K(42148K) NonClass: 35682K(36492K)->35682K(36492K) Class: 4995K(5656K)->4995K(5656K)
[2024-05-17T14:13:36.556-0500][9.867s] GC(12) Pause Young (Concurrent Start) (Metadata GC Threshold) 91M->30M(512M) 42.710ms
[2024-05-17T14:13:36.556-0500][9.867s] GC(12) User=0.04s Sys=0.00s Real=0.04s
[2024-05-17T14:13:36.556-0500][9.868s] GC(13) Concurrent Cycle
[2024-05-17T14:13:36.556-0500][9.868s] GC(13) Concurrent Clear Claimed Marks
[2024-05-17T14:13:36.557-0500][9.868s] GC(13) Concurrent Clear Claimed Marks 0.123ms
[2024-05-17T14:13:36.557-0500][9.868s] GC(13) Concurrent Scan Root Regions
[2024-05-17T14:13:36.568-0500][9.879s] GC(13) Concurrent Scan Root Regions 11.640ms
[2024-05-17T14:13:36.568-0500][9.879s] GC(13) Concurrent Mark (9.879s)
[2024-05-17T14:13:36.568-0500][9.879s] GC(13) Concurrent Mark From Roots
[2024-05-17T14:13:36.568-0500][9.879s] GC(13) Using 1 workers of 1 for marking
[2024-05-17T14:13:36.671-0500][9.983s] GC(13) Concurrent Mark From Roots 103.136ms
[2024-05-17T14:13:36.671-0500][9.983s] GC(13) Concurrent Preclean
[2024-05-17T14:13:36.671-0500][9.983s] GC(13) Concurrent Preclean 0.069ms
[2024-05-17T14:13:36.671-0500][9.983s] GC(13) Concurrent Mark (9.879s, 9.983s) 103.263ms
[2024-05-17T14:13:36.672-0500][9.983s] GC(13) Pause Remark
[2024-05-17T14:13:36.690-0500][10.002s] GC(13) Cleaned string and symbol table, strings: 21269 processed, 0 removed, symbols: 119913 processed, 62 removed
[2024-05-17T14:13:36.692-0500][10.003s] GC(13) Pause Remark 34M->34M(512M) 20.277ms
[2024-05-17T14:13:36.692-0500][10.003s] GC(13) User=0.02s Sys=0.00s Real=0.02s
[2024-05-17T14:13:36.692-0500][10.003s] GC(13) Concurrent Rebuild Remembered Sets
[2024-05-17T14:13:36.756-0500][10.067s] GC(13) Concurrent Rebuild Remembered Sets 63.826ms
[2024-05-17T14:13:36.756-0500][10.067s] GC(13) Pause Cleanup
[2024-05-17T14:13:36.756-0500][10.067s] GC(13) Pause Cleanup 35M->35M(512M) 0.108ms
[2024-05-17T14:13:36.756-0500][10.067s] GC(13) User=0.00s Sys=0.00s Real=0.00s
[2024-05-17T14:13:36.756-0500][10.067s] GC(13) Concurrent Cleanup for Next Mark
[2024-05-17T14:13:36.760-0500][10.071s] GC(13) Concurrent Cleanup for Next Mark 3.932ms
[2024-05-17T14:13:36.760-0500][10.071s] GC(13) Concurrent Cycle 203.805ms
[2024-05-17T14:21:09.206-0500][462.517s] GC(14) Pause Young (Normal) (G1 Evacuation Pause)
[2024-05-17T14:21:09.206-0500][462.517s] GC(14) Using 1 workers of 1 for evacuation
[2024-05-17T14:21:09.257-0500][462.568s] GC(14)   Pre Evacuate Collection Set: 0.2ms
[2024-05-17T14:21:09.257-0500][462.568s] GC(14)   Evacuate Collection Set: 50.1ms
[2024-05-17T14:21:09.257-0500][462.568s] GC(14)   Post Evacuate Collection Set: 0.5ms
[2024-05-17T14:21:09.257-0500][462.568s] GC(14)   Other: 0.2ms
[2024-05-17T14:21:09.257-0500][462.568s] GC(14) Eden regions: 86->0(111)
[2024-05-17T14:21:09.257-0500][462.568s] GC(14) Survivor regions: 8->9(12)
[2024-05-17T14:21:09.257-0500][462.568s] GC(14) Old regions: 19->21
[2024-05-17T14:21:09.257-0500][462.568s] GC(14) Humongous regions: 4->4
[2024-05-17T14:21:09.257-0500][462.568s] GC(14) Metaspace: 46895K(48676K)->46895K(48676K) NonClass: 41088K(42124K)->41088K(42124K) Class: 5807K(6552K)->5807K(6552K)
[2024-05-17T14:21:09.257-0500][462.568s] GC(14) Pause Young (Normal) (G1 Evacuation Pause) 116M->33M(512M) 51.093ms
[2024-05-17T14:21:09.257-0500][462.568s] GC(14) User=0.04s Sys=0.00s Real=0.05s
[2024-05-17T14:21:09.319-0500][462.630s] Heap
[2024-05-17T14:21:09.319-0500][462.630s]  garbage-first heap   total 524288K, used 41542K [0x00000000e0000000, 0x0000000100000000)
[2024-05-17T14:21:09.319-0500][462.630s]   region size 1024K, 17 young (17408K), 9 survivors (9216K)
[2024-05-17T14:21:09.319-0500][462.630s]  Metaspace       used 46986K, capacity 48644K, committed 48932K, reserved 1091584K
[2024-05-17T14:21:09.319-0500][462.630s]   class space    used 5818K, capacity 6503K, committed 6552K, reserved 1048576K
