[2024-05-15T16:59:08.559-0500][0.007s] Heap region size: 1M
[2024-05-15T16:59:08.666-0500][0.114s] Using G1
[2024-05-15T16:59:08.666-0500][0.114s] Heap address: 0x00000000e0000000, size: 512 MB, Compressed Oops mode: 32-bit
[2024-05-15T16:59:10.030-0500][1.478s] GC(0) Pause Young (Normal) (G1 Evacuation Pause)
[2024-05-15T16:59:10.031-0500][1.478s] GC(0) Using 1 workers of 1 for evacuation
[2024-05-15T16:59:10.041-0500][1.489s] GC(0)   Pre Evacuate Collection Set: 0.0ms
[2024-05-15T16:59:10.041-0500][1.489s] GC(0)   Evacuate Collection Set: 10.2ms
[2024-05-15T16:59:10.041-0500][1.489s] GC(0)   Post Evacuate Collection Set: 0.2ms
[2024-05-15T16:59:10.041-0500][1.489s] GC(0)   Other: 0.2ms
[2024-05-15T16:59:10.041-0500][1.489s] GC(0) Eden regions: 25->0(21)
[2024-05-15T16:59:10.041-0500][1.489s] GC(0) Survivor regions: 0->4(4)
[2024-05-15T16:59:10.041-0500][1.489s] GC(0) Old regions: 0->0
[2024-05-15T16:59:10.041-0500][1.489s] GC(0) Humongous regions: 0->0
[2024-05-15T16:59:10.041-0500][1.489s] GC(0) Metaspace: 6384K(7808K)->6384K(7808K) NonClass: 5662K(6912K)->5662K(6912K) Class: 722K(896K)->722K(896K)
[2024-05-15T16:59:10.041-0500][1.489s] GC(0) Pause Young (Normal) (G1 Evacuation Pause) 25M->3M(512M) 10.656ms
[2024-05-15T16:59:10.041-0500][1.489s] GC(0) User=0.01s Sys=0.00s Real=0.01s
[2024-05-15T16:59:10.959-0500][2.407s] GC(1) Pause Young (Normal) (G1 Evacuation Pause)
[2024-05-15T16:59:10.959-0500][2.407s] GC(1) Using 1 workers of 1 for evacuation
[2024-05-15T16:59:10.979-0500][2.426s] GC(1)   Pre Evacuate Collection Set: 0.0ms
[2024-05-15T16:59:10.979-0500][2.426s] GC(1)   Evacuate Collection Set: 18.8ms
[2024-05-15T16:59:10.979-0500][2.426s] GC(1)   Post Evacuate Collection Set: 0.2ms
[2024-05-15T16:59:10.979-0500][2.426s] GC(1)   Other: 0.1ms
[2024-05-15T16:59:10.979-0500][2.426s] GC(1) Eden regions: 21->0(21)
[2024-05-15T16:59:10.979-0500][2.426s] GC(1) Survivor regions: 4->4(4)
[2024-05-15T16:59:10.979-0500][2.426s] GC(1) Old regions: 0->3
[2024-05-15T16:59:10.979-0500][2.426s] GC(1) Humongous regions: 4->4
[2024-05-15T16:59:10.979-0500][2.426s] GC(1) Metaspace: 11670K(12416K)->11670K(12416K) NonClass: 10280K(10752K)->10280K(10752K) Class: 1390K(1664K)->1390K(1664K)
[2024-05-15T16:59:10.979-0500][2.427s] GC(1) Pause Young (Normal) (G1 Evacuation Pause) 28M->10M(512M) 19.249ms
[2024-05-15T16:59:10.979-0500][2.427s] GC(1) User=0.01s Sys=0.00s Real=0.02s
[2024-05-15T16:59:11.841-0500][3.288s] GC(2) Pause Young (Normal) (G1 Evacuation Pause)
[2024-05-15T16:59:11.841-0500][3.288s] GC(2) Using 1 workers of 1 for evacuation
[2024-05-15T16:59:11.866-0500][3.314s] GC(2)   Pre Evacuate Collection Set: 0.0ms
[2024-05-15T16:59:11.866-0500][3.314s] GC(2)   Evacuate Collection Set: 25.4ms
[2024-05-15T16:59:11.866-0500][3.314s] GC(2)   Post Evacuate Collection Set: 0.2ms
[2024-05-15T16:59:11.866-0500][3.314s] GC(2)   Other: 0.1ms
[2024-05-15T16:59:11.866-0500][3.314s] GC(2) Eden regions: 21->0(21)
[2024-05-15T16:59:11.866-0500][3.314s] GC(2) Survivor regions: 4->4(4)
[2024-05-15T16:59:11.866-0500][3.314s] GC(2) Old regions: 3->10
[2024-05-15T16:59:11.866-0500][3.314s] GC(2) Humongous regions: 4->4
[2024-05-15T16:59:11.866-0500][3.314s] GC(2) Metaspace: 17793K(18816K)->17793K(18816K) NonClass: 15698K(16384K)->15698K(16384K) Class: 2094K(2432K)->2094K(2432K)
[2024-05-15T16:59:11.866-0500][3.314s] GC(2) Pause Young (Normal) (G1 Evacuation Pause) 31M->17M(512M) 25.886ms
[2024-05-15T16:59:11.866-0500][3.314s] GC(2) User=0.02s Sys=0.00s Real=0.03s
[2024-05-15T16:59:12.342-0500][3.790s] GC(3) Pause Young (Normal) (G1 Evacuation Pause)
[2024-05-15T16:59:12.342-0500][3.790s] GC(3) Using 1 workers of 1 for evacuation
[2024-05-15T16:59:12.361-0500][3.809s] GC(3)   Pre Evacuate Collection Set: 0.0ms
[2024-05-15T16:59:12.361-0500][3.809s] GC(3)   Evacuate Collection Set: 19.0ms
[2024-05-15T16:59:12.361-0500][3.809s] GC(3)   Post Evacuate Collection Set: 0.2ms
[2024-05-15T16:59:12.361-0500][3.809s] GC(3)   Other: 0.1ms
[2024-05-15T16:59:12.361-0500][3.809s] GC(3) Eden regions: 21->0(23)
[2024-05-15T16:59:12.361-0500][3.809s] GC(3) Survivor regions: 4->2(4)
[2024-05-15T16:59:12.361-0500][3.809s] GC(3) Old regions: 10->14
[2024-05-15T16:59:12.361-0500][3.809s] GC(3) Humongous regions: 4->4
[2024-05-15T16:59:12.361-0500][3.809s] GC(3) Metaspace: 19807K(20864K)->19807K(20864K) NonClass: 17462K(18176K)->17462K(18176K) Class: 2345K(2688K)->2345K(2688K)
[2024-05-15T16:59:12.361-0500][3.809s] GC(3) Pause Young (Normal) (G1 Evacuation Pause) 38M->19M(512M) 19.472ms
[2024-05-15T16:59:12.361-0500][3.809s] GC(3) User=0.02s Sys=0.00s Real=0.01s
[2024-05-15T16:59:12.554-0500][4.002s] GC(4) Pause Young (Normal) (G1 Evacuation Pause)
[2024-05-15T16:59:12.554-0500][4.002s] GC(4) Using 1 workers of 1 for evacuation
[2024-05-15T16:59:12.561-0500][4.008s] GC(4)   Pre Evacuate Collection Set: 0.0ms
[2024-05-15T16:59:12.561-0500][4.008s] GC(4)   Evacuate Collection Set: 6.2ms
[2024-05-15T16:59:12.561-0500][4.008s] GC(4)   Post Evacuate Collection Set: 0.2ms
[2024-05-15T16:59:12.561-0500][4.008s] GC(4)   Other: 0.1ms
[2024-05-15T16:59:12.561-0500][4.008s] GC(4) Eden regions: 23->0(30)
[2024-05-15T16:59:12.561-0500][4.008s] GC(4) Survivor regions: 2->3(4)
[2024-05-15T16:59:12.561-0500][4.008s] GC(4) Old regions: 14->14
[2024-05-15T16:59:12.561-0500][4.009s] GC(4) Humongous regions: 4->4
[2024-05-15T16:59:12.561-0500][4.009s] GC(4) Metaspace: 19882K(20864K)->19882K(20864K) NonClass: 17536K(18176K)->17536K(18176K) Class: 2346K(2688K)->2346K(2688K)
[2024-05-15T16:59:12.561-0500][4.009s] GC(4) Pause Young (Normal) (G1 Evacuation Pause) 42M->19M(512M) 6.625ms
[2024-05-15T16:59:12.561-0500][4.009s] GC(4) User=0.00s Sys=0.00s Real=0.00s
[2024-05-15T16:59:12.757-0500][4.205s] GC(5) Pause Young (Normal) (G1 Evacuation Pause)
[2024-05-15T16:59:12.757-0500][4.205s] GC(5) Using 1 workers of 1 for evacuation
[2024-05-15T16:59:12.762-0500][4.210s] GC(5)   Pre Evacuate Collection Set: 0.0ms
[2024-05-15T16:59:12.762-0500][4.210s] GC(5)   Evacuate Collection Set: 5.3ms
[2024-05-15T16:59:12.762-0500][4.210s] GC(5)   Post Evacuate Collection Set: 0.2ms
[2024-05-15T16:59:12.762-0500][4.210s] GC(5)   Other: 0.1ms
[2024-05-15T16:59:12.762-0500][4.210s] GC(5) Eden regions: 30->0(36)
[2024-05-15T16:59:12.762-0500][4.210s] GC(5) Survivor regions: 3->5(5)
[2024-05-15T16:59:12.762-0500][4.210s] GC(5) Old regions: 14->14
[2024-05-15T16:59:12.762-0500][4.210s] GC(5) Humongous regions: 4->4
[2024-05-15T16:59:12.762-0500][4.210s] GC(5) Metaspace: 19941K(20864K)->19941K(20864K) NonClass: 17592K(18176K)->17592K(18176K) Class: 2348K(2688K)->2348K(2688K)
[2024-05-15T16:59:12.762-0500][4.210s] GC(5) Pause Young (Normal) (G1 Evacuation Pause) 49M->22M(512M) 5.698ms
[2024-05-15T16:59:12.762-0500][4.210s] GC(5) User=0.01s Sys=0.01s Real=0.01s
[2024-05-15T16:59:12.963-0500][4.411s] GC(6) Pause Young (Concurrent Start) (Metadata GC Threshold)
[2024-05-15T16:59:12.963-0500][4.411s] GC(6) Using 1 workers of 1 for evacuation
[2024-05-15T16:59:12.974-0500][4.422s] GC(6)   Pre Evacuate Collection Set: 0.1ms
[2024-05-15T16:59:12.974-0500][4.422s] GC(6)   Evacuate Collection Set: 6.6ms
[2024-05-15T16:59:12.974-0500][4.422s] GC(6)   Post Evacuate Collection Set: 4.0ms
[2024-05-15T16:59:12.974-0500][4.422s] GC(6)   Other: 0.2ms
[2024-05-15T16:59:12.974-0500][4.422s] GC(6) Eden regions: 23->0(37)
[2024-05-15T16:59:12.974-0500][4.422s] GC(6) Survivor regions: 5->3(6)
[2024-05-15T16:59:12.974-0500][4.422s] GC(6) Old regions: 14->16
[2024-05-15T16:59:12.974-0500][4.422s] GC(6) Humongous regions: 4->4
[2024-05-15T16:59:12.974-0500][4.422s] GC(6) Metaspace: 20353K(21296K)->20353K(21296K) NonClass: 17960K(18608K)->17960K(18608K) Class: 2392K(2688K)->2392K(2688K)
[2024-05-15T16:59:12.974-0500][4.422s] GC(6) Pause Young (Concurrent Start) (Metadata GC Threshold) 44M->22M(512M) 11.069ms
[2024-05-15T16:59:12.974-0500][4.422s] GC(6) User=0.01s Sys=0.00s Real=0.01s
[2024-05-15T16:59:12.974-0500][4.422s] GC(7) Concurrent Cycle
[2024-05-15T16:59:12.974-0500][4.422s] GC(7) Concurrent Clear Claimed Marks
[2024-05-15T16:59:12.974-0500][4.422s] GC(7) Concurrent Clear Claimed Marks 0.036ms
[2024-05-15T16:59:12.974-0500][4.422s] GC(7) Concurrent Scan Root Regions
[2024-05-15T16:59:12.975-0500][4.423s] GC(7) Concurrent Scan Root Regions 0.546ms
[2024-05-15T16:59:12.975-0500][4.423s] GC(7) Concurrent Mark (4.423s)
[2024-05-15T16:59:12.975-0500][4.423s] GC(7) Concurrent Mark From Roots
[2024-05-15T16:59:12.975-0500][4.423s] GC(7) Using 1 workers of 1 for marking
[2024-05-15T16:59:13.070-0500][4.518s] GC(7) Concurrent Mark From Roots 95.023ms
[2024-05-15T16:59:13.070-0500][4.518s] GC(7) Concurrent Preclean
[2024-05-15T16:59:13.070-0500][4.518s] GC(7) Concurrent Preclean 0.055ms
[2024-05-15T16:59:13.070-0500][4.518s] GC(7) Concurrent Mark (4.423s, 4.518s) 95.131ms
[2024-05-15T16:59:13.072-0500][4.519s] GC(7) Pause Remark
[2024-05-15T16:59:13.085-0500][4.533s] GC(7) Cleaned string and symbol table, strings: 13364 processed, 29 removed, symbols: 56132 processed, 37 removed
[2024-05-15T16:59:13.088-0500][4.536s] GC(7) Pause Remark 25M->25M(512M) 16.752ms
[2024-05-15T16:59:13.088-0500][4.536s] GC(7) User=0.02s Sys=0.00s Real=0.02s
[2024-05-15T16:59:13.088-0500][4.536s] GC(7) Concurrent Rebuild Remembered Sets
[2024-05-15T16:59:13.139-0500][4.587s] GC(7) Concurrent Rebuild Remembered Sets 50.819ms
[2024-05-15T16:59:13.140-0500][4.588s] GC(7) Pause Cleanup
[2024-05-15T16:59:13.140-0500][4.588s] GC(7) Pause Cleanup 26M->26M(512M) 0.124ms
[2024-05-15T16:59:13.140-0500][4.588s] GC(7) User=0.00s Sys=0.00s Real=0.00s
[2024-05-15T16:59:13.140-0500][4.588s] GC(7) Concurrent Cleanup for Next Mark
[2024-05-15T16:59:13.148-0500][4.596s] GC(7) Concurrent Cleanup for Next Mark 7.717ms
[2024-05-15T16:59:13.148-0500][4.596s] GC(7) Concurrent Cycle 173.643ms
[2024-05-15T16:59:13.658-0500][5.106s] GC(8) Pause Young (Concurrent Start) (G1 Evacuation Pause)
[2024-05-15T16:59:13.658-0500][5.106s] GC(8) Using 1 workers of 1 for evacuation
[2024-05-15T16:59:13.666-0500][5.114s] GC(8)   Pre Evacuate Collection Set: 0.0ms
[2024-05-15T16:59:13.666-0500][5.114s] GC(8)   Evacuate Collection Set: 7.4ms
[2024-05-15T16:59:13.666-0500][5.114s] GC(8)   Post Evacuate Collection Set: 0.2ms
[2024-05-15T16:59:13.666-0500][5.114s] GC(8)   Other: 0.2ms
[2024-05-15T16:59:13.666-0500][5.114s] GC(8) Eden regions: 37->0(48)
[2024-05-15T16:59:13.666-0500][5.114s] GC(8) Survivor regions: 3->2(5)
[2024-05-15T16:59:13.666-0500][5.114s] GC(8) Old regions: 16->19
[2024-05-15T16:59:13.666-0500][5.114s] GC(8) Humongous regions: 4->4
[2024-05-15T16:59:13.666-0500][5.114s] GC(8) Metaspace: 23745K(25088K)->23745K(25088K) NonClass: 20928K(21760K)->20928K(21760K) Class: 2816K(3328K)->2816K(3328K)
[2024-05-15T16:59:13.666-0500][5.114s] GC(8) Pause Young (Concurrent Start) (G1 Evacuation Pause) 59M->23M(512M) 7.922ms
[2024-05-15T16:59:13.666-0500][5.114s] GC(8) User=0.01s Sys=0.00s Real=0.01s
[2024-05-15T16:59:13.666-0500][5.114s] GC(9) Concurrent Cycle
[2024-05-15T16:59:13.666-0500][5.114s] GC(9) Concurrent Clear Claimed Marks
[2024-05-15T16:59:13.666-0500][5.114s] GC(9) Concurrent Clear Claimed Marks 0.027ms
[2024-05-15T16:59:13.666-0500][5.114s] GC(9) Concurrent Scan Root Regions
[2024-05-15T16:59:13.668-0500][5.115s] GC(9) Concurrent Scan Root Regions 1.493ms
[2024-05-15T16:59:13.668-0500][5.115s] GC(9) Concurrent Mark (5.115s)
[2024-05-15T16:59:13.668-0500][5.115s] GC(9) Concurrent Mark From Roots
[2024-05-15T16:59:13.668-0500][5.116s] GC(9) Using 1 workers of 1 for marking
[2024-05-15T16:59:13.762-0500][5.210s] GC(9) Concurrent Mark From Roots 94.593ms
[2024-05-15T16:59:13.762-0500][5.210s] GC(9) Concurrent Preclean
[2024-05-15T16:59:13.762-0500][5.210s] GC(9) Concurrent Preclean 0.052ms
[2024-05-15T16:59:13.762-0500][5.210s] GC(9) Concurrent Mark (5.115s, 5.210s) 94.699ms
[2024-05-15T16:59:13.765-0500][5.213s] GC(9) Pause Remark
[2024-05-15T16:59:13.771-0500][5.219s] GC(9) Cleaned string and symbol table, strings: 14635 processed, 3 removed, symbols: 66197 processed, 16 removed
[2024-05-15T16:59:13.774-0500][5.222s] GC(9) Pause Remark 29M->29M(512M) 9.038ms
[2024-05-15T16:59:13.774-0500][5.222s] GC(9) User=0.01s Sys=0.00s Real=0.01s
[2024-05-15T16:59:13.775-0500][5.223s] GC(9) Concurrent Rebuild Remembered Sets
[2024-05-15T16:59:13.826-0500][5.274s] GC(9) Concurrent Rebuild Remembered Sets 51.040ms
[2024-05-15T16:59:13.826-0500][5.274s] GC(9) Pause Cleanup
[2024-05-15T16:59:13.826-0500][5.274s] GC(9) Pause Cleanup 32M->32M(512M) 0.105ms
[2024-05-15T16:59:13.826-0500][5.274s] GC(9) User=0.00s Sys=0.00s Real=0.00s
[2024-05-15T16:59:13.826-0500][5.274s] GC(9) Concurrent Cleanup for Next Mark
[2024-05-15T16:59:13.830-0500][5.278s] GC(9) Concurrent Cleanup for Next Mark 3.666ms
[2024-05-15T16:59:13.830-0500][5.278s] GC(9) Concurrent Cycle 163.937ms
[2024-05-15T16:59:15.108-0500][6.556s] GC(10) Pause Young (Normal) (G1 Evacuation Pause)
[2024-05-15T16:59:15.108-0500][6.556s] GC(10) Using 1 workers of 1 for evacuation
[2024-05-15T16:59:15.122-0500][6.570s] GC(10)   Pre Evacuate Collection Set: 0.0ms
[2024-05-15T16:59:15.122-0500][6.570s] GC(10)   Evacuate Collection Set: 13.4ms
[2024-05-15T16:59:15.122-0500][6.570s] GC(10)   Post Evacuate Collection Set: 0.3ms
[2024-05-15T16:59:15.122-0500][6.570s] GC(10)   Other: 0.1ms
[2024-05-15T16:59:15.122-0500][6.570s] GC(10) Eden regions: 49->0(90)
[2024-05-15T16:59:15.122-0500][6.570s] GC(10) Survivor regions: 2->2(7)
[2024-05-15T16:59:15.122-0500][6.570s] GC(10) Old regions: 19->19
[2024-05-15T16:59:15.122-0500][6.570s] GC(10) Humongous regions: 4->4
[2024-05-15T16:59:15.122-0500][6.570s] GC(10) Metaspace: 26957K(28288K)->26957K(28288K) NonClass: 23692K(24576K)->23692K(24576K) Class: 3264K(3712K)->3264K(3712K)
[2024-05-15T16:59:15.122-0500][6.570s] GC(10) Pause Young (Normal) (G1 Evacuation Pause) 72M->24M(512M) 13.897ms
[2024-05-15T16:59:15.122-0500][6.570s] GC(10) User=0.01s Sys=0.00s Real=0.02s
[2024-05-15T16:59:16.871-0500][8.319s] GC(11) Pause Young (Normal) (G1 Evacuation Pause)
[2024-05-15T16:59:16.871-0500][8.319s] GC(11) Using 1 workers of 1 for evacuation
[2024-05-15T16:59:16.890-0500][8.337s] GC(11)   Pre Evacuate Collection Set: 0.0ms
[2024-05-15T16:59:16.890-0500][8.338s] GC(11)   Evacuate Collection Set: 18.0ms
[2024-05-15T16:59:16.890-0500][8.338s] GC(11)   Post Evacuate Collection Set: 0.3ms
[2024-05-15T16:59:16.890-0500][8.338s] GC(11)   Other: 0.2ms
[2024-05-15T16:59:16.890-0500][8.338s] GC(11) Eden regions: 90->0(109)
[2024-05-15T16:59:16.890-0500][8.338s] GC(11) Survivor regions: 2->7(12)
[2024-05-15T16:59:16.890-0500][8.338s] GC(11) Old regions: 19->19
[2024-05-15T16:59:16.890-0500][8.338s] GC(11) Humongous regions: 4->4
[2024-05-15T16:59:16.890-0500][8.338s] GC(11) Metaspace: 37257K(38656K)->37257K(38656K) NonClass: 32762K(33536K)->32762K(33536K) Class: 4495K(5120K)->4495K(5120K)
[2024-05-15T16:59:16.890-0500][8.338s] GC(11) Pause Young (Normal) (G1 Evacuation Pause) 114M->29M(512M) 18.689ms
[2024-05-15T16:59:16.890-0500][8.338s] GC(11) User=0.02s Sys=0.00s Real=0.02s
[2024-05-15T16:59:17.530-0500][8.978s] GC(12) Pause Young (Concurrent Start) (Metadata GC Threshold)
[2024-05-15T16:59:17.530-0500][8.978s] GC(12) Using 1 workers of 1 for evacuation
[2024-05-15T16:59:17.562-0500][9.010s] GC(12)   Pre Evacuate Collection Set: 0.1ms
[2024-05-15T16:59:17.563-0500][9.010s] GC(12)   Evacuate Collection Set: 32.2ms
[2024-05-15T16:59:17.563-0500][9.010s] GC(12)   Post Evacuate Collection Set: 0.3ms
[2024-05-15T16:59:17.563-0500][9.011s] GC(12)   Other: 0.2ms
[2024-05-15T16:59:17.563-0500][9.011s] GC(12) Eden regions: 36->0(100)
[2024-05-15T16:59:17.563-0500][9.011s] GC(12) Survivor regions: 7->8(15)
[2024-05-15T16:59:17.563-0500][9.011s] GC(12) Old regions: 19->19
[2024-05-15T16:59:17.563-0500][9.011s] GC(12) Humongous regions: 4->4
[2024-05-15T16:59:17.563-0500][9.011s] GC(12) Metaspace: 40311K(41816K)->40311K(41816K) NonClass: 35371K(36312K)->35371K(36312K) Class: 4939K(5504K)->4939K(5504K)
[2024-05-15T16:59:17.563-0500][9.011s] GC(12) Pause Young (Concurrent Start) (Metadata GC Threshold) 65M->29M(512M) 32.985ms
[2024-05-15T16:59:17.563-0500][9.011s] GC(12) User=0.03s Sys=0.01s Real=0.04s
[2024-05-15T16:59:17.563-0500][9.011s] GC(13) Concurrent Cycle
[2024-05-15T16:59:17.563-0500][9.011s] GC(13) Concurrent Clear Claimed Marks
[2024-05-15T16:59:17.563-0500][9.011s] GC(13) Concurrent Clear Claimed Marks 0.103ms
[2024-05-15T16:59:17.563-0500][9.011s] GC(13) Concurrent Scan Root Regions
[2024-05-15T16:59:17.575-0500][9.023s] GC(13) Concurrent Scan Root Regions 12.280ms
[2024-05-15T16:59:17.575-0500][9.023s] GC(13) Concurrent Mark (9.023s)
[2024-05-15T16:59:17.575-0500][9.023s] GC(13) Concurrent Mark From Roots
[2024-05-15T16:59:17.575-0500][9.023s] GC(13) Using 1 workers of 1 for marking
[2024-05-15T16:59:17.683-0500][9.131s] GC(13) Concurrent Mark From Roots 107.275ms
[2024-05-15T16:59:17.683-0500][9.131s] GC(13) Concurrent Preclean
[2024-05-15T16:59:17.683-0500][9.131s] GC(13) Concurrent Preclean 0.053ms
[2024-05-15T16:59:17.683-0500][9.131s] GC(13) Concurrent Mark (9.023s, 9.131s) 107.385ms
[2024-05-15T16:59:17.683-0500][9.131s] GC(13) Pause Remark
[2024-05-15T16:59:17.702-0500][9.150s] GC(13) Cleaned string and symbol table, strings: 21056 processed, 0 removed, symbols: 119786 processed, 62 removed
[2024-05-15T16:59:17.702-0500][9.150s] GC(13) Pause Remark 33M->33M(512M) 19.429ms
[2024-05-15T16:59:17.702-0500][9.150s] GC(13) User=0.02s Sys=0.00s Real=0.02s
[2024-05-15T16:59:17.703-0500][9.151s] GC(13) Concurrent Rebuild Remembered Sets
[2024-05-15T16:59:17.754-0500][9.202s] GC(13) Concurrent Rebuild Remembered Sets 51.422ms
[2024-05-15T16:59:17.759-0500][9.207s] GC(13) Pause Cleanup
[2024-05-15T16:59:17.759-0500][9.207s] GC(13) Pause Cleanup 36M->36M(512M) 0.139ms
[2024-05-15T16:59:17.759-0500][9.207s] GC(13) User=0.00s Sys=0.00s Real=0.00s
[2024-05-15T16:59:17.759-0500][9.207s] GC(13) Concurrent Cleanup for Next Mark
[2024-05-15T16:59:17.760-0500][9.208s] GC(13) Concurrent Cleanup for Next Mark 1.347ms
[2024-05-15T16:59:17.760-0500][9.208s] GC(13) Concurrent Cycle 197.278ms
[2024-05-15T17:01:43.766-0500][155.214s] Heap
[2024-05-15T17:01:43.766-0500][155.214s]  garbage-first heap   total 524288K, used 85964K [0x00000000e0000000, 0x0000000100000000)
[2024-05-15T17:01:43.766-0500][155.214s]   region size 1024K, 63 young (64512K), 8 survivors (8192K)
[2024-05-15T17:01:43.766-0500][155.214s]  Metaspace       used 43593K, capacity 45085K, committed 45092K, reserved 1089536K
[2024-05-15T17:01:43.766-0500][155.214s]   class space    used 5400K, capacity 6015K, committed 6016K, reserved 1048576K
