[2024-05-17T13:38:03.642-0500][0.014s] Heap region size: 1M
[2024-05-17T13:38:03.808-0500][0.180s] Using G1
[2024-05-17T13:38:03.808-0500][0.180s] Heap address: 0x00000000e0000000, size: 512 MB, Compressed Oops mode: 32-bit
[2024-05-17T13:38:05.262-0500][1.634s] GC(0) Pause Young (Normal) (G1 Evacuation Pause)
[2024-05-17T13:38:05.262-0500][1.634s] GC(0) Using 1 workers of 1 for evacuation
[2024-05-17T13:38:05.270-0500][1.642s] GC(0)   Pre Evacuate Collection Set: 0.0ms
[2024-05-17T13:38:05.270-0500][1.642s] GC(0)   Evacuate Collection Set: 7.6ms
[2024-05-17T13:38:05.270-0500][1.642s] GC(0)   Post Evacuate Collection Set: 0.2ms
[2024-05-17T13:38:05.270-0500][1.642s] GC(0)   Other: 0.1ms
[2024-05-17T13:38:05.270-0500][1.642s] GC(0) Eden regions: 25->0(21)
[2024-05-17T13:38:05.270-0500][1.642s] GC(0) Survivor regions: 0->4(4)
[2024-05-17T13:38:05.270-0500][1.642s] GC(0) Old regions: 0->0
[2024-05-17T13:38:05.270-0500][1.642s] GC(0) Humongous regions: 0->0
[2024-05-17T13:38:05.270-0500][1.642s] GC(0) Metaspace: 6401K(7808K)->6401K(7808K) NonClass: 5679K(6912K)->5679K(6912K) Class: 721K(896K)->721K(896K)
[2024-05-17T13:38:05.270-0500][1.642s] GC(0) Pause Young (Normal) (G1 Evacuation Pause) 25M->3M(512M) 8.091ms
[2024-05-17T13:38:05.270-0500][1.642s] GC(0) User=0.01s Sys=0.00s Real=0.00s
[2024-05-17T13:38:06.258-0500][2.630s] GC(1) Pause Young (Normal) (G1 Evacuation Pause)
[2024-05-17T13:38:06.258-0500][2.630s] GC(1) Using 1 workers of 1 for evacuation
[2024-05-17T13:38:06.275-0500][2.647s] GC(1)   Pre Evacuate Collection Set: 0.0ms
[2024-05-17T13:38:06.275-0500][2.647s] GC(1)   Evacuate Collection Set: 16.6ms
[2024-05-17T13:38:06.275-0500][2.647s] GC(1)   Post Evacuate Collection Set: 0.3ms
[2024-05-17T13:38:06.275-0500][2.647s] GC(1)   Other: 0.2ms
[2024-05-17T13:38:06.275-0500][2.647s] GC(1) Eden regions: 21->0(21)
[2024-05-17T13:38:06.275-0500][2.647s] GC(1) Survivor regions: 4->4(4)
[2024-05-17T13:38:06.275-0500][2.647s] GC(1) Old regions: 0->3
[2024-05-17T13:38:06.275-0500][2.647s] GC(1) Humongous regions: 4->4
[2024-05-17T13:38:06.275-0500][2.647s] GC(1) Metaspace: 11638K(12416K)->11638K(12416K) NonClass: 10257K(10752K)->10257K(10752K) Class: 1381K(1664K)->1381K(1664K)
[2024-05-17T13:38:06.275-0500][2.647s] GC(1) Pause Young (Normal) (G1 Evacuation Pause) 28M->10M(512M) 17.159ms
[2024-05-17T13:38:06.275-0500][2.647s] GC(1) User=0.02s Sys=0.00s Real=0.02s
[2024-05-17T13:38:07.187-0500][3.560s] GC(2) Pause Young (Normal) (G1 Evacuation Pause)
[2024-05-17T13:38:07.188-0500][3.560s] GC(2) Using 1 workers of 1 for evacuation
[2024-05-17T13:38:07.214-0500][3.586s] GC(2)   Pre Evacuate Collection Set: 0.0ms
[2024-05-17T13:38:07.214-0500][3.586s] GC(2)   Evacuate Collection Set: 26.1ms
[2024-05-17T13:38:07.214-0500][3.586s] GC(2)   Post Evacuate Collection Set: 0.3ms
[2024-05-17T13:38:07.214-0500][3.586s] GC(2)   Other: 0.2ms
[2024-05-17T13:38:07.214-0500][3.586s] GC(2) Eden regions: 21->0(21)
[2024-05-17T13:38:07.214-0500][3.586s] GC(2) Survivor regions: 4->4(4)
[2024-05-17T13:38:07.214-0500][3.586s] GC(2) Old regions: 3->10
[2024-05-17T13:38:07.214-0500][3.586s] GC(2) Humongous regions: 4->4
[2024-05-17T13:38:07.214-0500][3.586s] GC(2) Metaspace: 17567K(18560K)->17567K(18560K) NonClass: 15494K(16128K)->15494K(16128K) Class: 2072K(2432K)->2072K(2432K)
[2024-05-17T13:38:07.214-0500][3.586s] GC(2) Pause Young (Normal) (G1 Evacuation Pause) 31M->17M(512M) 26.712ms
[2024-05-17T13:38:07.214-0500][3.586s] GC(2) User=0.03s Sys=0.00s Real=0.03s
[2024-05-17T13:38:07.749-0500][4.121s] GC(3) Pause Young (Normal) (G1 Evacuation Pause)
[2024-05-17T13:38:07.749-0500][4.121s] GC(3) Using 1 workers of 1 for evacuation
[2024-05-17T13:38:07.763-0500][4.135s] GC(3)   Pre Evacuate Collection Set: 0.0ms
[2024-05-17T13:38:07.763-0500][4.135s] GC(3)   Evacuate Collection Set: 13.4ms
[2024-05-17T13:38:07.763-0500][4.135s] GC(3)   Post Evacuate Collection Set: 0.2ms
[2024-05-17T13:38:07.763-0500][4.135s] GC(3)   Other: 0.3ms
[2024-05-17T13:38:07.763-0500][4.135s] GC(3) Eden regions: 21->0(24)
[2024-05-17T13:38:07.763-0500][4.135s] GC(3) Survivor regions: 4->2(4)
[2024-05-17T13:38:07.763-0500][4.135s] GC(3) Old regions: 10->14
[2024-05-17T13:38:07.763-0500][4.135s] GC(3) Humongous regions: 4->4
[2024-05-17T13:38:07.763-0500][4.135s] GC(3) Metaspace: 19849K(20864K)->19849K(20864K) NonClass: 17499K(18176K)->17499K(18176K) Class: 2349K(2688K)->2349K(2688K)
[2024-05-17T13:38:07.763-0500][4.135s] GC(3) Pause Young (Normal) (G1 Evacuation Pause) 38M->19M(512M) 13.947ms
[2024-05-17T13:38:07.763-0500][4.135s] GC(3) User=0.01s Sys=0.00s Real=0.02s
[2024-05-17T13:38:08.027-0500][4.399s] GC(4) Pause Young (Normal) (G1 Evacuation Pause)
[2024-05-17T13:38:08.027-0500][4.399s] GC(4) Using 1 workers of 1 for evacuation
[2024-05-17T13:38:08.035-0500][4.407s] GC(4)   Pre Evacuate Collection Set: 0.0ms
[2024-05-17T13:38:08.035-0500][4.407s] GC(4)   Evacuate Collection Set: 5.3ms
[2024-05-17T13:38:08.035-0500][4.407s] GC(4)   Post Evacuate Collection Set: 2.2ms
[2024-05-17T13:38:08.035-0500][4.407s] GC(4)   Other: 0.1ms
[2024-05-17T13:38:08.035-0500][4.407s] GC(4) Eden regions: 24->0(31)
[2024-05-17T13:38:08.035-0500][4.407s] GC(4) Survivor regions: 2->3(4)
[2024-05-17T13:38:08.035-0500][4.407s] GC(4) Old regions: 14->14
[2024-05-17T13:38:08.035-0500][4.407s] GC(4) Humongous regions: 4->4
[2024-05-17T13:38:08.035-0500][4.407s] GC(4) Metaspace: 19923K(20864K)->19923K(20864K) NonClass: 17572K(18176K)->17572K(18176K) Class: 2350K(2688K)->2350K(2688K)
[2024-05-17T13:38:08.035-0500][4.407s] GC(4) Pause Young (Normal) (G1 Evacuation Pause) 43M->20M(512M) 7.783ms
[2024-05-17T13:38:08.035-0500][4.407s] GC(4) User=0.01s Sys=0.00s Real=0.01s
[2024-05-17T13:38:08.252-0500][4.624s] GC(5) Pause Young (Normal) (G1 Evacuation Pause)
[2024-05-17T13:38:08.252-0500][4.624s] GC(5) Using 1 workers of 1 for evacuation
[2024-05-17T13:38:08.260-0500][4.632s] GC(5)   Pre Evacuate Collection Set: 0.0ms
[2024-05-17T13:38:08.260-0500][4.632s] GC(5)   Evacuate Collection Set: 5.4ms
[2024-05-17T13:38:08.260-0500][4.632s] GC(5)   Post Evacuate Collection Set: 2.6ms
[2024-05-17T13:38:08.260-0500][4.632s] GC(5)   Other: 0.1ms
[2024-05-17T13:38:08.260-0500][4.632s] GC(5) Eden regions: 31->0(36)
[2024-05-17T13:38:08.260-0500][4.632s] GC(5) Survivor regions: 3->5(5)
[2024-05-17T13:38:08.260-0500][4.632s] GC(5) Old regions: 14->14
[2024-05-17T13:38:08.260-0500][4.632s] GC(5) Humongous regions: 4->4
[2024-05-17T13:38:08.260-0500][4.632s] GC(5) Metaspace: 19986K(21120K)->19986K(21120K) NonClass: 17633K(18432K)->17633K(18432K) Class: 2353K(2688K)->2353K(2688K)
[2024-05-17T13:38:08.260-0500][4.632s] GC(5) Pause Young (Normal) (G1 Evacuation Pause) 51M->22M(512M) 8.248ms
[2024-05-17T13:38:08.260-0500][4.632s] GC(5) User=0.01s Sys=0.00s Real=0.00s
[2024-05-17T13:38:08.452-0500][4.824s] GC(6) Pause Young (Concurrent Start) (Metadata GC Threshold)
[2024-05-17T13:38:08.452-0500][4.824s] GC(6) Using 1 workers of 1 for evacuation
[2024-05-17T13:38:08.459-0500][4.831s] GC(6)   Pre Evacuate Collection Set: 0.1ms
[2024-05-17T13:38:08.459-0500][4.831s] GC(6)   Evacuate Collection Set: 6.4ms
[2024-05-17T13:38:08.459-0500][4.831s] GC(6)   Post Evacuate Collection Set: 0.2ms
[2024-05-17T13:38:08.459-0500][4.831s] GC(6)   Other: 0.2ms
[2024-05-17T13:38:08.459-0500][4.831s] GC(6) Eden regions: 21->0(35)
[2024-05-17T13:38:08.459-0500][4.831s] GC(6) Survivor regions: 5->3(6)
[2024-05-17T13:38:08.459-0500][4.831s] GC(6) Old regions: 14->16
[2024-05-17T13:38:08.459-0500][4.831s] GC(6) Humongous regions: 4->4
[2024-05-17T13:38:08.459-0500][4.831s] GC(6) Metaspace: 20336K(21296K)->20336K(21296K) NonClass: 17948K(18608K)->17948K(18608K) Class: 2388K(2688K)->2388K(2688K)
[2024-05-17T13:38:08.459-0500][4.831s] GC(6) Pause Young (Concurrent Start) (Metadata GC Threshold) 43M->22M(512M) 7.024ms
[2024-05-17T13:38:08.459-0500][4.831s] GC(6) User=0.01s Sys=0.00s Real=0.00s
[2024-05-17T13:38:08.460-0500][4.832s] GC(7) Concurrent Cycle
[2024-05-17T13:38:08.460-0500][4.832s] GC(7) Concurrent Clear Claimed Marks
[2024-05-17T13:38:08.460-0500][4.832s] GC(7) Concurrent Clear Claimed Marks 0.048ms
[2024-05-17T13:38:08.460-0500][4.832s] GC(7) Concurrent Scan Root Regions
[2024-05-17T13:38:08.460-0500][4.832s] GC(7) Concurrent Scan Root Regions 0.533ms
[2024-05-17T13:38:08.460-0500][4.832s] GC(7) Concurrent Mark (4.832s)
[2024-05-17T13:38:08.460-0500][4.832s] GC(7) Concurrent Mark From Roots
[2024-05-17T13:38:08.460-0500][4.832s] GC(7) Using 1 workers of 1 for marking
[2024-05-17T13:38:08.566-0500][4.939s] GC(7) Concurrent Mark From Roots 106.234ms
[2024-05-17T13:38:08.567-0500][4.939s] GC(7) Concurrent Preclean
[2024-05-17T13:38:08.567-0500][4.939s] GC(7) Concurrent Preclean 0.075ms
[2024-05-17T13:38:08.567-0500][4.939s] GC(7) Concurrent Mark (4.832s, 4.939s) 106.377ms
[2024-05-17T13:38:08.567-0500][4.939s] GC(7) Pause Remark
[2024-05-17T13:38:08.577-0500][4.949s] GC(7) Cleaned string and symbol table, strings: 13359 processed, 22 removed, symbols: 55098 processed, 38 removed
[2024-05-17T13:38:08.577-0500][4.949s] GC(7) Pause Remark 25M->25M(512M) 10.473ms
[2024-05-17T13:38:08.577-0500][4.949s] GC(7) User=0.01s Sys=0.00s Real=0.01s
[2024-05-17T13:38:08.577-0500][4.949s] GC(7) Concurrent Rebuild Remembered Sets
[2024-05-17T13:38:08.636-0500][5.008s] GC(7) Concurrent Rebuild Remembered Sets 58.704ms
[2024-05-17T13:38:08.639-0500][5.011s] GC(7) Pause Cleanup
[2024-05-17T13:38:08.639-0500][5.011s] GC(7) Pause Cleanup 26M->26M(512M) 0.132ms
[2024-05-17T13:38:08.639-0500][5.011s] GC(7) User=0.00s Sys=0.00s Real=0.00s
[2024-05-17T13:38:08.639-0500][5.011s] GC(7) Concurrent Cleanup for Next Mark
[2024-05-17T13:38:08.643-0500][5.015s] GC(7) Concurrent Cleanup for Next Mark 4.161ms
[2024-05-17T13:38:08.643-0500][5.015s] GC(7) Concurrent Cycle 183.408ms
[2024-05-17T13:38:09.213-0500][5.585s] GC(8) Pause Young (Concurrent Start) (G1 Evacuation Pause)
[2024-05-17T13:38:09.213-0500][5.585s] GC(8) Using 1 workers of 1 for evacuation
[2024-05-17T13:38:09.227-0500][5.599s] GC(8)   Pre Evacuate Collection Set: 0.0ms
[2024-05-17T13:38:09.227-0500][5.599s] GC(8)   Evacuate Collection Set: 11.4ms
[2024-05-17T13:38:09.227-0500][5.599s] GC(8)   Post Evacuate Collection Set: 2.8ms
[2024-05-17T13:38:09.227-0500][5.599s] GC(8)   Other: 0.2ms
[2024-05-17T13:38:09.227-0500][5.599s] GC(8) Eden regions: 37->0(47)
[2024-05-17T13:38:09.227-0500][5.599s] GC(8) Survivor regions: 3->2(5)
[2024-05-17T13:38:09.227-0500][5.599s] GC(8) Old regions: 16->19
[2024-05-17T13:38:09.227-0500][5.599s] GC(8) Humongous regions: 4->4
[2024-05-17T13:38:09.227-0500][5.599s] GC(8) Metaspace: 23781K(25288K)->23781K(25288K) NonClass: 20958K(21936K)->20958K(21936K) Class: 2822K(3352K)->2822K(3352K)
[2024-05-17T13:38:09.227-0500][5.599s] GC(8) Pause Young (Concurrent Start) (G1 Evacuation Pause) 59M->23M(512M) 14.600ms
[2024-05-17T13:38:09.227-0500][5.599s] GC(8) User=0.02s Sys=0.00s Real=0.01s
[2024-05-17T13:38:09.227-0500][5.599s] GC(9) Concurrent Cycle
[2024-05-17T13:38:09.227-0500][5.599s] GC(9) Concurrent Clear Claimed Marks
[2024-05-17T13:38:09.227-0500][5.599s] GC(9) Concurrent Clear Claimed Marks 0.038ms
[2024-05-17T13:38:09.227-0500][5.599s] GC(9) Concurrent Scan Root Regions
[2024-05-17T13:38:09.228-0500][5.600s] GC(9) Concurrent Scan Root Regions 1.169ms
[2024-05-17T13:38:09.228-0500][5.600s] GC(9) Concurrent Mark (5.600s)
[2024-05-17T13:38:09.228-0500][5.600s] GC(9) Concurrent Mark From Roots
[2024-05-17T13:38:09.228-0500][5.601s] GC(9) Using 1 workers of 1 for marking
[2024-05-17T13:38:09.321-0500][5.693s] GC(9) Concurrent Mark From Roots 92.295ms
[2024-05-17T13:38:09.321-0500][5.693s] GC(9) Concurrent Preclean
[2024-05-17T13:38:09.321-0500][5.693s] GC(9) Concurrent Preclean 0.054ms
[2024-05-17T13:38:09.321-0500][5.693s] GC(9) Concurrent Mark (5.600s, 5.693s) 92.407ms
[2024-05-17T13:38:09.328-0500][5.700s] GC(9) Pause Remark
[2024-05-17T13:38:09.337-0500][5.709s] GC(9) Cleaned string and symbol table, strings: 14612 processed, 3 removed, symbols: 66265 processed, 16 removed
[2024-05-17T13:38:09.337-0500][5.709s] GC(9) Pause Remark 29M->29M(512M) 9.176ms
[2024-05-17T13:38:09.337-0500][5.709s] GC(9) User=0.01s Sys=0.00s Real=0.01s
[2024-05-17T13:38:09.337-0500][5.709s] GC(9) Concurrent Rebuild Remembered Sets
[2024-05-17T13:38:09.445-0500][5.817s] GC(9) Concurrent Rebuild Remembered Sets 108.142ms
[2024-05-17T13:38:09.445-0500][5.817s] GC(9) Pause Cleanup
[2024-05-17T13:38:09.445-0500][5.817s] GC(9) Pause Cleanup 32M->32M(512M) 0.142ms
[2024-05-17T13:38:09.445-0500][5.817s] GC(9) User=0.00s Sys=0.00s Real=0.00s
[2024-05-17T13:38:09.445-0500][5.817s] GC(9) Concurrent Cleanup for Next Mark
[2024-05-17T13:38:09.453-0500][5.825s] GC(9) Concurrent Cleanup for Next Mark 7.674ms
[2024-05-17T13:38:09.453-0500][5.825s] GC(9) Concurrent Cycle 225.856ms
[2024-05-17T13:38:11.475-0500][7.847s] GC(10) Pause Young (Normal) (G1 Evacuation Pause)
[2024-05-17T13:38:11.475-0500][7.847s] GC(10) Using 1 workers of 1 for evacuation
[2024-05-17T13:38:11.490-0500][7.862s] GC(10)   Pre Evacuate Collection Set: 0.0ms
[2024-05-17T13:38:11.490-0500][7.862s] GC(10)   Evacuate Collection Set: 14.1ms
[2024-05-17T13:38:11.490-0500][7.862s] GC(10)   Post Evacuate Collection Set: 0.3ms
[2024-05-17T13:38:11.490-0500][7.862s] GC(10)   Other: 0.1ms
[2024-05-17T13:38:11.490-0500][7.862s] GC(10) Eden regions: 47->0(87)
[2024-05-17T13:38:11.490-0500][7.862s] GC(10) Survivor regions: 2->2(7)
[2024-05-17T13:38:11.490-0500][7.862s] GC(10) Old regions: 19->19
[2024-05-17T13:38:11.490-0500][7.862s] GC(10) Humongous regions: 4->4
[2024-05-17T13:38:11.490-0500][7.862s] GC(10) Metaspace: 26718K(27976K)->26718K(27976K) NonClass: 23482K(24240K)->23482K(24240K) Class: 3236K(3736K)->3236K(3736K)
[2024-05-17T13:38:11.490-0500][7.862s] GC(10) Pause Young (Normal) (G1 Evacuation Pause) 70M->24M(512M) 14.577ms
[2024-05-17T13:38:11.490-0500][7.862s] GC(10) User=0.01s Sys=0.00s Real=0.01s
[2024-05-17T13:38:13.330-0500][9.702s] GC(11) Pause Young (Normal) (G1 Evacuation Pause)
[2024-05-17T13:38:13.330-0500][9.702s] GC(11) Using 1 workers of 1 for evacuation
[2024-05-17T13:38:13.354-0500][9.726s] GC(11)   Pre Evacuate Collection Set: 0.0ms
[2024-05-17T13:38:13.354-0500][9.726s] GC(11)   Evacuate Collection Set: 23.6ms
[2024-05-17T13:38:13.354-0500][9.726s] GC(11)   Post Evacuate Collection Set: 0.4ms
[2024-05-17T13:38:13.354-0500][9.726s] GC(11)   Other: 0.2ms
[2024-05-17T13:38:13.354-0500][9.726s] GC(11) Eden regions: 87->0(105)
[2024-05-17T13:38:13.354-0500][9.726s] GC(11) Survivor regions: 2->7(12)
[2024-05-17T13:38:13.354-0500][9.726s] GC(11) Old regions: 19->19
[2024-05-17T13:38:13.354-0500][9.726s] GC(11) Humongous regions: 4->4
[2024-05-17T13:38:13.354-0500][9.726s] GC(11) Metaspace: 37051K(38472K)->37051K(38472K) NonClass: 32583K(33456K)->32583K(33456K) Class: 4468K(5016K)->4468K(5016K)
[2024-05-17T13:38:13.354-0500][9.726s] GC(11) Pause Young (Normal) (G1 Evacuation Pause) 111M->29M(512M) 24.300ms
[2024-05-17T13:38:13.354-0500][9.726s] GC(11) User=0.02s Sys=0.00s Real=0.03s
[2024-05-17T13:38:14.120-0500][10.492s] GC(12) Pause Young (Concurrent Start) (Metadata GC Threshold)
[2024-05-17T13:38:14.120-0500][10.492s] GC(12) Using 1 workers of 1 for evacuation
[2024-05-17T13:38:14.142-0500][10.514s] GC(12)   Pre Evacuate Collection Set: 0.1ms
[2024-05-17T13:38:14.142-0500][10.514s] GC(12)   Evacuate Collection Set: 22.1ms
[2024-05-17T13:38:14.142-0500][10.515s] GC(12)   Post Evacuate Collection Set: 0.3ms
[2024-05-17T13:38:14.142-0500][10.515s] GC(12)   Other: 0.3ms
[2024-05-17T13:38:14.142-0500][10.515s] GC(12) Eden regions: 45->0(100)
[2024-05-17T13:38:14.142-0500][10.515s] GC(12) Survivor regions: 7->8(14)
[2024-05-17T13:38:14.142-0500][10.515s] GC(12) Old regions: 19->19
[2024-05-17T13:38:14.143-0500][10.515s] GC(12) Humongous regions: 4->4
[2024-05-17T13:38:14.143-0500][10.515s] GC(12) Metaspace: 40648K(42148K)->40648K(42148K) NonClass: 35663K(36492K)->35663K(36492K) Class: 4985K(5656K)->4985K(5656K)
[2024-05-17T13:38:14.143-0500][10.515s] GC(12) Pause Young (Concurrent Start) (Metadata GC Threshold) 74M->29M(512M) 22.821ms
[2024-05-17T13:38:14.143-0500][10.515s] GC(12) User=0.03s Sys=0.00s Real=0.03s
[2024-05-17T13:38:14.143-0500][10.515s] GC(13) Concurrent Cycle
[2024-05-17T13:38:14.143-0500][10.515s] GC(13) Concurrent Clear Claimed Marks
[2024-05-17T13:38:14.143-0500][10.515s] GC(13) Concurrent Clear Claimed Marks 0.094ms
[2024-05-17T13:38:14.143-0500][10.515s] GC(13) Concurrent Scan Root Regions
[2024-05-17T13:38:14.162-0500][10.534s] GC(13) Concurrent Scan Root Regions 18.713ms
[2024-05-17T13:38:14.162-0500][10.534s] GC(13) Concurrent Mark (10.534s)
[2024-05-17T13:38:14.162-0500][10.534s] GC(13) Concurrent Mark From Roots
[2024-05-17T13:38:14.162-0500][10.534s] GC(13) Using 1 workers of 1 for marking
[2024-05-17T13:38:14.265-0500][10.637s] GC(13) Concurrent Mark From Roots 103.462ms
[2024-05-17T13:38:14.265-0500][10.637s] GC(13) Concurrent Preclean
[2024-05-17T13:38:14.265-0500][10.637s] GC(13) Concurrent Preclean 0.055ms
[2024-05-17T13:38:14.265-0500][10.637s] GC(13) Concurrent Mark (10.534s, 10.637s) 103.575ms
[2024-05-17T13:38:14.267-0500][10.640s] GC(13) Pause Remark
[2024-05-17T13:38:14.287-0500][10.659s] GC(13) Cleaned string and symbol table, strings: 21268 processed, 0 removed, symbols: 120334 processed, 61 removed
[2024-05-17T13:38:14.287-0500][10.659s] GC(13) Pause Remark 33M->33M(512M) 19.839ms
[2024-05-17T13:38:14.287-0500][10.659s] GC(13) User=0.02s Sys=0.00s Real=0.02s
[2024-05-17T13:38:14.289-0500][10.661s] GC(13) Concurrent Rebuild Remembered Sets
[2024-05-17T13:38:14.346-0500][10.719s] GC(13) Concurrent Rebuild Remembered Sets 57.863ms
[2024-05-17T13:38:14.349-0500][10.721s] GC(13) Pause Cleanup
[2024-05-17T13:38:14.349-0500][10.721s] GC(13) Pause Cleanup 35M->35M(512M) 0.103ms
[2024-05-17T13:38:14.349-0500][10.721s] GC(13) User=0.00s Sys=0.00s Real=0.00s
[2024-05-17T13:38:14.349-0500][10.721s] GC(13) Concurrent Cleanup for Next Mark
[2024-05-17T13:38:14.354-0500][10.726s] GC(13) Concurrent Cleanup for Next Mark 4.996ms
[2024-05-17T13:38:14.354-0500][10.726s] GC(13) Concurrent Cycle 210.947ms
[2024-05-17T13:48:44.645-0500][641.017s] GC(14) Pause Young (Normal) (G1 Evacuation Pause)
[2024-05-17T13:48:44.645-0500][641.017s] GC(14) Using 1 workers of 1 for evacuation
[2024-05-17T13:48:44.681-0500][641.053s] GC(14)   Pre Evacuate Collection Set: 0.1ms
[2024-05-17T13:48:44.681-0500][641.053s] GC(14)   Evacuate Collection Set: 35.5ms
[2024-05-17T13:48:44.681-0500][641.053s] GC(14)   Post Evacuate Collection Set: 0.4ms
[2024-05-17T13:48:44.681-0500][641.053s] GC(14)   Other: 0.2ms
[2024-05-17T13:48:44.681-0500][641.053s] GC(14) Eden regions: 101->0(128)
[2024-05-17T13:48:44.681-0500][641.053s] GC(14) Survivor regions: 8->11(14)
[2024-05-17T13:48:44.681-0500][641.054s] GC(14) Old regions: 19->20
[2024-05-17T13:48:44.681-0500][641.054s] GC(14) Humongous regions: 4->4
[2024-05-17T13:48:44.681-0500][641.054s] GC(14) Metaspace: 46141K(48036K)->46141K(48036K) NonClass: 40432K(41612K)->40432K(41612K) Class: 5708K(6424K)->5708K(6424K)
[2024-05-17T13:48:44.682-0500][641.054s] GC(14) Pause Young (Normal) (G1 Evacuation Pause) 130M->34M(512M) 36.362ms
[2024-05-17T13:48:44.682-0500][641.054s] GC(14) User=0.03s Sys=0.00s Real=0.03s
[2024-05-17T14:13:24.648-0500][2121.020s] Heap
[2024-05-17T14:13:24.648-0500][2121.020s]  garbage-first heap   total 524288K, used 62917K [0x00000000e0000000, 0x0000000100000000)
[2024-05-17T14:13:24.648-0500][2121.020s]   region size 1024K, 39 young (39936K), 11 survivors (11264K)
[2024-05-17T14:13:24.648-0500][2121.020s]  Metaspace       used 46546K, capacity 48217K, committed 48292K, reserved 1091584K
[2024-05-17T14:13:24.648-0500][2121.020s]   class space    used 5738K, capacity 6408K, committed 6424K, reserved 1048576K
