[2024-05-17T09:54:16.931-0500][0.013s] Heap region size: 1M
[2024-05-17T09:54:17.137-0500][0.220s] Using G1
[2024-05-17T09:54:17.137-0500][0.220s] Heap address: 0x00000000e0000000, size: 512 MB, Compressed Oops mode: 32-bit
[2024-05-17T09:54:18.445-0500][1.528s] GC(0) Pause Young (Normal) (G1 Evacuation Pause)
[2024-05-17T09:54:18.445-0500][1.528s] GC(0) Using 1 workers of 1 for evacuation
[2024-05-17T09:54:18.453-0500][1.535s] GC(0)   Pre Evacuate Collection Set: 0.0ms
[2024-05-17T09:54:18.453-0500][1.535s] GC(0)   Evacuate Collection Set: 7.3ms
[2024-05-17T09:54:18.453-0500][1.535s] GC(0)   Post Evacuate Collection Set: 0.2ms
[2024-05-17T09:54:18.453-0500][1.536s] GC(0)   Other: 0.1ms
[2024-05-17T09:54:18.453-0500][1.536s] GC(0) Eden regions: 25->0(21)
[2024-05-17T09:54:18.453-0500][1.536s] GC(0) Survivor regions: 0->4(4)
[2024-05-17T09:54:18.453-0500][1.536s] GC(0) Old regions: 0->0
[2024-05-17T09:54:18.453-0500][1.536s] GC(0) Humongous regions: 0->0
[2024-05-17T09:54:18.453-0500][1.536s] GC(0) Metaspace: 6408K(7808K)->6408K(7808K) NonClass: 5686K(6912K)->5686K(6912K) Class: 721K(896K)->721K(896K)
[2024-05-17T09:54:18.453-0500][1.536s] GC(0) Pause Young (Normal) (G1 Evacuation Pause) 25M->3M(512M) 7.766ms
[2024-05-17T09:54:18.453-0500][1.536s] GC(0) User=0.01s Sys=0.00s Real=0.01s
[2024-05-17T09:54:19.317-0500][2.400s] GC(1) Pause Young (Normal) (G1 Evacuation Pause)
[2024-05-17T09:54:19.317-0500][2.400s] GC(1) Using 1 workers of 1 for evacuation
[2024-05-17T09:54:19.333-0500][2.415s] GC(1)   Pre Evacuate Collection Set: 0.0ms
[2024-05-17T09:54:19.333-0500][2.415s] GC(1)   Evacuate Collection Set: 15.2ms
[2024-05-17T09:54:19.333-0500][2.415s] GC(1)   Post Evacuate Collection Set: 0.2ms
[2024-05-17T09:54:19.333-0500][2.415s] GC(1)   Other: 0.1ms
[2024-05-17T09:54:19.333-0500][2.415s] GC(1) Eden regions: 21->0(21)
[2024-05-17T09:54:19.333-0500][2.415s] GC(1) Survivor regions: 4->4(4)
[2024-05-17T09:54:19.333-0500][2.415s] GC(1) Old regions: 0->3
[2024-05-17T09:54:19.333-0500][2.415s] GC(1) Humongous regions: 4->4
[2024-05-17T09:54:19.333-0500][2.415s] GC(1) Metaspace: 11704K(12416K)->11704K(12416K) NonClass: 10313K(10752K)->10313K(10752K) Class: 1390K(1664K)->1390K(1664K)
[2024-05-17T09:54:19.333-0500][2.415s] GC(1) Pause Young (Normal) (G1 Evacuation Pause) 28M->10M(512M) 15.697ms
[2024-05-17T09:54:19.333-0500][2.415s] GC(1) User=0.02s Sys=0.00s Real=0.02s
[2024-05-17T09:54:20.182-0500][3.265s] GC(2) Pause Young (Normal) (G1 Evacuation Pause)
[2024-05-17T09:54:20.182-0500][3.265s] GC(2) Using 1 workers of 1 for evacuation
[2024-05-17T09:54:20.208-0500][3.291s] GC(2)   Pre Evacuate Collection Set: 0.0ms
[2024-05-17T09:54:20.208-0500][3.291s] GC(2)   Evacuate Collection Set: 25.5ms
[2024-05-17T09:54:20.208-0500][3.291s] GC(2)   Post Evacuate Collection Set: 0.2ms
[2024-05-17T09:54:20.208-0500][3.291s] GC(2)   Other: 0.1ms
[2024-05-17T09:54:20.208-0500][3.291s] GC(2) Eden regions: 21->0(21)
[2024-05-17T09:54:20.208-0500][3.291s] GC(2) Survivor regions: 4->4(4)
[2024-05-17T09:54:20.208-0500][3.291s] GC(2) Old regions: 3->10
[2024-05-17T09:54:20.208-0500][3.291s] GC(2) Humongous regions: 4->4
[2024-05-17T09:54:20.208-0500][3.291s] GC(2) Metaspace: 17753K(18816K)->17753K(18816K) NonClass: 15667K(16384K)->15667K(16384K) Class: 2086K(2432K)->2086K(2432K)
[2024-05-17T09:54:20.208-0500][3.291s] GC(2) Pause Young (Normal) (G1 Evacuation Pause) 31M->17M(512M) 25.996ms
[2024-05-17T09:54:20.208-0500][3.291s] GC(2) User=0.03s Sys=0.00s Real=0.02s
[2024-05-17T09:54:20.706-0500][3.788s] GC(3) Pause Young (Normal) (G1 Evacuation Pause)
[2024-05-17T09:54:20.706-0500][3.788s] GC(3) Using 1 workers of 1 for evacuation
[2024-05-17T09:54:20.719-0500][3.801s] GC(3)   Pre Evacuate Collection Set: 0.0ms
[2024-05-17T09:54:20.719-0500][3.801s] GC(3)   Evacuate Collection Set: 12.7ms
[2024-05-17T09:54:20.719-0500][3.801s] GC(3)   Post Evacuate Collection Set: 0.2ms
[2024-05-17T09:54:20.719-0500][3.801s] GC(3)   Other: 0.1ms
[2024-05-17T09:54:20.719-0500][3.801s] GC(3) Eden regions: 21->0(23)
[2024-05-17T09:54:20.719-0500][3.801s] GC(3) Survivor regions: 4->2(4)
[2024-05-17T09:54:20.719-0500][3.801s] GC(3) Old regions: 10->14
[2024-05-17T09:54:20.719-0500][3.801s] GC(3) Humongous regions: 4->4
[2024-05-17T09:54:20.719-0500][3.801s] GC(3) Metaspace: 19856K(20864K)->19856K(20864K) NonClass: 17511K(18176K)->17511K(18176K) Class: 2345K(2688K)->2345K(2688K)
[2024-05-17T09:54:20.719-0500][3.801s] GC(3) Pause Young (Normal) (G1 Evacuation Pause) 38M->19M(512M) 13.186ms
[2024-05-17T09:54:20.719-0500][3.801s] GC(3) User=0.01s Sys=0.00s Real=0.01s
[2024-05-17T09:54:20.921-0500][4.003s] GC(4) Pause Young (Normal) (G1 Evacuation Pause)
[2024-05-17T09:54:20.921-0500][4.003s] GC(4) Using 1 workers of 1 for evacuation
[2024-05-17T09:54:20.926-0500][4.009s] GC(4)   Pre Evacuate Collection Set: 0.0ms
[2024-05-17T09:54:20.926-0500][4.009s] GC(4)   Evacuate Collection Set: 5.2ms
[2024-05-17T09:54:20.926-0500][4.009s] GC(4)   Post Evacuate Collection Set: 0.1ms
[2024-05-17T09:54:20.926-0500][4.009s] GC(4)   Other: 0.1ms
[2024-05-17T09:54:20.926-0500][4.009s] GC(4) Eden regions: 23->0(30)
[2024-05-17T09:54:20.926-0500][4.009s] GC(4) Survivor regions: 2->3(4)
[2024-05-17T09:54:20.926-0500][4.009s] GC(4) Old regions: 14->14
[2024-05-17T09:54:20.926-0500][4.009s] GC(4) Humongous regions: 4->4
[2024-05-17T09:54:20.926-0500][4.009s] GC(4) Metaspace: 19932K(21120K)->19932K(21120K) NonClass: 17585K(18432K)->17585K(18432K) Class: 2346K(2688K)->2346K(2688K)
[2024-05-17T09:54:20.926-0500][4.009s] GC(4) Pause Young (Normal) (G1 Evacuation Pause) 42M->19M(512M) 5.559ms
[2024-05-17T09:54:20.926-0500][4.009s] GC(4) User=0.01s Sys=0.00s Real=0.01s
[2024-05-17T09:54:21.129-0500][4.212s] GC(5) Pause Young (Normal) (G1 Evacuation Pause)
[2024-05-17T09:54:21.129-0500][4.212s] GC(5) Using 1 workers of 1 for evacuation
[2024-05-17T09:54:21.135-0500][4.218s] GC(5)   Pre Evacuate Collection Set: 0.0ms
[2024-05-17T09:54:21.135-0500][4.218s] GC(5)   Evacuate Collection Set: 5.6ms
[2024-05-17T09:54:21.135-0500][4.218s] GC(5)   Post Evacuate Collection Set: 0.2ms
[2024-05-17T09:54:21.135-0500][4.218s] GC(5)   Other: 0.2ms
[2024-05-17T09:54:21.135-0500][4.218s] GC(5) Eden regions: 30->0(34)
[2024-05-17T09:54:21.135-0500][4.218s] GC(5) Survivor regions: 3->5(5)
[2024-05-17T09:54:21.135-0500][4.218s] GC(5) Old regions: 14->14
[2024-05-17T09:54:21.135-0500][4.218s] GC(5) Humongous regions: 4->4
[2024-05-17T09:54:21.135-0500][4.218s] GC(5) Metaspace: 19998K(21120K)->19998K(21120K) NonClass: 17650K(18432K)->17650K(18432K) Class: 2348K(2688K)->2348K(2688K)
[2024-05-17T09:54:21.135-0500][4.218s] GC(5) Pause Young (Normal) (G1 Evacuation Pause) 49M->22M(512M) 6.074ms
[2024-05-17T09:54:21.135-0500][4.218s] GC(5) User=0.01s Sys=0.00s Real=0.01s
[2024-05-17T09:54:21.323-0500][4.405s] GC(6) Pause Young (Concurrent Start) (Metadata GC Threshold)
[2024-05-17T09:54:21.323-0500][4.405s] GC(6) Using 1 workers of 1 for evacuation
[2024-05-17T09:54:21.329-0500][4.412s] GC(6)   Pre Evacuate Collection Set: 0.1ms
[2024-05-17T09:54:21.329-0500][4.412s] GC(6)   Evacuate Collection Set: 6.3ms
[2024-05-17T09:54:21.329-0500][4.412s] GC(6)   Post Evacuate Collection Set: 0.2ms
[2024-05-17T09:54:21.329-0500][4.412s] GC(6)   Other: 0.2ms
[2024-05-17T09:54:21.329-0500][4.412s] GC(6) Eden regions: 23->0(35)
[2024-05-17T09:54:21.329-0500][4.412s] GC(6) Survivor regions: 5->3(5)
[2024-05-17T09:54:21.329-0500][4.412s] GC(6) Old regions: 14->16
[2024-05-17T09:54:21.329-0500][4.412s] GC(6) Humongous regions: 4->4
[2024-05-17T09:54:21.330-0500][4.412s] GC(6) Metaspace: 20357K(21296K)->20357K(21296K) NonClass: 17973K(18608K)->17973K(18608K) Class: 2383K(2688K)->2383K(2688K)
[2024-05-17T09:54:21.330-0500][4.412s] GC(6) Pause Young (Concurrent Start) (Metadata GC Threshold) 45M->22M(512M) 6.813ms
[2024-05-17T09:54:21.330-0500][4.412s] GC(6) User=0.01s Sys=0.00s Real=0.00s
[2024-05-17T09:54:21.330-0500][4.412s] GC(7) Concurrent Cycle
[2024-05-17T09:54:21.330-0500][4.412s] GC(7) Concurrent Clear Claimed Marks
[2024-05-17T09:54:21.330-0500][4.412s] GC(7) Concurrent Clear Claimed Marks 0.030ms
[2024-05-17T09:54:21.330-0500][4.412s] GC(7) Concurrent Scan Root Regions
[2024-05-17T09:54:21.330-0500][4.413s] GC(7) Concurrent Scan Root Regions 0.437ms
[2024-05-17T09:54:21.330-0500][4.413s] GC(7) Concurrent Mark (4.413s)
[2024-05-17T09:54:21.330-0500][4.413s] GC(7) Concurrent Mark From Roots
[2024-05-17T09:54:21.330-0500][4.413s] GC(7) Using 1 workers of 1 for marking
[2024-05-17T09:54:21.436-0500][4.519s] GC(7) Concurrent Mark From Roots 106.141ms
[2024-05-17T09:54:21.436-0500][4.519s] GC(7) Concurrent Preclean
[2024-05-17T09:54:21.436-0500][4.519s] GC(7) Concurrent Preclean 0.065ms
[2024-05-17T09:54:21.436-0500][4.519s] GC(7) Concurrent Mark (4.413s, 4.519s) 106.258ms
[2024-05-17T09:54:21.436-0500][4.519s] GC(7) Pause Remark
[2024-05-17T09:54:21.448-0500][4.531s] GC(7) Cleaned string and symbol table, strings: 13380 processed, 29 removed, symbols: 55037 processed, 38 removed
[2024-05-17T09:54:21.449-0500][4.531s] GC(7) Pause Remark 25M->25M(512M) 12.084ms
[2024-05-17T09:54:21.449-0500][4.531s] GC(7) User=0.01s Sys=0.00s Real=0.01s
[2024-05-17T09:54:21.449-0500][4.531s] GC(7) Concurrent Rebuild Remembered Sets
[2024-05-17T09:54:21.503-0500][4.586s] GC(7) Concurrent Rebuild Remembered Sets 54.835ms
[2024-05-17T09:54:21.505-0500][4.588s] GC(7) Pause Cleanup
[2024-05-17T09:54:21.506-0500][4.588s] GC(7) Pause Cleanup 26M->26M(512M) 0.131ms
[2024-05-17T09:54:21.506-0500][4.588s] GC(7) User=0.00s Sys=0.00s Real=0.00s
[2024-05-17T09:54:21.506-0500][4.588s] GC(7) Concurrent Cleanup for Next Mark
[2024-05-17T09:54:21.514-0500][4.596s] GC(7) Concurrent Cleanup for Next Mark 8.159ms
[2024-05-17T09:54:21.514-0500][4.596s] GC(7) Concurrent Cycle 184.151ms
[2024-05-17T09:54:22.001-0500][5.083s] GC(8) Pause Young (Concurrent Start) (G1 Evacuation Pause)
[2024-05-17T09:54:22.001-0500][5.083s] GC(8) Using 1 workers of 1 for evacuation
[2024-05-17T09:54:22.013-0500][5.096s] GC(8)   Pre Evacuate Collection Set: 0.0ms
[2024-05-17T09:54:22.014-0500][5.096s] GC(8)   Evacuate Collection Set: 12.2ms
[2024-05-17T09:54:22.014-0500][5.096s] GC(8)   Post Evacuate Collection Set: 0.2ms
[2024-05-17T09:54:22.014-0500][5.096s] GC(8)   Other: 0.2ms
[2024-05-17T09:54:22.014-0500][5.096s] GC(8) Eden regions: 35->0(46)
[2024-05-17T09:54:22.014-0500][5.096s] GC(8) Survivor regions: 3->2(5)
[2024-05-17T09:54:22.014-0500][5.096s] GC(8) Old regions: 16->19
[2024-05-17T09:54:22.014-0500][5.096s] GC(8) Humongous regions: 4->4
[2024-05-17T09:54:22.014-0500][5.096s] GC(8) Metaspace: 23679K(24904K)->23679K(24904K) NonClass: 20869K(21680K)->20869K(21680K) Class: 2809K(3224K)->2809K(3224K)
[2024-05-17T09:54:22.014-0500][5.096s] GC(8) Pause Young (Concurrent Start) (G1 Evacuation Pause) 57M->23M(512M) 12.852ms
[2024-05-17T09:54:22.014-0500][5.096s] GC(8) User=0.01s Sys=0.00s Real=0.02s
[2024-05-17T09:54:22.014-0500][5.096s] GC(9) Concurrent Cycle
[2024-05-17T09:54:22.014-0500][5.096s] GC(9) Concurrent Clear Claimed Marks
[2024-05-17T09:54:22.014-0500][5.096s] GC(9) Concurrent Clear Claimed Marks 0.030ms
[2024-05-17T09:54:22.014-0500][5.096s] GC(9) Concurrent Scan Root Regions
[2024-05-17T09:54:22.017-0500][5.099s] GC(9) Concurrent Scan Root Regions 2.952ms
[2024-05-17T09:54:22.017-0500][5.099s] GC(9) Concurrent Mark (5.099s)
[2024-05-17T09:54:22.017-0500][5.099s] GC(9) Concurrent Mark From Roots
[2024-05-17T09:54:22.017-0500][5.099s] GC(9) Using 1 workers of 1 for marking
[2024-05-17T09:54:22.112-0500][5.195s] GC(9) Concurrent Mark From Roots 95.625ms
[2024-05-17T09:54:22.112-0500][5.195s] GC(9) Concurrent Preclean
[2024-05-17T09:54:22.113-0500][5.195s] GC(9) Concurrent Preclean 0.053ms
[2024-05-17T09:54:22.113-0500][5.195s] GC(9) Concurrent Mark (5.099s, 5.195s) 95.815ms
[2024-05-17T09:54:22.115-0500][5.197s] GC(9) Pause Remark
[2024-05-17T09:54:22.124-0500][5.207s] GC(9) Cleaned string and symbol table, strings: 14563 processed, 3 removed, symbols: 65951 processed, 16 removed
[2024-05-17T09:54:22.125-0500][5.207s] GC(9) Pause Remark 29M->29M(512M) 9.912ms
[2024-05-17T09:54:22.125-0500][5.207s] GC(9) User=0.01s Sys=0.00s Real=0.01s
[2024-05-17T09:54:22.126-0500][5.208s] GC(9) Concurrent Rebuild Remembered Sets
[2024-05-17T09:54:22.177-0500][5.260s] GC(9) Concurrent Rebuild Remembered Sets 51.342ms
[2024-05-17T09:54:22.177-0500][5.260s] GC(9) Pause Cleanup
[2024-05-17T09:54:22.177-0500][5.260s] GC(9) Pause Cleanup 31M->31M(512M) 0.099ms
[2024-05-17T09:54:22.177-0500][5.260s] GC(9) User=0.00s Sys=0.00s Real=0.00s
[2024-05-17T09:54:22.177-0500][5.260s] GC(9) Concurrent Cleanup for Next Mark
[2024-05-17T09:54:22.179-0500][5.261s] GC(9) Concurrent Cleanup for Next Mark 1.334ms
[2024-05-17T09:54:22.179-0500][5.261s] GC(9) Concurrent Cycle 164.889ms
[2024-05-17T09:54:23.535-0500][6.618s] GC(10) Pause Young (Normal) (G1 Evacuation Pause)
[2024-05-17T09:54:23.535-0500][6.618s] GC(10) Using 1 workers of 1 for evacuation
[2024-05-17T09:54:23.543-0500][6.626s] GC(10)   Pre Evacuate Collection Set: 0.0ms
[2024-05-17T09:54:23.543-0500][6.626s] GC(10)   Evacuate Collection Set: 7.6ms
[2024-05-17T09:54:23.543-0500][6.626s] GC(10)   Post Evacuate Collection Set: 0.2ms
[2024-05-17T09:54:23.543-0500][6.626s] GC(10)   Other: 0.2ms
[2024-05-17T09:54:23.543-0500][6.626s] GC(10) Eden regions: 47->0(105)
[2024-05-17T09:54:23.543-0500][6.626s] GC(10) Survivor regions: 2->2(7)
[2024-05-17T09:54:23.543-0500][6.626s] GC(10) Old regions: 19->19
[2024-05-17T09:54:23.543-0500][6.626s] GC(10) Humongous regions: 4->4
[2024-05-17T09:54:23.543-0500][6.626s] GC(10) Metaspace: 26466K(27720K)->26466K(27720K) NonClass: 23264K(23984K)->23264K(23984K) Class: 3202K(3736K)->3202K(3736K)
[2024-05-17T09:54:23.543-0500][6.626s] GC(10) Pause Young (Normal) (G1 Evacuation Pause) 70M->24M(512M) 8.144ms
[2024-05-17T09:54:23.543-0500][6.626s] GC(10) User=0.01s Sys=0.00s Real=0.01s
[2024-05-17T09:54:25.581-0500][8.664s] GC(11) Pause Young (Normal) (G1 Evacuation Pause)
[2024-05-17T09:54:25.581-0500][8.664s] GC(11) Using 1 workers of 1 for evacuation
[2024-05-17T09:54:25.618-0500][8.700s] GC(11)   Pre Evacuate Collection Set: 0.0ms
[2024-05-17T09:54:25.618-0500][8.701s] GC(11)   Evacuate Collection Set: 34.2ms
[2024-05-17T09:54:25.618-0500][8.701s] GC(11)   Post Evacuate Collection Set: 2.2ms
[2024-05-17T09:54:25.618-0500][8.701s] GC(11)   Other: 0.2ms
[2024-05-17T09:54:25.618-0500][8.701s] GC(11) Eden regions: 105->0(119)
[2024-05-17T09:54:25.618-0500][8.701s] GC(11) Survivor regions: 2->7(14)
[2024-05-17T09:54:25.618-0500][8.701s] GC(11) Old regions: 19->19
[2024-05-17T09:54:25.618-0500][8.701s] GC(11) Humongous regions: 4->4
[2024-05-17T09:54:25.618-0500][8.701s] GC(11) Metaspace: 38343K(39752K)->38343K(39752K) NonClass: 33692K(34480K)->33692K(34480K) Class: 4651K(5272K)->4651K(5272K)
[2024-05-17T09:54:25.618-0500][8.701s] GC(11) Pause Young (Normal) (G1 Evacuation Pause) 129M->29M(512M) 36.749ms
[2024-05-17T09:54:25.618-0500][8.701s] GC(11) User=0.03s Sys=0.00s Real=0.04s
[2024-05-17T09:54:26.146-0500][9.228s] GC(12) Pause Young (Concurrent Start) (Metadata GC Threshold)
[2024-05-17T09:54:26.146-0500][9.228s] GC(12) Using 1 workers of 1 for evacuation
[2024-05-17T09:54:26.173-0500][9.255s] GC(12)   Pre Evacuate Collection Set: 0.1ms
[2024-05-17T09:54:26.173-0500][9.256s] GC(12)   Evacuate Collection Set: 26.5ms
[2024-05-17T09:54:26.173-0500][9.256s] GC(12)   Post Evacuate Collection Set: 0.3ms
[2024-05-17T09:54:26.173-0500][9.256s] GC(12)   Other: 0.2ms
[2024-05-17T09:54:26.173-0500][9.256s] GC(12) Eden regions: 29->0(82)
[2024-05-17T09:54:26.173-0500][9.256s] GC(12) Survivor regions: 7->8(16)
[2024-05-17T09:54:26.173-0500][9.256s] GC(12) Old regions: 19->19
[2024-05-17T09:54:26.173-0500][9.256s] GC(12) Humongous regions: 4->4
[2024-05-17T09:54:26.173-0500][9.256s] GC(12) Metaspace: 40680K(42148K)->40680K(42148K) NonClass: 35695K(36492K)->35695K(36492K) Class: 4984K(5656K)->4984K(5656K)
[2024-05-17T09:54:26.173-0500][9.256s] GC(12) Pause Young (Concurrent Start) (Metadata GC Threshold) 58M->29M(512M) 27.298ms
[2024-05-17T09:54:26.173-0500][9.256s] GC(12) User=0.03s Sys=0.00s Real=0.03s
[2024-05-17T09:54:26.173-0500][9.256s] GC(13) Concurrent Cycle
[2024-05-17T09:54:26.173-0500][9.256s] GC(13) Concurrent Clear Claimed Marks
[2024-05-17T09:54:26.173-0500][9.256s] GC(13) Concurrent Clear Claimed Marks 0.074ms
[2024-05-17T09:54:26.173-0500][9.256s] GC(13) Concurrent Scan Root Regions
[2024-05-17T09:54:26.189-0500][9.272s] GC(13) Concurrent Scan Root Regions 15.745ms
[2024-05-17T09:54:26.189-0500][9.272s] GC(13) Concurrent Mark (9.272s)
[2024-05-17T09:54:26.189-0500][9.272s] GC(13) Concurrent Mark From Roots
[2024-05-17T09:54:26.189-0500][9.272s] GC(13) Using 1 workers of 1 for marking
[2024-05-17T09:54:26.290-0500][9.373s] GC(13) Concurrent Mark From Roots 101.019ms
[2024-05-17T09:54:26.290-0500][9.373s] GC(13) Concurrent Preclean
[2024-05-17T09:54:26.290-0500][9.373s] GC(13) Concurrent Preclean 0.053ms
[2024-05-17T09:54:26.290-0500][9.373s] GC(13) Concurrent Mark (9.272s, 9.373s) 101.132ms
[2024-05-17T09:54:26.291-0500][9.373s] GC(13) Pause Remark
[2024-05-17T09:54:26.314-0500][9.396s] GC(13) Cleaned string and symbol table, strings: 21257 processed, 0 removed, symbols: 120281 processed, 61 removed
[2024-05-17T09:54:26.314-0500][9.396s] GC(13) Pause Remark 33M->33M(512M) 23.232ms
[2024-05-17T09:54:26.314-0500][9.396s] GC(13) User=0.02s Sys=0.00s Real=0.03s
[2024-05-17T09:54:26.314-0500][9.396s] GC(13) Concurrent Rebuild Remembered Sets
[2024-05-17T09:54:26.370-0500][9.452s] GC(13) Concurrent Rebuild Remembered Sets 55.691ms
[2024-05-17T09:54:26.374-0500][9.456s] GC(13) Pause Cleanup
[2024-05-17T09:54:26.374-0500][9.457s] GC(13) Pause Cleanup 35M->35M(512M) 0.197ms
[2024-05-17T09:54:26.374-0500][9.457s] GC(13) User=0.00s Sys=0.00s Real=0.00s
[2024-05-17T09:54:26.374-0500][9.457s] GC(13) Concurrent Cleanup for Next Mark
[2024-05-17T09:54:26.375-0500][9.458s] GC(13) Concurrent Cleanup for Next Mark 1.352ms
[2024-05-17T09:54:26.375-0500][9.458s] GC(13) Concurrent Cycle 201.947ms
[2024-05-17T09:55:08.750-0500][51.833s] Heap
[2024-05-17T09:55:08.750-0500][51.833s]  garbage-first heap   total 524288K, used 77612K [0x00000000e0000000, 0x0000000100000000)
[2024-05-17T09:55:08.750-0500][51.833s]   region size 1024K, 55 young (56320K), 8 survivors (8192K)
[2024-05-17T09:55:08.750-0500][51.833s]  Metaspace       used 43687K, capacity 45193K, committed 45476K, reserved 1089536K
[2024-05-17T09:55:08.750-0500][51.833s]   class space    used 5407K, capacity 6048K, committed 6168K, reserved 1048576K
