[2024-05-18T14:56:31.973-0500][0.013s] Heap region size: 1M
[2024-05-18T14:56:32.098-0500][0.138s] Using G1
[2024-05-18T14:56:32.098-0500][0.139s] Heap address: 0x00000000e0000000, size: 512 MB, Compressed Oops mode: 32-bit
[2024-05-18T14:56:33.533-0500][1.574s] GC(0) Pause Young (Normal) (G1 Evacuation Pause)
[2024-05-18T14:56:33.534-0500][1.574s] GC(0) Using 1 workers of 1 for evacuation
[2024-05-18T14:56:33.544-0500][1.584s] GC(0)   Pre Evacuate Collection Set: 0.0ms
[2024-05-18T14:56:33.544-0500][1.584s] GC(0)   Evacuate Collection Set: 10.5ms
[2024-05-18T14:56:33.544-0500][1.584s] GC(0)   Post Evacuate Collection Set: 0.2ms
[2024-05-18T14:56:33.544-0500][1.584s] GC(0)   Other: 0.1ms
[2024-05-18T14:56:33.544-0500][1.584s] GC(0) Eden regions: 25->0(21)
[2024-05-18T14:56:33.544-0500][1.584s] GC(0) Survivor regions: 0->4(4)
[2024-05-18T14:56:33.544-0500][1.584s] GC(0) Old regions: 0->0
[2024-05-18T14:56:33.544-0500][1.584s] GC(0) Humongous regions: 0->0
[2024-05-18T14:56:33.544-0500][1.584s] GC(0) Metaspace: 6435K(7936K)->6435K(7936K) NonClass: 5700K(6912K)->5700K(6912K) Class: 735K(1024K)->735K(1024K)
[2024-05-18T14:56:33.544-0500][1.585s] GC(0) Pause Young (Normal) (G1 Evacuation Pause) 25M->3M(512M) 10.940ms
[2024-05-18T14:56:33.544-0500][1.585s] GC(0) User=0.01s Sys=0.00s Real=0.01s
[2024-05-18T14:56:34.447-0500][2.487s] GC(1) Pause Young (Normal) (G1 Evacuation Pause)
[2024-05-18T14:56:34.447-0500][2.487s] GC(1) Using 1 workers of 1 for evacuation
[2024-05-18T14:56:34.465-0500][2.505s] GC(1)   Pre Evacuate Collection Set: 0.0ms
[2024-05-18T14:56:34.465-0500][2.505s] GC(1)   Evacuate Collection Set: 17.9ms
[2024-05-18T14:56:34.465-0500][2.505s] GC(1)   Post Evacuate Collection Set: 0.3ms
[2024-05-18T14:56:34.465-0500][2.505s] GC(1)   Other: 0.1ms
[2024-05-18T14:56:34.465-0500][2.505s] GC(1) Eden regions: 21->0(21)
[2024-05-18T14:56:34.465-0500][2.505s] GC(1) Survivor regions: 4->4(4)
[2024-05-18T14:56:34.465-0500][2.505s] GC(1) Old regions: 0->4
[2024-05-18T14:56:34.465-0500][2.505s] GC(1) Humongous regions: 4->4
[2024-05-18T14:56:34.465-0500][2.505s] GC(1) Metaspace: 11632K(12416K)->11632K(12416K) NonClass: 10247K(10752K)->10247K(10752K) Class: 1384K(1664K)->1384K(1664K)
[2024-05-18T14:56:34.465-0500][2.505s] GC(1) Pause Young (Normal) (G1 Evacuation Pause) 28M->11M(512M) 18.398ms
[2024-05-18T14:56:34.465-0500][2.505s] GC(1) User=0.02s Sys=0.00s Real=0.02s
[2024-05-18T14:56:35.399-0500][3.439s] GC(2) Pause Young (Normal) (G1 Evacuation Pause)
[2024-05-18T14:56:35.399-0500][3.439s] GC(2) Using 1 workers of 1 for evacuation
[2024-05-18T14:56:35.425-0500][3.465s] GC(2)   Pre Evacuate Collection Set: 0.0ms
[2024-05-18T14:56:35.425-0500][3.465s] GC(2)   Evacuate Collection Set: 25.6ms
[2024-05-18T14:56:35.425-0500][3.465s] GC(2)   Post Evacuate Collection Set: 0.2ms
[2024-05-18T14:56:35.425-0500][3.465s] GC(2)   Other: 0.1ms
[2024-05-18T14:56:35.425-0500][3.465s] GC(2) Eden regions: 21->0(21)
[2024-05-18T14:56:35.425-0500][3.465s] GC(2) Survivor regions: 4->4(4)
[2024-05-18T14:56:35.425-0500][3.465s] GC(2) Old regions: 4->10
[2024-05-18T14:56:35.425-0500][3.465s] GC(2) Humongous regions: 4->4
[2024-05-18T14:56:35.425-0500][3.465s] GC(2) Metaspace: 17860K(18816K)->17860K(18816K) NonClass: 15757K(16384K)->15757K(16384K) Class: 2102K(2432K)->2102K(2432K)
[2024-05-18T14:56:35.425-0500][3.465s] GC(2) Pause Young (Normal) (G1 Evacuation Pause) 32M->17M(512M) 26.077ms
[2024-05-18T14:56:35.425-0500][3.465s] GC(2) User=0.03s Sys=0.00s Real=0.02s
[2024-05-18T14:56:35.921-0500][3.961s] GC(3) Pause Young (Normal) (G1 Evacuation Pause)
[2024-05-18T14:56:35.921-0500][3.961s] GC(3) Using 1 workers of 1 for evacuation
[2024-05-18T14:56:35.946-0500][3.986s] GC(3)   Pre Evacuate Collection Set: 0.0ms
[2024-05-18T14:56:35.946-0500][3.986s] GC(3)   Evacuate Collection Set: 24.6ms
[2024-05-18T14:56:35.946-0500][3.986s] GC(3)   Post Evacuate Collection Set: 0.2ms
[2024-05-18T14:56:35.946-0500][3.986s] GC(3)   Other: 0.1ms
[2024-05-18T14:56:35.946-0500][3.986s] GC(3) Eden regions: 21->0(23)
[2024-05-18T14:56:35.946-0500][3.986s] GC(3) Survivor regions: 4->2(4)
[2024-05-18T14:56:35.946-0500][3.986s] GC(3) Old regions: 10->14
[2024-05-18T14:56:35.946-0500][3.986s] GC(3) Humongous regions: 4->4
[2024-05-18T14:56:35.946-0500][3.986s] GC(3) Metaspace: 19868K(20864K)->19868K(20864K) NonClass: 17515K(18176K)->17515K(18176K) Class: 2353K(2688K)->2353K(2688K)
[2024-05-18T14:56:35.946-0500][3.986s] GC(3) Pause Young (Normal) (G1 Evacuation Pause) 38M->19M(512M) 25.157ms
[2024-05-18T14:56:35.946-0500][3.986s] GC(3) User=0.02s Sys=0.00s Real=0.02s
[2024-05-18T14:56:36.232-0500][4.273s] GC(4) Pause Young (Normal) (G1 Evacuation Pause)
[2024-05-18T14:56:36.232-0500][4.273s] GC(4) Using 1 workers of 1 for evacuation
[2024-05-18T14:56:36.241-0500][4.281s] GC(4)   Pre Evacuate Collection Set: 0.0ms
[2024-05-18T14:56:36.241-0500][4.281s] GC(4)   Evacuate Collection Set: 8.2ms
[2024-05-18T14:56:36.241-0500][4.281s] GC(4)   Post Evacuate Collection Set: 0.2ms
[2024-05-18T14:56:36.241-0500][4.281s] GC(4)   Other: 0.1ms
[2024-05-18T14:56:36.241-0500][4.281s] GC(4) Eden regions: 23->0(28)
[2024-05-18T14:56:36.241-0500][4.281s] GC(4) Survivor regions: 2->4(4)
[2024-05-18T14:56:36.241-0500][4.281s] GC(4) Old regions: 14->14
[2024-05-18T14:56:36.241-0500][4.281s] GC(4) Humongous regions: 4->4
[2024-05-18T14:56:36.241-0500][4.281s] GC(4) Metaspace: 19944K(20864K)->19944K(20864K) NonClass: 17590K(18176K)->17590K(18176K) Class: 2354K(2688K)->2354K(2688K)
[2024-05-18T14:56:36.241-0500][4.281s] GC(4) Pause Young (Normal) (G1 Evacuation Pause) 42M->21M(512M) 8.573ms
[2024-05-18T14:56:36.241-0500][4.281s] GC(4) User=0.01s Sys=0.00s Real=0.01s
[2024-05-18T14:56:36.453-0500][4.493s] GC(5) Pause Young (Normal) (G1 Evacuation Pause)
[2024-05-18T14:56:36.453-0500][4.493s] GC(5) Using 1 workers of 1 for evacuation
[2024-05-18T14:56:36.462-0500][4.503s] GC(5)   Pre Evacuate Collection Set: 0.0ms
[2024-05-18T14:56:36.462-0500][4.503s] GC(5)   Evacuate Collection Set: 9.1ms
[2024-05-18T14:56:36.462-0500][4.503s] GC(5)   Post Evacuate Collection Set: 0.2ms
[2024-05-18T14:56:36.463-0500][4.503s] GC(5)   Other: 0.1ms
[2024-05-18T14:56:36.463-0500][4.503s] GC(5) Eden regions: 28->0(38)
[2024-05-18T14:56:36.463-0500][4.503s] GC(5) Survivor regions: 4->2(4)
[2024-05-18T14:56:36.463-0500][4.503s] GC(5) Old regions: 14->18
[2024-05-18T14:56:36.463-0500][4.503s] GC(5) Humongous regions: 4->4
[2024-05-18T14:56:36.463-0500][4.503s] GC(5) Metaspace: 20012K(20864K)->20012K(20864K) NonClass: 17655K(18176K)->17655K(18176K) Class: 2356K(2688K)->2356K(2688K)
[2024-05-18T14:56:36.463-0500][4.503s] GC(5) Pause Young (Normal) (G1 Evacuation Pause) 49M->22M(512M) 9.497ms
[2024-05-18T14:56:36.463-0500][4.503s] GC(5) User=0.01s Sys=0.00s Real=0.01s
[2024-05-18T14:56:36.606-0500][4.646s] GC(6) Pause Young (Concurrent Start) (Metadata GC Threshold)
[2024-05-18T14:56:36.606-0500][4.646s] GC(6) Using 1 workers of 1 for evacuation
[2024-05-18T14:56:36.610-0500][4.650s] GC(6)   Pre Evacuate Collection Set: 0.1ms
[2024-05-18T14:56:36.610-0500][4.650s] GC(6)   Evacuate Collection Set: 3.9ms
[2024-05-18T14:56:36.610-0500][4.650s] GC(6)   Post Evacuate Collection Set: 0.1ms
[2024-05-18T14:56:36.610-0500][4.650s] GC(6)   Other: 0.2ms
[2024-05-18T14:56:36.610-0500][4.650s] GC(6) Eden regions: 11->0(40)
[2024-05-18T14:56:36.610-0500][4.650s] GC(6) Survivor regions: 2->2(5)
[2024-05-18T14:56:36.610-0500][4.650s] GC(6) Old regions: 18->18
[2024-05-18T14:56:36.610-0500][4.650s] GC(6) Humongous regions: 4->4
[2024-05-18T14:56:36.610-0500][4.650s] GC(6) Metaspace: 20411K(21296K)->20411K(21296K) NonClass: 18010K(18608K)->18010K(18608K) Class: 2400K(2688K)->2400K(2688K)
[2024-05-18T14:56:36.610-0500][4.650s] GC(6) Pause Young (Concurrent Start) (Metadata GC Threshold) 33M->23M(512M) 4.377ms
[2024-05-18T14:56:36.610-0500][4.650s] GC(6) User=0.01s Sys=0.00s Real=0.01s
[2024-05-18T14:56:36.611-0500][4.651s] GC(7) Concurrent Cycle
[2024-05-18T14:56:36.611-0500][4.651s] GC(7) Concurrent Clear Claimed Marks
[2024-05-18T14:56:36.611-0500][4.651s] GC(7) Concurrent Clear Claimed Marks 0.025ms
[2024-05-18T14:56:36.611-0500][4.651s] GC(7) Concurrent Scan Root Regions
[2024-05-18T14:56:36.611-0500][4.651s] GC(7) Concurrent Scan Root Regions 0.474ms
[2024-05-18T14:56:36.611-0500][4.651s] GC(7) Concurrent Mark (4.651s)
[2024-05-18T14:56:36.611-0500][4.651s] GC(7) Concurrent Mark From Roots
[2024-05-18T14:56:36.611-0500][4.651s] GC(7) Using 1 workers of 1 for marking
[2024-05-18T14:56:36.696-0500][4.736s] GC(7) Concurrent Mark From Roots 85.337ms
[2024-05-18T14:56:36.697-0500][4.737s] GC(7) Concurrent Preclean
[2024-05-18T14:56:36.697-0500][4.737s] GC(7) Concurrent Preclean 0.056ms
[2024-05-18T14:56:36.697-0500][4.737s] GC(7) Concurrent Mark (4.651s, 4.737s) 85.548ms
[2024-05-18T14:56:36.698-0500][4.738s] GC(7) Pause Remark
[2024-05-18T14:56:36.716-0500][4.756s] GC(7) Cleaned string and symbol table, strings: 13270 processed, 24 removed, symbols: 55098 processed, 38 removed
[2024-05-18T14:56:36.716-0500][4.756s] GC(7) Pause Remark 25M->25M(512M) 18.667ms
[2024-05-18T14:56:36.716-0500][4.756s] GC(7) User=0.02s Sys=0.00s Real=0.02s
[2024-05-18T14:56:36.716-0500][4.756s] GC(7) Concurrent Rebuild Remembered Sets
[2024-05-18T14:56:36.771-0500][4.811s] GC(7) Concurrent Rebuild Remembered Sets 54.840ms
[2024-05-18T14:56:36.771-0500][4.811s] GC(7) Pause Cleanup
[2024-05-18T14:56:36.771-0500][4.811s] GC(7) Pause Cleanup 26M->26M(512M) 0.103ms
[2024-05-18T14:56:36.771-0500][4.811s] GC(7) User=0.00s Sys=0.00s Real=0.00s
[2024-05-18T14:56:36.771-0500][4.811s] GC(7) Concurrent Cleanup for Next Mark
[2024-05-18T14:56:36.775-0500][4.815s] GC(7) Concurrent Cleanup for Next Mark 3.864ms
[2024-05-18T14:56:36.775-0500][4.815s] GC(7) Concurrent Cycle 164.789ms
[2024-05-18T14:56:37.435-0500][5.475s] GC(8) Pause Young (Concurrent Start) (G1 Evacuation Pause)
[2024-05-18T14:56:37.435-0500][5.475s] GC(8) Using 1 workers of 1 for evacuation
[2024-05-18T14:56:37.449-0500][5.489s] GC(8)   Pre Evacuate Collection Set: 0.0ms
[2024-05-18T14:56:37.449-0500][5.489s] GC(8)   Evacuate Collection Set: 11.6ms
[2024-05-18T14:56:37.449-0500][5.489s] GC(8)   Post Evacuate Collection Set: 2.2ms
[2024-05-18T14:56:37.449-0500][5.489s] GC(8)   Other: 0.2ms
[2024-05-18T14:56:37.449-0500][5.489s] GC(8) Eden regions: 42->0(51)
[2024-05-18T14:56:37.449-0500][5.489s] GC(8) Survivor regions: 2->3(6)
[2024-05-18T14:56:37.449-0500][5.489s] GC(8) Old regions: 18->18
[2024-05-18T14:56:37.449-0500][5.489s] GC(8) Humongous regions: 4->4
[2024-05-18T14:56:37.449-0500][5.489s] GC(8) Metaspace: 24103K(25344K)->24103K(25344K) NonClass: 21201K(22016K)->21201K(22016K) Class: 2902K(3328K)->2902K(3328K)
[2024-05-18T14:56:37.449-0500][5.489s] GC(8) Pause Young (Concurrent Start) (G1 Evacuation Pause) 65M->24M(512M) 14.187ms
[2024-05-18T14:56:37.449-0500][5.489s] GC(8) User=0.01s Sys=0.00s Real=0.02s
[2024-05-18T14:56:37.449-0500][5.489s] GC(9) Concurrent Cycle
[2024-05-18T14:56:37.449-0500][5.489s] GC(9) Concurrent Clear Claimed Marks
[2024-05-18T14:56:37.449-0500][5.489s] GC(9) Concurrent Clear Claimed Marks 0.026ms
[2024-05-18T14:56:37.449-0500][5.489s] GC(9) Concurrent Scan Root Regions
[2024-05-18T14:56:37.450-0500][5.490s] GC(9) Concurrent Scan Root Regions 1.268ms
[2024-05-18T14:56:37.450-0500][5.490s] GC(9) Concurrent Mark (5.490s)
[2024-05-18T14:56:37.450-0500][5.490s] GC(9) Concurrent Mark From Roots
[2024-05-18T14:56:37.450-0500][5.490s] GC(9) Using 1 workers of 1 for marking
[2024-05-18T14:56:37.542-0500][5.582s] GC(9) Concurrent Mark From Roots 91.680ms
[2024-05-18T14:56:37.542-0500][5.582s] GC(9) Concurrent Preclean
[2024-05-18T14:56:37.542-0500][5.582s] GC(9) Concurrent Preclean 0.044ms
[2024-05-18T14:56:37.542-0500][5.582s] GC(9) Concurrent Mark (5.490s, 5.582s) 91.775ms
[2024-05-18T14:56:37.542-0500][5.582s] GC(9) Pause Remark
[2024-05-18T14:56:37.550-0500][5.590s] GC(9) Cleaned string and symbol table, strings: 14711 processed, 2 removed, symbols: 67128 processed, 16 removed
[2024-05-18T14:56:37.550-0500][5.590s] GC(9) Pause Remark 29M->29M(512M) 8.072ms
[2024-05-18T14:56:37.550-0500][5.590s] GC(9) User=0.01s Sys=0.00s Real=0.01s
[2024-05-18T14:56:37.550-0500][5.590s] GC(9) Concurrent Rebuild Remembered Sets
[2024-05-18T14:56:37.599-0500][5.639s] GC(9) Concurrent Rebuild Remembered Sets 48.766ms
[2024-05-18T14:56:37.599-0500][5.639s] GC(9) Pause Cleanup
[2024-05-18T14:56:37.599-0500][5.639s] GC(9) Pause Cleanup 31M->31M(512M) 0.088ms
[2024-05-18T14:56:37.599-0500][5.639s] GC(9) User=0.00s Sys=0.00s Real=0.00s
[2024-05-18T14:56:37.599-0500][5.639s] GC(9) Concurrent Cleanup for Next Mark
[2024-05-18T14:56:37.607-0500][5.647s] GC(9) Concurrent Cleanup for Next Mark 7.573ms
[2024-05-18T14:56:37.607-0500][5.647s] GC(9) Concurrent Cycle 157.954ms
[2024-05-18T14:56:38.863-0500][6.903s] GC(10) Pause Young (Normal) (G1 Evacuation Pause)
[2024-05-18T14:56:38.863-0500][6.903s] GC(10) Using 1 workers of 1 for evacuation
[2024-05-18T14:56:38.879-0500][6.919s] GC(10)   Pre Evacuate Collection Set: 0.0ms
[2024-05-18T14:56:38.879-0500][6.919s] GC(10)   Evacuate Collection Set: 13.0ms
[2024-05-18T14:56:38.879-0500][6.919s] GC(10)   Post Evacuate Collection Set: 2.8ms
[2024-05-18T14:56:38.879-0500][6.919s] GC(10)   Other: 0.1ms
[2024-05-18T14:56:38.879-0500][6.919s] GC(10) Eden regions: 52->0(67)
[2024-05-18T14:56:38.879-0500][6.919s] GC(10) Survivor regions: 3->4(7)
[2024-05-18T14:56:38.879-0500][6.919s] GC(10) Old regions: 18->18
[2024-05-18T14:56:38.879-0500][6.919s] GC(10) Humongous regions: 4->4
[2024-05-18T14:56:38.879-0500][6.919s] GC(10) Metaspace: 28411K(29696K)->28411K(29696K) NonClass: 24998K(25856K)->24998K(25856K) Class: 3412K(3840K)->3412K(3840K)
[2024-05-18T14:56:38.879-0500][6.919s] GC(10) Pause Young (Normal) (G1 Evacuation Pause) 76M->25M(512M) 16.073ms
[2024-05-18T14:56:38.879-0500][6.919s] GC(10) User=0.01s Sys=0.00s Real=0.02s
[2024-05-18T14:56:40.268-0500][8.308s] GC(11) Pause Young (Normal) (G1 Evacuation Pause)
[2024-05-18T14:56:40.268-0500][8.308s] GC(11) Using 1 workers of 1 for evacuation
[2024-05-18T14:56:40.300-0500][8.340s] GC(11)   Pre Evacuate Collection Set: 0.0ms
[2024-05-18T14:56:40.300-0500][8.340s] GC(11)   Evacuate Collection Set: 28.5ms
[2024-05-18T14:56:40.300-0500][8.340s] GC(11)   Post Evacuate Collection Set: 3.6ms
[2024-05-18T14:56:40.300-0500][8.340s] GC(11)   Other: 0.2ms
[2024-05-18T14:56:40.300-0500][8.340s] GC(11) Eden regions: 67->0(85)
[2024-05-18T14:56:40.300-0500][8.340s] GC(11) Survivor regions: 4->8(9)
[2024-05-18T14:56:40.300-0500][8.340s] GC(11) Old regions: 18->18
[2024-05-18T14:56:40.300-0500][8.340s] GC(11) Humongous regions: 4->4
[2024-05-18T14:56:40.300-0500][8.340s] GC(11) Metaspace: 36769K(38272K)->36769K(38272K) NonClass: 32339K(33280K)->32339K(33280K) Class: 4430K(4992K)->4430K(4992K)
[2024-05-18T14:56:40.300-0500][8.340s] GC(11) Pause Young (Normal) (G1 Evacuation Pause) 92M->29M(512M) 32.330ms
[2024-05-18T14:56:40.300-0500][8.340s] GC(11) User=0.03s Sys=0.00s Real=0.04s
[2024-05-18T14:56:40.671-0500][8.711s] GC(12) Pause Young (Normal) (G1 Evacuation Pause)
[2024-05-18T14:56:40.671-0500][8.711s] GC(12) Using 1 workers of 1 for evacuation
[2024-05-18T14:56:40.688-0500][8.728s] GC(12)   Pre Evacuate Collection Set: 0.0ms
[2024-05-18T14:56:40.688-0500][8.728s] GC(12)   Evacuate Collection Set: 16.1ms
[2024-05-18T14:56:40.688-0500][8.728s] GC(12)   Post Evacuate Collection Set: 0.3ms
[2024-05-18T14:56:40.688-0500][8.728s] GC(12)   Other: 0.1ms
[2024-05-18T14:56:40.688-0500][8.728s] GC(12) Eden regions: 85->0(107)
[2024-05-18T14:56:40.688-0500][8.728s] GC(12) Survivor regions: 8->7(12)
[2024-05-18T14:56:40.688-0500][8.728s] GC(12) Old regions: 18->20
[2024-05-18T14:56:40.688-0500][8.728s] GC(12) Humongous regions: 4->4
[2024-05-18T14:56:40.688-0500][8.728s] GC(12) Metaspace: 37113K(38528K)->37113K(38528K) NonClass: 32633K(33536K)->32633K(33536K) Class: 4479K(4992K)->4479K(4992K)
[2024-05-18T14:56:40.688-0500][8.728s] GC(12) Pause Young (Normal) (G1 Evacuation Pause) 114M->29M(512M) 16.667ms
[2024-05-18T14:56:40.688-0500][8.728s] GC(12) User=0.01s Sys=0.00s Real=0.01s
[2024-05-18T14:56:41.499-0500][9.539s] GC(13) Pause Young (Concurrent Start) (Metadata GC Threshold)
[2024-05-18T14:56:41.499-0500][9.539s] GC(13) Using 1 workers of 1 for evacuation
[2024-05-18T14:56:41.538-0500][9.578s] GC(13)   Pre Evacuate Collection Set: 0.1ms
[2024-05-18T14:56:41.538-0500][9.578s] GC(13)   Evacuate Collection Set: 37.9ms
[2024-05-18T14:56:41.538-0500][9.578s] GC(13)   Post Evacuate Collection Set: 0.3ms
[2024-05-18T14:56:41.538-0500][9.578s] GC(13)   Other: 0.2ms
[2024-05-18T14:56:41.538-0500][9.578s] GC(13) Eden regions: 67->0(109)
[2024-05-18T14:56:41.538-0500][9.578s] GC(13) Survivor regions: 7->8(15)
[2024-05-18T14:56:41.538-0500][9.578s] GC(13) Old regions: 20->20
[2024-05-18T14:56:41.538-0500][9.578s] GC(13) Humongous regions: 4->4
[2024-05-18T14:56:41.538-0500][9.578s] GC(13) Metaspace: 41378K(42880K)->41378K(42880K) NonClass: 36313K(37248K)->36313K(37248K) Class: 5065K(5632K)->5065K(5632K)
[2024-05-18T14:56:41.538-0500][9.578s] GC(13) Pause Young (Concurrent Start) (Metadata GC Threshold) 96M->30M(512M) 38.607ms
[2024-05-18T14:56:41.538-0500][9.578s] GC(13) User=0.04s Sys=0.01s Real=0.03s
[2024-05-18T14:56:41.538-0500][9.578s] GC(14) Concurrent Cycle
[2024-05-18T14:56:41.538-0500][9.578s] GC(14) Concurrent Clear Claimed Marks
[2024-05-18T14:56:41.538-0500][9.578s] GC(14) Concurrent Clear Claimed Marks 0.118ms
[2024-05-18T14:56:41.538-0500][9.578s] GC(14) Concurrent Scan Root Regions
[2024-05-18T14:56:41.564-0500][9.604s] GC(14) Concurrent Scan Root Regions 26.065ms
[2024-05-18T14:56:41.564-0500][9.604s] GC(14) Concurrent Mark (9.604s)
[2024-05-18T14:56:41.564-0500][9.604s] GC(14) Concurrent Mark From Roots
[2024-05-18T14:56:41.564-0500][9.604s] GC(14) Using 1 workers of 1 for marking
[2024-05-18T14:56:41.692-0500][9.732s] GC(14) Concurrent Mark From Roots 128.168ms
[2024-05-18T14:56:41.692-0500][9.732s] GC(14) Concurrent Preclean
[2024-05-18T14:56:41.692-0500][9.732s] GC(14) Concurrent Preclean 0.064ms
[2024-05-18T14:56:41.692-0500][9.732s] GC(14) Concurrent Mark (9.604s, 9.732s) 128.285ms
[2024-05-18T14:56:41.693-0500][9.733s] GC(14) Pause Remark
[2024-05-18T14:56:41.709-0500][9.749s] GC(14) Cleaned string and symbol table, strings: 21541 processed, 0 removed, symbols: 123019 processed, 110 removed
[2024-05-18T14:56:41.709-0500][9.749s] GC(14) Pause Remark 38M->38M(512M) 16.201ms
[2024-05-18T14:56:41.709-0500][9.749s] GC(14) User=0.01s Sys=0.00s Real=0.02s
[2024-05-18T14:56:41.710-0500][9.751s] GC(14) Concurrent Rebuild Remembered Sets
[2024-05-18T14:56:41.797-0500][9.837s] GC(14) Concurrent Rebuild Remembered Sets 86.925ms
[2024-05-18T14:56:41.798-0500][9.838s] GC(14) Pause Cleanup
[2024-05-18T14:56:41.798-0500][9.838s] GC(14) Pause Cleanup 43M->43M(512M) 0.119ms
[2024-05-18T14:56:41.798-0500][9.838s] GC(14) User=0.00s Sys=0.00s Real=0.00s
[2024-05-18T14:56:41.798-0500][9.838s] GC(14) Concurrent Cleanup for Next Mark
[2024-05-18T14:56:41.799-0500][9.839s] GC(14) Concurrent Cleanup for Next Mark 1.337ms
[2024-05-18T14:56:41.799-0500][9.839s] GC(14) Concurrent Cycle 261.222ms
[2024-05-18T14:56:43.209-0500][11.249s] GC(15) Pause Young (Concurrent Start) (G1 Evacuation Pause)
[2024-05-18T14:56:43.209-0500][11.249s] GC(15) Using 1 workers of 1 for evacuation
[2024-05-18T14:56:43.249-0500][11.289s] GC(15)   Pre Evacuate Collection Set: 0.1ms
[2024-05-18T14:56:43.249-0500][11.289s] GC(15)   Evacuate Collection Set: 39.7ms
[2024-05-18T14:56:43.249-0500][11.289s] GC(15)   Post Evacuate Collection Set: 0.3ms
[2024-05-18T14:56:43.249-0500][11.290s] GC(15)   Other: 0.2ms
[2024-05-18T14:56:43.249-0500][11.290s] GC(15) Eden regions: 111->0(137)
[2024-05-18T14:56:43.249-0500][11.290s] GC(15) Survivor regions: 8->15(15)
[2024-05-18T14:56:43.249-0500][11.290s] GC(15) Old regions: 20->20
[2024-05-18T14:56:43.249-0500][11.290s] GC(15) Humongous regions: 4->4
[2024-05-18T14:56:43.249-0500][11.290s] GC(15) Metaspace: 48146K(49868K)->48146K(49868K) NonClass: 42196K(43264K)->42196K(43264K) Class: 5950K(6604K)->5950K(6604K)
[2024-05-18T14:56:43.249-0500][11.290s] GC(15) Pause Young (Concurrent Start) (G1 Evacuation Pause) 141M->38M(512M) 40.484ms
[2024-05-18T14:56:43.249-0500][11.290s] GC(15) User=0.04s Sys=0.00s Real=0.04s
[2024-05-18T14:56:43.250-0500][11.290s] GC(16) Concurrent Cycle
[2024-05-18T14:56:43.250-0500][11.290s] GC(16) Concurrent Clear Claimed Marks
[2024-05-18T14:56:43.250-0500][11.290s] GC(16) Concurrent Clear Claimed Marks 0.146ms
[2024-05-18T14:56:43.250-0500][11.290s] GC(16) Concurrent Scan Root Regions
[2024-05-18T14:56:43.303-0500][11.343s] GC(16) Concurrent Scan Root Regions 53.298ms
[2024-05-18T14:56:43.303-0500][11.343s] GC(16) Concurrent Mark (11.343s)
[2024-05-18T14:56:43.303-0500][11.343s] GC(16) Concurrent Mark From Roots
[2024-05-18T14:56:43.303-0500][11.343s] GC(16) Using 1 workers of 1 for marking
[2024-05-18T14:56:43.446-0500][11.486s] GC(16) Concurrent Mark From Roots 142.625ms
[2024-05-18T14:56:43.446-0500][11.486s] GC(16) Concurrent Preclean
[2024-05-18T14:56:43.446-0500][11.486s] GC(16) Concurrent Preclean 0.068ms
[2024-05-18T14:56:43.446-0500][11.486s] GC(16) Concurrent Mark (11.343s, 11.486s) 142.747ms
[2024-05-18T14:56:43.450-0500][11.490s] GC(16) Pause Remark
[2024-05-18T14:56:43.464-0500][11.504s] GC(16) Cleaned string and symbol table, strings: 25070 processed, 0 removed, symbols: 139810 processed, 184 removed
[2024-05-18T14:56:43.464-0500][11.504s] GC(16) Pause Remark 47M->47M(512M) 14.153ms
[2024-05-18T14:56:43.464-0500][11.504s] GC(16) User=0.01s Sys=0.00s Real=0.01s
[2024-05-18T14:56:43.464-0500][11.504s] GC(16) Concurrent Rebuild Remembered Sets
[2024-05-18T14:56:43.552-0500][11.592s] GC(16) Concurrent Rebuild Remembered Sets 87.878ms
[2024-05-18T14:56:43.552-0500][11.592s] GC(16) Pause Cleanup
[2024-05-18T14:56:43.552-0500][11.593s] GC(16) Pause Cleanup 50M->50M(512M) 0.112ms
[2024-05-18T14:56:43.552-0500][11.593s] GC(16) User=0.00s Sys=0.00s Real=0.00s
[2024-05-18T14:56:43.553-0500][11.593s] GC(16) Concurrent Cleanup for Next Mark
[2024-05-18T14:56:43.560-0500][11.600s] GC(16) Concurrent Cleanup for Next Mark 7.681ms
[2024-05-18T14:56:43.560-0500][11.600s] GC(16) Concurrent Cycle 310.698ms
[2024-05-18T14:56:44.977-0500][13.017s] GC(17) Pause Young (Normal) (G1 Evacuation Pause)
[2024-05-18T14:56:44.977-0500][13.017s] GC(17) Using 1 workers of 1 for evacuation
[2024-05-18T14:56:45.033-0500][13.073s] GC(17)   Pre Evacuate Collection Set: 0.0ms
[2024-05-18T14:56:45.033-0500][13.073s] GC(17)   Evacuate Collection Set: 54.9ms
[2024-05-18T14:56:45.033-0500][13.073s] GC(17)   Post Evacuate Collection Set: 0.6ms
[2024-05-18T14:56:45.033-0500][13.073s] GC(17)   Other: 0.2ms
[2024-05-18T14:56:45.033-0500][13.073s] GC(17) Eden regions: 140->0(163)
[2024-05-18T14:56:45.033-0500][13.073s] GC(17) Survivor regions: 15->16(20)
[2024-05-18T14:56:45.033-0500][13.073s] GC(17) Old regions: 20->25
[2024-05-18T14:56:45.033-0500][13.073s] GC(17) Humongous regions: 5->5
[2024-05-18T14:56:45.033-0500][13.073s] GC(17) Metaspace: 54090K(56268K)->54090K(56268K) NonClass: 47335K(48640K)->47335K(48640K) Class: 6754K(7628K)->6754K(7628K)
[2024-05-18T14:56:45.033-0500][13.073s] GC(17) Pause Young (Normal) (G1 Evacuation Pause) 179M->45M(512M) 55.789ms
[2024-05-18T14:56:45.033-0500][13.073s] GC(17) User=0.05s Sys=0.00s Real=0.06s
[2024-05-18T14:59:15.370-0500][163.410s] GC(18) Pause Young (Normal) (G1 Evacuation Pause)
[2024-05-18T14:59:15.370-0500][163.410s] GC(18) Using 1 workers of 1 for evacuation
[2024-05-18T14:59:15.419-0500][163.459s] GC(18)   Pre Evacuate Collection Set: 0.1ms
[2024-05-18T14:59:15.419-0500][163.459s] GC(18)   Evacuate Collection Set: 48.0ms
[2024-05-18T14:59:15.419-0500][163.459s] GC(18)   Post Evacuate Collection Set: 0.7ms
[2024-05-18T14:59:15.419-0500][163.459s] GC(18)   Other: 0.2ms
[2024-05-18T14:59:15.419-0500][163.459s] GC(18) Eden regions: 163->0(192)
[2024-05-18T14:59:15.419-0500][163.459s] GC(18) Survivor regions: 16->17(23)
[2024-05-18T14:59:15.419-0500][163.459s] GC(18) Old regions: 25->34
[2024-05-18T14:59:15.419-0500][163.459s] GC(18) Humongous regions: 5->5
[2024-05-18T14:59:15.419-0500][163.459s] GC(18) Metaspace: 58721K(60876K)->58721K(60876K) NonClass: 51476K(52736K)->51476K(52736K) Class: 7244K(8140K)->7244K(8140K)
[2024-05-18T14:59:15.419-0500][163.459s] GC(18) Pause Young (Normal) (G1 Evacuation Pause) 208M->55M(512M) 49.100ms
[2024-05-18T14:59:15.419-0500][163.459s] GC(18) User=0.05s Sys=0.00s Real=0.05s
[2024-05-18T18:35:10.051-0500][13118.091s] GC(19) Pause Young (Normal) (G1 Evacuation Pause)
[2024-05-18T18:35:10.051-0500][13118.092s] GC(19) Using 1 workers of 1 for evacuation
[2024-05-18T18:35:10.101-0500][13118.141s] GC(19)   Pre Evacuate Collection Set: 0.0ms
[2024-05-18T18:35:10.102-0500][13118.143s] GC(19)   Evacuate Collection Set: 48.7ms
[2024-05-18T18:35:10.102-0500][13118.143s] GC(19)   Post Evacuate Collection Set: 0.7ms
[2024-05-18T18:35:10.102-0500][13118.143s] GC(19)   Other: 0.7ms
[2024-05-18T18:35:10.102-0500][13118.143s] GC(19) Eden regions: 190->0(248)
[2024-05-18T18:35:10.103-0500][13118.143s] GC(19) Survivor regions: 17->6(26)
[2024-05-18T18:35:10.103-0500][13118.143s] GC(19) Old regions: 34->40
[2024-05-18T18:35:10.103-0500][13118.143s] GC(19) Humongous regions: 7->5
[2024-05-18T18:35:10.103-0500][13118.143s] GC(19) Metaspace: 61231K(63692K)->61231K(63692K) NonClass: 53766K(55296K)->53766K(55296K) Class: 7464K(8396K)->7464K(8396K)
[2024-05-18T18:35:10.103-0500][13118.143s] GC(19) Pause Young (Normal) (G1 Evacuation Pause) 247M->50M(512M) 51.211ms
[2024-05-18T18:35:10.103-0500][13118.143s] GC(19) User=0.03s Sys=0.00s Real=0.05s
[2024-05-18T18:35:10.299-0500][13118.339s] Heap
[2024-05-18T18:35:10.299-0500][13118.339s]  garbage-first heap   total 524288K, used 65024K [0x00000000e0000000, 0x0000000100000000)
[2024-05-18T18:35:10.299-0500][13118.339s]   region size 1024K, 20 young (20480K), 6 survivors (6144K)
[2024-05-18T18:35:10.299-0500][13118.339s]  Metaspace       used 61421K, capacity 63725K, committed 63820K, reserved 1103872K
[2024-05-18T18:35:10.299-0500][13118.339s]   class space    used 7487K, capacity 8438K, committed 8524K, reserved 1048576K
