[2024-05-17T14:35:52.664-0500][0.012s] Heap region size: 1M
[2024-05-17T14:35:52.910-0500][0.257s] Using G1
[2024-05-17T14:35:52.910-0500][0.257s] Heap address: 0x00000000e0000000, size: 512 MB, Compressed Oops mode: 32-bit
[2024-05-17T14:35:54.388-0500][1.735s] GC(0) Pause Young (Normal) (G1 Evacuation Pause)
[2024-05-17T14:35:54.388-0500][1.735s] GC(0) Using 1 workers of 1 for evacuation
[2024-05-17T14:35:54.400-0500][1.748s] GC(0)   Pre Evacuate Collection Set: 0.0ms
[2024-05-17T14:35:54.400-0500][1.748s] GC(0)   Evacuate Collection Set: 11.7ms
[2024-05-17T14:35:54.400-0500][1.748s] GC(0)   Post Evacuate Collection Set: 0.4ms
[2024-05-17T14:35:54.400-0500][1.748s] GC(0)   Other: 0.1ms
[2024-05-17T14:35:54.400-0500][1.748s] GC(0) Eden regions: 25->0(21)
[2024-05-17T14:35:54.400-0500][1.748s] GC(0) Survivor regions: 0->4(4)
[2024-05-17T14:35:54.400-0500][1.748s] GC(0) Old regions: 0->0
[2024-05-17T14:35:54.400-0500][1.748s] GC(0) Humongous regions: 0->0
[2024-05-17T14:35:54.400-0500][1.748s] GC(0) Metaspace: 6386K(7808K)->6386K(7808K) NonClass: 5666K(6912K)->5666K(6912K) Class: 720K(896K)->720K(896K)
[2024-05-17T14:35:54.400-0500][1.748s] GC(0) Pause Young (Normal) (G1 Evacuation Pause) 25M->3M(512M) 12.328ms
[2024-05-17T14:35:54.400-0500][1.748s] GC(0) User=0.02s Sys=0.00s Real=0.01s
[2024-05-17T14:35:55.443-0500][2.790s] GC(1) Pause Young (Normal) (G1 Evacuation Pause)
[2024-05-17T14:35:55.443-0500][2.790s] GC(1) Using 1 workers of 1 for evacuation
[2024-05-17T14:35:55.466-0500][2.814s] GC(1)   Pre Evacuate Collection Set: 0.0ms
[2024-05-17T14:35:55.466-0500][2.814s] GC(1)   Evacuate Collection Set: 23.1ms
[2024-05-17T14:35:55.466-0500][2.814s] GC(1)   Post Evacuate Collection Set: 0.2ms
[2024-05-17T14:35:55.466-0500][2.814s] GC(1)   Other: 0.1ms
[2024-05-17T14:35:55.466-0500][2.814s] GC(1) Eden regions: 21->0(21)
[2024-05-17T14:35:55.466-0500][2.814s] GC(1) Survivor regions: 4->4(4)
[2024-05-17T14:35:55.466-0500][2.814s] GC(1) Old regions: 0->3
[2024-05-17T14:35:55.466-0500][2.814s] GC(1) Humongous regions: 4->4
[2024-05-17T14:35:55.466-0500][2.814s] GC(1) Metaspace: 11631K(12416K)->11631K(12416K) NonClass: 10250K(10752K)->10250K(10752K) Class: 1381K(1664K)->1381K(1664K)
[2024-05-17T14:35:55.466-0500][2.814s] GC(1) Pause Young (Normal) (G1 Evacuation Pause) 28M->10M(512M) 23.598ms
[2024-05-17T14:35:55.466-0500][2.814s] GC(1) User=0.03s Sys=0.00s Real=0.02s
[2024-05-17T14:35:56.394-0500][3.741s] GC(2) Pause Young (Normal) (G1 Evacuation Pause)
[2024-05-17T14:35:56.394-0500][3.741s] GC(2) Using 1 workers of 1 for evacuation
[2024-05-17T14:35:56.419-0500][3.767s] GC(2)   Pre Evacuate Collection Set: 0.0ms
[2024-05-17T14:35:56.419-0500][3.767s] GC(2)   Evacuate Collection Set: 25.1ms
[2024-05-17T14:35:56.419-0500][3.767s] GC(2)   Post Evacuate Collection Set: 0.2ms
[2024-05-17T14:35:56.419-0500][3.767s] GC(2)   Other: 0.1ms
[2024-05-17T14:35:56.419-0500][3.767s] GC(2) Eden regions: 21->0(21)
[2024-05-17T14:35:56.419-0500][3.767s] GC(2) Survivor regions: 4->4(4)
[2024-05-17T14:35:56.419-0500][3.767s] GC(2) Old regions: 3->10
[2024-05-17T14:35:56.419-0500][3.767s] GC(2) Humongous regions: 4->4
[2024-05-17T14:35:56.419-0500][3.767s] GC(2) Metaspace: 17731K(18560K)->17731K(18560K) NonClass: 15641K(16128K)->15641K(16128K) Class: 2089K(2432K)->2089K(2432K)
[2024-05-17T14:35:56.419-0500][3.767s] GC(2) Pause Young (Normal) (G1 Evacuation Pause) 31M->17M(512M) 25.646ms
[2024-05-17T14:35:56.419-0500][3.767s] GC(2) User=0.03s Sys=0.00s Real=0.02s
[2024-05-17T14:35:56.955-0500][4.303s] GC(3) Pause Young (Normal) (G1 Evacuation Pause)
[2024-05-17T14:35:56.955-0500][4.303s] GC(3) Using 1 workers of 1 for evacuation
[2024-05-17T14:35:56.970-0500][4.318s] GC(3)   Pre Evacuate Collection Set: 0.0ms
[2024-05-17T14:35:56.970-0500][4.318s] GC(3)   Evacuate Collection Set: 15.1ms
[2024-05-17T14:35:56.970-0500][4.318s] GC(3)   Post Evacuate Collection Set: 0.2ms
[2024-05-17T14:35:56.970-0500][4.318s] GC(3)   Other: 0.1ms
[2024-05-17T14:35:56.970-0500][4.318s] GC(3) Eden regions: 21->0(23)
[2024-05-17T14:35:56.970-0500][4.318s] GC(3) Survivor regions: 4->2(4)
[2024-05-17T14:35:56.970-0500][4.318s] GC(3) Old regions: 10->14
[2024-05-17T14:35:56.970-0500][4.318s] GC(3) Humongous regions: 4->4
[2024-05-17T14:35:56.970-0500][4.318s] GC(3) Metaspace: 19846K(20864K)->19846K(20864K) NonClass: 17496K(18176K)->17496K(18176K) Class: 2349K(2688K)->2349K(2688K)
[2024-05-17T14:35:56.970-0500][4.318s] GC(3) Pause Young (Normal) (G1 Evacuation Pause) 38M->19M(512M) 15.533ms
[2024-05-17T14:35:56.970-0500][4.318s] GC(3) User=0.02s Sys=0.00s Real=0.01s
[2024-05-17T14:35:57.178-0500][4.526s] GC(4) Pause Young (Normal) (G1 Evacuation Pause)
[2024-05-17T14:35:57.178-0500][4.526s] GC(4) Using 1 workers of 1 for evacuation
[2024-05-17T14:35:57.184-0500][4.532s] GC(4)   Pre Evacuate Collection Set: 0.0ms
[2024-05-17T14:35:57.184-0500][4.532s] GC(4)   Evacuate Collection Set: 5.6ms
[2024-05-17T14:35:57.184-0500][4.532s] GC(4)   Post Evacuate Collection Set: 0.2ms
[2024-05-17T14:35:57.184-0500][4.532s] GC(4)   Other: 0.1ms
[2024-05-17T14:35:57.184-0500][4.532s] GC(4) Eden regions: 23->0(29)
[2024-05-17T14:35:57.184-0500][4.532s] GC(4) Survivor regions: 2->3(4)
[2024-05-17T14:35:57.184-0500][4.532s] GC(4) Old regions: 14->14
[2024-05-17T14:35:57.184-0500][4.532s] GC(4) Humongous regions: 4->4
[2024-05-17T14:35:57.185-0500][4.532s] GC(4) Metaspace: 19920K(20864K)->19920K(20864K) NonClass: 17569K(18176K)->17569K(18176K) Class: 2350K(2688K)->2350K(2688K)
[2024-05-17T14:35:57.185-0500][4.532s] GC(4) Pause Young (Normal) (G1 Evacuation Pause) 42M->19M(512M) 6.102ms
[2024-05-17T14:35:57.185-0500][4.532s] GC(4) User=0.00s Sys=0.00s Real=0.01s
[2024-05-17T14:35:57.411-0500][4.758s] GC(5) Pause Young (Normal) (G1 Evacuation Pause)
[2024-05-17T14:35:57.411-0500][4.758s] GC(5) Using 1 workers of 1 for evacuation
[2024-05-17T14:35:57.425-0500][4.772s] GC(5)   Pre Evacuate Collection Set: 0.0ms
[2024-05-17T14:35:57.425-0500][4.772s] GC(5)   Evacuate Collection Set: 9.2ms
[2024-05-17T14:35:57.425-0500][4.772s] GC(5)   Post Evacuate Collection Set: 4.8ms
[2024-05-17T14:35:57.425-0500][4.772s] GC(5)   Other: 0.1ms
[2024-05-17T14:35:57.425-0500][4.772s] GC(5) Eden regions: 29->0(34)
[2024-05-17T14:35:57.425-0500][4.772s] GC(5) Survivor regions: 3->4(4)
[2024-05-17T14:35:57.425-0500][4.772s] GC(5) Old regions: 14->15
[2024-05-17T14:35:57.425-0500][4.772s] GC(5) Humongous regions: 4->4
[2024-05-17T14:35:57.425-0500][4.773s] GC(5) Metaspace: 19989K(20864K)->19989K(20864K) NonClass: 17636K(18176K)->17636K(18176K) Class: 2353K(2688K)->2353K(2688K)
[2024-05-17T14:35:57.425-0500][4.773s] GC(5) Pause Young (Normal) (G1 Evacuation Pause) 48M->22M(512M) 14.205ms
[2024-05-17T14:35:57.425-0500][4.773s] GC(5) User=0.01s Sys=0.00s Real=0.02s
[2024-05-17T14:35:57.734-0500][5.081s] GC(6) Pause Young (Concurrent Start) (Metadata GC Threshold)
[2024-05-17T14:35:57.734-0500][5.081s] GC(6) Using 1 workers of 1 for evacuation
[2024-05-17T14:35:57.741-0500][5.088s] GC(6)   Pre Evacuate Collection Set: 0.1ms
[2024-05-17T14:35:57.741-0500][5.088s] GC(6)   Evacuate Collection Set: 5.2ms
[2024-05-17T14:35:57.741-0500][5.088s] GC(6)   Post Evacuate Collection Set: 1.6ms
[2024-05-17T14:35:57.741-0500][5.088s] GC(6)   Other: 0.2ms
[2024-05-17T14:35:57.741-0500][5.088s] GC(6) Eden regions: 24->0(36)
[2024-05-17T14:35:57.741-0500][5.088s] GC(6) Survivor regions: 4->3(5)
[2024-05-17T14:35:57.741-0500][5.088s] GC(6) Old regions: 15->16
[2024-05-17T14:35:57.741-0500][5.088s] GC(6) Humongous regions: 4->4
[2024-05-17T14:35:57.741-0500][5.088s] GC(6) Metaspace: 20393K(21296K)->20393K(21296K) NonClass: 17996K(18608K)->17996K(18608K) Class: 2396K(2688K)->2396K(2688K)
[2024-05-17T14:35:57.741-0500][5.089s] GC(6) Pause Young (Concurrent Start) (Metadata GC Threshold) 46M->22M(512M) 7.226ms
[2024-05-17T14:35:57.741-0500][5.089s] GC(6) User=0.01s Sys=0.00s Real=0.00s
[2024-05-17T14:35:57.741-0500][5.089s] GC(7) Concurrent Cycle
[2024-05-17T14:35:57.741-0500][5.089s] GC(7) Concurrent Clear Claimed Marks
[2024-05-17T14:35:57.741-0500][5.089s] GC(7) Concurrent Clear Claimed Marks 0.030ms
[2024-05-17T14:35:57.741-0500][5.089s] GC(7) Concurrent Scan Root Regions
[2024-05-17T14:35:57.742-0500][5.089s] GC(7) Concurrent Scan Root Regions 0.495ms
[2024-05-17T14:35:57.742-0500][5.089s] GC(7) Concurrent Mark (5.089s)
[2024-05-17T14:35:57.742-0500][5.089s] GC(7) Concurrent Mark From Roots
[2024-05-17T14:35:57.742-0500][5.089s] GC(7) Using 1 workers of 1 for marking
[2024-05-17T14:35:57.852-0500][5.199s] GC(7) Concurrent Mark From Roots 109.962ms
[2024-05-17T14:35:57.852-0500][5.199s] GC(7) Concurrent Preclean
[2024-05-17T14:35:57.852-0500][5.199s] GC(7) Concurrent Preclean 0.054ms
[2024-05-17T14:35:57.852-0500][5.199s] GC(7) Concurrent Mark (5.089s, 5.199s) 110.070ms
[2024-05-17T14:35:57.852-0500][5.199s] GC(7) Pause Remark
[2024-05-17T14:35:57.864-0500][5.212s] GC(7) Cleaned string and symbol table, strings: 13344 processed, 23 removed, symbols: 55104 processed, 38 removed
[2024-05-17T14:35:57.864-0500][5.212s] GC(7) Pause Remark 25M->25M(512M) 12.585ms
[2024-05-17T14:35:57.864-0500][5.212s] GC(7) User=0.01s Sys=0.00s Real=0.01s
[2024-05-17T14:35:57.867-0500][5.214s] GC(7) Concurrent Rebuild Remembered Sets
[2024-05-17T14:35:57.931-0500][5.278s] GC(7) Concurrent Rebuild Remembered Sets 64.037ms
[2024-05-17T14:35:57.931-0500][5.278s] GC(7) Pause Cleanup
[2024-05-17T14:35:57.931-0500][5.279s] GC(7) Pause Cleanup 26M->26M(512M) 0.116ms
[2024-05-17T14:35:57.931-0500][5.279s] GC(7) User=0.00s Sys=0.00s Real=0.00s
[2024-05-17T14:35:57.931-0500][5.279s] GC(7) Concurrent Cleanup for Next Mark
[2024-05-17T14:35:57.932-0500][5.280s] GC(7) Concurrent Cleanup for Next Mark 1.350ms
[2024-05-17T14:35:57.932-0500][5.280s] GC(7) Concurrent Cycle 191.315ms
[2024-05-17T14:35:58.520-0500][5.868s] GC(8) Pause Young (Concurrent Start) (G1 Evacuation Pause)
[2024-05-17T14:35:58.520-0500][5.868s] GC(8) Using 1 workers of 1 for evacuation
[2024-05-17T14:35:58.530-0500][5.877s] GC(8)   Pre Evacuate Collection Set: 0.0ms
[2024-05-17T14:35:58.530-0500][5.877s] GC(8)   Evacuate Collection Set: 9.0ms
[2024-05-17T14:35:58.530-0500][5.877s] GC(8)   Post Evacuate Collection Set: 0.3ms
[2024-05-17T14:35:58.530-0500][5.877s] GC(8)   Other: 0.2ms
[2024-05-17T14:35:58.530-0500][5.877s] GC(8) Eden regions: 38->0(48)
[2024-05-17T14:35:58.530-0500][5.877s] GC(8) Survivor regions: 3->4(6)
[2024-05-17T14:35:58.530-0500][5.877s] GC(8) Old regions: 16->16
[2024-05-17T14:35:58.530-0500][5.877s] GC(8) Humongous regions: 4->4
[2024-05-17T14:35:58.530-0500][5.877s] GC(8) Metaspace: 23849K(25088K)->23849K(25088K) NonClass: 21012K(21760K)->21012K(21760K) Class: 2836K(3328K)->2836K(3328K)
[2024-05-17T14:35:58.530-0500][5.877s] GC(8) Pause Young (Concurrent Start) (G1 Evacuation Pause) 60M->23M(512M) 9.651ms
[2024-05-17T14:35:58.530-0500][5.877s] GC(8) User=0.01s Sys=0.00s Real=0.01s
[2024-05-17T14:35:58.530-0500][5.877s] GC(9) Concurrent Cycle
[2024-05-17T14:35:58.530-0500][5.877s] GC(9) Concurrent Clear Claimed Marks
[2024-05-17T14:35:58.530-0500][5.877s] GC(9) Concurrent Clear Claimed Marks 0.034ms
[2024-05-17T14:35:58.530-0500][5.878s] GC(9) Concurrent Scan Root Regions
[2024-05-17T14:35:58.531-0500][5.879s] GC(9) Concurrent Scan Root Regions 1.280ms
[2024-05-17T14:35:58.531-0500][5.879s] GC(9) Concurrent Mark (5.879s)
[2024-05-17T14:35:58.531-0500][5.879s] GC(9) Concurrent Mark From Roots
[2024-05-17T14:35:58.531-0500][5.879s] GC(9) Using 1 workers of 1 for marking
[2024-05-17T14:35:58.628-0500][5.976s] GC(9) Concurrent Mark From Roots 96.938ms
[2024-05-17T14:35:58.628-0500][5.976s] GC(9) Concurrent Preclean
[2024-05-17T14:35:58.628-0500][5.976s] GC(9) Concurrent Preclean 0.050ms
[2024-05-17T14:35:58.628-0500][5.976s] GC(9) Concurrent Mark (5.879s, 5.976s) 97.041ms
[2024-05-17T14:35:58.628-0500][5.976s] GC(9) Pause Remark
[2024-05-17T14:35:58.637-0500][5.985s] GC(9) Cleaned string and symbol table, strings: 14618 processed, 2 removed, symbols: 66384 processed, 16 removed
[2024-05-17T14:35:58.640-0500][5.988s] GC(9) Pause Remark 28M->28M(512M) 11.766ms
[2024-05-17T14:35:58.640-0500][5.988s] GC(9) User=0.01s Sys=0.00s Real=0.01s
[2024-05-17T14:35:58.642-0500][5.989s] GC(9) Concurrent Rebuild Remembered Sets
[2024-05-17T14:35:58.697-0500][6.044s] GC(9) Concurrent Rebuild Remembered Sets 55.139ms
[2024-05-17T14:35:58.701-0500][6.049s] GC(9) Pause Cleanup
[2024-05-17T14:35:58.701-0500][6.049s] GC(9) Pause Cleanup 32M->32M(512M) 0.104ms
[2024-05-17T14:35:58.701-0500][6.049s] GC(9) User=0.00s Sys=0.00s Real=0.00s
[2024-05-17T14:35:58.701-0500][6.049s] GC(9) Concurrent Cleanup for Next Mark
[2024-05-17T14:35:58.702-0500][6.050s] GC(9) Concurrent Cleanup for Next Mark 1.388ms
[2024-05-17T14:35:58.702-0500][6.050s] GC(9) Concurrent Cycle 172.652ms
[2024-05-17T14:36:00.035-0500][7.382s] GC(10) Pause Young (Normal) (G1 Evacuation Pause)
[2024-05-17T14:36:00.035-0500][7.382s] GC(10) Using 1 workers of 1 for evacuation
[2024-05-17T14:36:00.046-0500][7.394s] GC(10)   Pre Evacuate Collection Set: 0.0ms
[2024-05-17T14:36:00.046-0500][7.394s] GC(10)   Evacuate Collection Set: 10.9ms
[2024-05-17T14:36:00.046-0500][7.394s] GC(10)   Post Evacuate Collection Set: 0.3ms
[2024-05-17T14:36:00.046-0500][7.394s] GC(10)   Other: 0.1ms
[2024-05-17T14:36:00.046-0500][7.394s] GC(10) Eden regions: 49->0(67)
[2024-05-17T14:36:00.046-0500][7.394s] GC(10) Survivor regions: 4->3(7)
[2024-05-17T14:36:00.046-0500][7.394s] GC(10) Old regions: 16->19
[2024-05-17T14:36:00.046-0500][7.394s] GC(10) Humongous regions: 4->4
[2024-05-17T14:36:00.046-0500][7.394s] GC(10) Metaspace: 27105K(28288K)->27105K(28288K) NonClass: 23819K(24576K)->23819K(24576K) Class: 3286K(3712K)->3286K(3712K)
[2024-05-17T14:36:00.046-0500][7.394s] GC(10) Pause Young (Normal) (G1 Evacuation Pause) 72M->24M(512M) 11.435ms
[2024-05-17T14:36:00.046-0500][7.394s] GC(10) User=0.01s Sys=0.00s Real=0.01s
[2024-05-17T14:36:01.353-0500][8.701s] GC(11) Pause Young (Normal) (G1 Evacuation Pause)
[2024-05-17T14:36:01.353-0500][8.701s] GC(11) Using 1 workers of 1 for evacuation
[2024-05-17T14:36:01.369-0500][8.717s] GC(11)   Pre Evacuate Collection Set: 0.0ms
[2024-05-17T14:36:01.369-0500][8.717s] GC(11)   Evacuate Collection Set: 15.7ms
[2024-05-17T14:36:01.369-0500][8.717s] GC(11)   Post Evacuate Collection Set: 0.3ms
[2024-05-17T14:36:01.369-0500][8.717s] GC(11)   Other: 0.2ms
[2024-05-17T14:36:01.369-0500][8.717s] GC(11) Eden regions: 67->0(249)
[2024-05-17T14:36:01.369-0500][8.717s] GC(11) Survivor regions: 3->6(9)
[2024-05-17T14:36:01.369-0500][8.717s] GC(11) Old regions: 19->19
[2024-05-17T14:36:01.369-0500][8.717s] GC(11) Humongous regions: 4->4
[2024-05-17T14:36:01.369-0500][8.717s] GC(11) Metaspace: 36102K(37376K)->36102K(37376K) NonClass: 31770K(32512K)->31770K(32512K) Class: 4332K(4864K)->4332K(4864K)
[2024-05-17T14:36:01.369-0500][8.717s] GC(11) Pause Young (Normal) (G1 Evacuation Pause) 91M->28M(512M) 16.275ms
[2024-05-17T14:36:01.369-0500][8.717s] GC(11) User=0.02s Sys=0.00s Real=0.01s
[2024-05-17T14:36:02.564-0500][9.912s] GC(12) Pause Young (Concurrent Start) (Metadata GC Threshold)
[2024-05-17T14:36:02.564-0500][9.912s] GC(12) Using 1 workers of 1 for evacuation
[2024-05-17T14:36:02.585-0500][9.932s] GC(12)   Pre Evacuate Collection Set: 0.1ms
[2024-05-17T14:36:02.585-0500][9.932s] GC(12)   Evacuate Collection Set: 19.9ms
[2024-05-17T14:36:02.585-0500][9.932s] GC(12)   Post Evacuate Collection Set: 0.3ms
[2024-05-17T14:36:02.585-0500][9.932s] GC(12)   Other: 0.2ms
[2024-05-17T14:36:02.585-0500][9.932s] GC(12) Eden regions: 63->0(120)
[2024-05-17T14:36:02.585-0500][9.932s] GC(12) Survivor regions: 6->8(32)
[2024-05-17T14:36:02.585-0500][9.932s] GC(12) Old regions: 19->19
[2024-05-17T14:36:02.585-0500][9.932s] GC(12) Humongous regions: 4->4
[2024-05-17T14:36:02.585-0500][9.932s] GC(12) Metaspace: 40796K(42240K)->40796K(42240K) NonClass: 35793K(36608K)->35793K(36608K) Class: 5002K(5632K)->5002K(5632K)
[2024-05-17T14:36:02.585-0500][9.932s] GC(12) Pause Young (Concurrent Start) (Metadata GC Threshold) 90M->30M(512M) 20.647ms
[2024-05-17T14:36:02.585-0500][9.932s] GC(12) User=0.02s Sys=0.00s Real=0.02s
[2024-05-17T14:36:02.585-0500][9.933s] GC(13) Concurrent Cycle
[2024-05-17T14:36:02.585-0500][9.933s] GC(13) Concurrent Clear Claimed Marks
[2024-05-17T14:36:02.585-0500][9.933s] GC(13) Concurrent Clear Claimed Marks 0.044ms
[2024-05-17T14:36:02.585-0500][9.933s] GC(13) Concurrent Scan Root Regions
[2024-05-17T14:36:02.604-0500][9.952s] GC(13) Concurrent Scan Root Regions 19.256ms
[2024-05-17T14:36:02.604-0500][9.952s] GC(13) Concurrent Mark (9.952s)
[2024-05-17T14:36:02.604-0500][9.952s] GC(13) Concurrent Mark From Roots
[2024-05-17T14:36:02.604-0500][9.952s] GC(13) Using 1 workers of 1 for marking
[2024-05-17T14:36:02.709-0500][10.057s] GC(13) Concurrent Mark From Roots 104.548ms
[2024-05-17T14:36:02.709-0500][10.057s] GC(13) Concurrent Preclean
[2024-05-17T14:36:02.709-0500][10.057s] GC(13) Concurrent Preclean 0.068ms
[2024-05-17T14:36:02.709-0500][10.057s] GC(13) Concurrent Mark (9.952s, 10.057s) 104.673ms
[2024-05-17T14:36:02.709-0500][10.057s] GC(13) Pause Remark
[2024-05-17T14:36:02.726-0500][10.074s] GC(13) Cleaned string and symbol table, strings: 21312 processed, 0 removed, symbols: 120466 processed, 62 removed
[2024-05-17T14:36:02.726-0500][10.074s] GC(13) Pause Remark 34M->34M(512M) 16.946ms
[2024-05-17T14:36:02.726-0500][10.074s] GC(13) User=0.02s Sys=0.00s Real=0.02s
[2024-05-17T14:36:02.729-0500][10.076s] GC(13) Concurrent Rebuild Remembered Sets
[2024-05-17T14:36:02.796-0500][10.144s] GC(13) Concurrent Rebuild Remembered Sets 67.278ms
[2024-05-17T14:36:02.796-0500][10.144s] GC(13) Pause Cleanup
[2024-05-17T14:36:02.796-0500][10.144s] GC(13) Pause Cleanup 35M->35M(512M) 0.165ms
[2024-05-17T14:36:02.796-0500][10.144s] GC(13) User=0.00s Sys=0.00s Real=0.00s
[2024-05-17T14:36:02.796-0500][10.144s] GC(13) Concurrent Cleanup for Next Mark
[2024-05-17T14:36:02.798-0500][10.146s] GC(13) Concurrent Cleanup for Next Mark 1.864ms
[2024-05-17T14:36:02.798-0500][10.146s] GC(13) Concurrent Cycle 213.135ms
[2024-05-17T15:45:50.778-0500][4198.125s] GC(14) Pause Young (Normal) (G1 Evacuation Pause)
[2024-05-17T15:45:50.778-0500][4198.126s] GC(14) Using 1 workers of 1 for evacuation
[2024-05-17T15:45:50.815-0500][4198.163s] GC(14)   Pre Evacuate Collection Set: 0.0ms
[2024-05-17T15:45:50.815-0500][4198.163s] GC(14)   Evacuate Collection Set: 36.1ms
[2024-05-17T15:45:50.815-0500][4198.163s] GC(14)   Post Evacuate Collection Set: 0.5ms
[2024-05-17T15:45:50.815-0500][4198.163s] GC(14)   Other: 0.8ms
[2024-05-17T15:45:50.815-0500][4198.163s] GC(14) Eden regions: 124->0(147)
[2024-05-17T15:45:50.815-0500][4198.163s] GC(14) Survivor regions: 8->13(17)
[2024-05-17T15:45:50.815-0500][4198.163s] GC(14) Old regions: 19->19
[2024-05-17T15:45:50.815-0500][4198.163s] GC(14) Humongous regions: 4->4
[2024-05-17T15:45:50.815-0500][4198.163s] GC(14) Metaspace: 51128K(53120K)->51128K(53120K) NonClass: 44826K(46080K)->44826K(46080K) Class: 6301K(7040K)->6301K(7040K)
[2024-05-17T15:45:50.815-0500][4198.163s] GC(14) Pause Young (Normal) (G1 Evacuation Pause) 154M->35M(512M) 37.488ms
[2024-05-17T15:45:50.815-0500][4198.163s] GC(14) User=0.04s Sys=0.00s Real=0.04s
[2024-05-18T11:30:24.880-0500][75272.228s] Heap
[2024-05-18T11:30:24.880-0500][75272.228s]  garbage-first heap   total 524288K, used 176389K [0x00000000e0000000, 0x0000000100000000)
[2024-05-18T11:30:24.880-0500][75272.228s]   region size 1024K, 152 young (155648K), 13 survivors (13312K)
[2024-05-18T11:30:24.880-0500][75272.228s]  Metaspace       used 57194K, capacity 59244K, committed 59520K, reserved 1101824K
[2024-05-18T11:30:24.880-0500][75272.228s]   class space    used 7159K, capacity 7993K, committed 8064K, reserved 1048576K
