[2024-05-18T18:35:12.182-0500][0.009s] Heap region size: 1M
[2024-05-18T18:35:12.317-0500][0.144s] Using G1
[2024-05-18T18:35:12.317-0500][0.144s] Heap address: 0x00000000e0000000, size: 512 MB, Compressed Oops mode: 32-bit
[2024-05-18T18:35:13.642-0500][1.469s] GC(0) Pause Young (Normal) (G1 Evacuation Pause)
[2024-05-18T18:35:13.642-0500][1.469s] GC(0) Using 1 workers of 1 for evacuation
[2024-05-18T18:35:13.654-0500][1.481s] GC(0)   Pre Evacuate Collection Set: 0.0ms
[2024-05-18T18:35:13.654-0500][1.481s] GC(0)   Evacuate Collection Set: 12.0ms
[2024-05-18T18:35:13.654-0500][1.481s] GC(0)   Post Evacuate Collection Set: 0.2ms
[2024-05-18T18:35:13.654-0500][1.481s] GC(0)   Other: 0.1ms
[2024-05-18T18:35:13.654-0500][1.481s] GC(0) Eden regions: 25->0(21)
[2024-05-18T18:35:13.654-0500][1.481s] GC(0) Survivor regions: 0->4(4)
[2024-05-18T18:35:13.654-0500][1.481s] GC(0) Old regions: 0->0
[2024-05-18T18:35:13.654-0500][1.481s] GC(0) Humongous regions: 0->0
[2024-05-18T18:35:13.654-0500][1.481s] GC(0) Metaspace: 6425K(7936K)->6425K(7936K) NonClass: 5695K(6912K)->5695K(6912K) Class: 730K(1024K)->730K(1024K)
[2024-05-18T18:35:13.654-0500][1.481s] GC(0) Pause Young (Normal) (G1 Evacuation Pause) 25M->3M(512M) 12.458ms
[2024-05-18T18:35:13.654-0500][1.481s] GC(0) User=0.01s Sys=0.00s Real=0.01s
[2024-05-18T18:35:14.556-0500][2.383s] GC(1) Pause Young (Normal) (G1 Evacuation Pause)
[2024-05-18T18:35:14.556-0500][2.383s] GC(1) Using 1 workers of 1 for evacuation
[2024-05-18T18:35:14.573-0500][2.400s] GC(1)   Pre Evacuate Collection Set: 0.0ms
[2024-05-18T18:35:14.573-0500][2.400s] GC(1)   Evacuate Collection Set: 16.4ms
[2024-05-18T18:35:14.573-0500][2.400s] GC(1)   Post Evacuate Collection Set: 0.2ms
[2024-05-18T18:35:14.573-0500][2.400s] GC(1)   Other: 0.1ms
[2024-05-18T18:35:14.573-0500][2.400s] GC(1) Eden regions: 21->0(21)
[2024-05-18T18:35:14.573-0500][2.400s] GC(1) Survivor regions: 4->4(4)
[2024-05-18T18:35:14.573-0500][2.400s] GC(1) Old regions: 0->3
[2024-05-18T18:35:14.573-0500][2.400s] GC(1) Humongous regions: 4->4
[2024-05-18T18:35:14.573-0500][2.400s] GC(1) Metaspace: 11620K(12416K)->11620K(12416K) NonClass: 10238K(10752K)->10238K(10752K) Class: 1381K(1664K)->1381K(1664K)
[2024-05-18T18:35:14.573-0500][2.400s] GC(1) Pause Young (Normal) (G1 Evacuation Pause) 28M->10M(512M) 16.877ms
[2024-05-18T18:35:14.573-0500][2.400s] GC(1) User=0.01s Sys=0.00s Real=0.02s
[2024-05-18T18:35:15.514-0500][3.341s] GC(2) Pause Young (Normal) (G1 Evacuation Pause)
[2024-05-18T18:35:15.514-0500][3.341s] GC(2) Using 1 workers of 1 for evacuation
[2024-05-18T18:35:15.541-0500][3.368s] GC(2)   Pre Evacuate Collection Set: 0.0ms
[2024-05-18T18:35:15.541-0500][3.368s] GC(2)   Evacuate Collection Set: 26.5ms
[2024-05-18T18:35:15.541-0500][3.368s] GC(2)   Post Evacuate Collection Set: 0.3ms
[2024-05-18T18:35:15.541-0500][3.368s] GC(2)   Other: 0.1ms
[2024-05-18T18:35:15.541-0500][3.368s] GC(2) Eden regions: 21->0(21)
[2024-05-18T18:35:15.541-0500][3.368s] GC(2) Survivor regions: 4->4(4)
[2024-05-18T18:35:15.541-0500][3.368s] GC(2) Old regions: 3->10
[2024-05-18T18:35:15.541-0500][3.368s] GC(2) Humongous regions: 4->4
[2024-05-18T18:35:15.541-0500][3.368s] GC(2) Metaspace: 17789K(18816K)->17789K(18816K) NonClass: 15693K(16384K)->15693K(16384K) Class: 2096K(2432K)->2096K(2432K)
[2024-05-18T18:35:15.541-0500][3.368s] GC(2) Pause Young (Normal) (G1 Evacuation Pause) 31M->17M(512M) 27.079ms
[2024-05-18T18:35:15.541-0500][3.368s] GC(2) User=0.02s Sys=0.00s Real=0.03s
[2024-05-18T18:35:16.049-0500][3.876s] GC(3) Pause Young (Normal) (G1 Evacuation Pause)
[2024-05-18T18:35:16.049-0500][3.876s] GC(3) Using 1 workers of 1 for evacuation
[2024-05-18T18:35:16.062-0500][3.889s] GC(3)   Pre Evacuate Collection Set: 0.0ms
[2024-05-18T18:35:16.062-0500][3.889s] GC(3)   Evacuate Collection Set: 12.9ms
[2024-05-18T18:35:16.062-0500][3.889s] GC(3)   Post Evacuate Collection Set: 0.2ms
[2024-05-18T18:35:16.062-0500][3.889s] GC(3)   Other: 0.1ms
[2024-05-18T18:35:16.062-0500][3.889s] GC(3) Eden regions: 21->0(23)
[2024-05-18T18:35:16.062-0500][3.889s] GC(3) Survivor regions: 4->2(4)
[2024-05-18T18:35:16.062-0500][3.889s] GC(3) Old regions: 10->14
[2024-05-18T18:35:16.062-0500][3.889s] GC(3) Humongous regions: 4->4
[2024-05-18T18:35:16.062-0500][3.889s] GC(3) Metaspace: 19833K(20864K)->19833K(20864K) NonClass: 17484K(18176K)->17484K(18176K) Class: 2349K(2688K)->2349K(2688K)
[2024-05-18T18:35:16.062-0500][3.889s] GC(3) Pause Young (Normal) (G1 Evacuation Pause) 38M->19M(512M) 13.364ms
[2024-05-18T18:35:16.062-0500][3.889s] GC(3) User=0.02s Sys=0.00s Real=0.01s
[2024-05-18T18:35:16.275-0500][4.102s] GC(4) Pause Young (Normal) (G1 Evacuation Pause)
[2024-05-18T18:35:16.275-0500][4.102s] GC(4) Using 1 workers of 1 for evacuation
[2024-05-18T18:35:16.284-0500][4.111s] GC(4)   Pre Evacuate Collection Set: 0.0ms
[2024-05-18T18:35:16.284-0500][4.111s] GC(4)   Evacuate Collection Set: 6.7ms
[2024-05-18T18:35:16.284-0500][4.111s] GC(4)   Post Evacuate Collection Set: 2.5ms
[2024-05-18T18:35:16.284-0500][4.111s] GC(4)   Other: 0.1ms
[2024-05-18T18:35:16.284-0500][4.111s] GC(4) Eden regions: 23->0(28)
[2024-05-18T18:35:16.284-0500][4.111s] GC(4) Survivor regions: 2->4(4)
[2024-05-18T18:35:16.284-0500][4.111s] GC(4) Old regions: 14->14
[2024-05-18T18:35:16.284-0500][4.111s] GC(4) Humongous regions: 4->4
[2024-05-18T18:35:16.284-0500][4.111s] GC(4) Metaspace: 19916K(20864K)->19916K(20864K) NonClass: 17566K(18176K)->17566K(18176K) Class: 2350K(2688K)->2350K(2688K)
[2024-05-18T18:35:16.284-0500][4.111s] GC(4) Pause Young (Normal) (G1 Evacuation Pause) 42M->21M(512M) 9.466ms
[2024-05-18T18:35:16.284-0500][4.111s] GC(4) User=0.01s Sys=0.00s Real=0.01s
[2024-05-18T18:35:16.501-0500][4.327s] GC(5) Pause Young (Normal) (G1 Evacuation Pause)
[2024-05-18T18:35:16.501-0500][4.327s] GC(5) Using 1 workers of 1 for evacuation
[2024-05-18T18:35:16.511-0500][4.338s] GC(5)   Pre Evacuate Collection Set: 0.0ms
[2024-05-18T18:35:16.511-0500][4.338s] GC(5)   Evacuate Collection Set: 7.0ms
[2024-05-18T18:35:16.511-0500][4.338s] GC(5)   Post Evacuate Collection Set: 3.0ms
[2024-05-18T18:35:16.511-0500][4.338s] GC(5)   Other: 0.1ms
[2024-05-18T18:35:16.511-0500][4.338s] GC(5) Eden regions: 28->0(36)
[2024-05-18T18:35:16.511-0500][4.338s] GC(5) Survivor regions: 4->2(4)
[2024-05-18T18:35:16.511-0500][4.338s] GC(5) Old regions: 14->18
[2024-05-18T18:35:16.511-0500][4.338s] GC(5) Humongous regions: 4->4
[2024-05-18T18:35:16.511-0500][4.338s] GC(5) Metaspace: 19984K(20864K)->19984K(20864K) NonClass: 17631K(18176K)->17631K(18176K) Class: 2353K(2688K)->2353K(2688K)
[2024-05-18T18:35:16.511-0500][4.338s] GC(5) Pause Young (Normal) (G1 Evacuation Pause) 49M->23M(512M) 10.241ms
[2024-05-18T18:35:16.511-0500][4.338s] GC(5) User=0.01s Sys=0.00s Real=0.01s
[2024-05-18T18:35:16.647-0500][4.474s] GC(6) Pause Young (Concurrent Start) (Metadata GC Threshold)
[2024-05-18T18:35:16.647-0500][4.474s] GC(6) Using 1 workers of 1 for evacuation
[2024-05-18T18:35:16.650-0500][4.477s] GC(6)   Pre Evacuate Collection Set: 0.1ms
[2024-05-18T18:35:16.651-0500][4.477s] GC(6)   Evacuate Collection Set: 3.1ms
[2024-05-18T18:35:16.651-0500][4.477s] GC(6)   Post Evacuate Collection Set: 0.1ms
[2024-05-18T18:35:16.651-0500][4.477s] GC(6)   Other: 0.2ms
[2024-05-18T18:35:16.651-0500][4.477s] GC(6) Eden regions: 11->0(38)
[2024-05-18T18:35:16.651-0500][4.477s] GC(6) Survivor regions: 2->2(5)
[2024-05-18T18:35:16.651-0500][4.477s] GC(6) Old regions: 18->18
[2024-05-18T18:35:16.651-0500][4.477s] GC(6) Humongous regions: 4->4
[2024-05-18T18:35:16.651-0500][4.477s] GC(6) Metaspace: 20339K(21296K)->20339K(21296K) NonClass: 17948K(18608K)->17948K(18608K) Class: 2390K(2688K)->2390K(2688K)
[2024-05-18T18:35:16.651-0500][4.477s] GC(6) Pause Young (Concurrent Start) (Metadata GC Threshold) 33M->23M(512M) 3.584ms
[2024-05-18T18:35:16.651-0500][4.478s] GC(6) User=0.00s Sys=0.00s Real=0.01s
[2024-05-18T18:35:16.651-0500][4.478s] GC(7) Concurrent Cycle
[2024-05-18T18:35:16.651-0500][4.478s] GC(7) Concurrent Clear Claimed Marks
[2024-05-18T18:35:16.651-0500][4.478s] GC(7) Concurrent Clear Claimed Marks 0.036ms
[2024-05-18T18:35:16.651-0500][4.478s] GC(7) Concurrent Scan Root Regions
[2024-05-18T18:35:16.651-0500][4.478s] GC(7) Concurrent Scan Root Regions 0.414ms
[2024-05-18T18:35:16.651-0500][4.478s] GC(7) Concurrent Mark (4.478s)
[2024-05-18T18:35:16.651-0500][4.478s] GC(7) Concurrent Mark From Roots
[2024-05-18T18:35:16.651-0500][4.478s] GC(7) Using 1 workers of 1 for marking
[2024-05-18T18:35:16.743-0500][4.570s] GC(7) Concurrent Mark From Roots 92.057ms
[2024-05-18T18:35:16.743-0500][4.570s] GC(7) Concurrent Preclean
[2024-05-18T18:35:16.743-0500][4.570s] GC(7) Concurrent Preclean 0.047ms
[2024-05-18T18:35:16.743-0500][4.570s] GC(7) Concurrent Mark (4.478s, 4.570s) 92.164ms
[2024-05-18T18:35:16.746-0500][4.572s] GC(7) Pause Remark
[2024-05-18T18:35:16.756-0500][4.583s] GC(7) Cleaned string and symbol table, strings: 13322 processed, 24 removed, symbols: 54984 processed, 38 removed
[2024-05-18T18:35:16.756-0500][4.583s] GC(7) Pause Remark 25M->25M(512M) 10.632ms
[2024-05-18T18:35:16.756-0500][4.583s] GC(7) User=0.01s Sys=0.00s Real=0.01s
[2024-05-18T18:35:16.758-0500][4.585s] GC(7) Concurrent Rebuild Remembered Sets
[2024-05-18T18:35:16.823-0500][4.650s] GC(7) Concurrent Rebuild Remembered Sets 64.439ms
[2024-05-18T18:35:16.827-0500][4.654s] GC(7) Pause Cleanup
[2024-05-18T18:35:16.827-0500][4.654s] GC(7) Pause Cleanup 26M->26M(512M) 0.132ms
[2024-05-18T18:35:16.827-0500][4.654s] GC(7) User=0.00s Sys=0.00s Real=0.00s
[2024-05-18T18:35:16.827-0500][4.654s] GC(7) Concurrent Cleanup for Next Mark
[2024-05-18T18:35:16.831-0500][4.658s] GC(7) Concurrent Cleanup for Next Mark 3.659ms
[2024-05-18T18:35:16.831-0500][4.658s] GC(7) Concurrent Cycle 180.008ms
[2024-05-18T18:35:17.446-0500][5.273s] GC(8) Pause Young (Normal) (G1 Evacuation Pause)
[2024-05-18T18:35:17.446-0500][5.273s] GC(8) Using 1 workers of 1 for evacuation
[2024-05-18T18:35:17.457-0500][5.284s] GC(8)   Pre Evacuate Collection Set: 0.0ms
[2024-05-18T18:35:17.457-0500][5.284s] GC(8)   Evacuate Collection Set: 6.6ms
[2024-05-18T18:35:17.457-0500][5.284s] GC(8)   Post Evacuate Collection Set: 4.0ms
[2024-05-18T18:35:17.457-0500][5.284s] GC(8)   Other: 0.1ms
[2024-05-18T18:35:17.457-0500][5.284s] GC(8) Eden regions: 41->0(53)
[2024-05-18T18:35:17.457-0500][5.284s] GC(8) Survivor regions: 2->3(6)
[2024-05-18T18:35:17.457-0500][5.284s] GC(8) Old regions: 18->18
[2024-05-18T18:35:17.457-0500][5.284s] GC(8) Humongous regions: 4->4
[2024-05-18T18:35:17.457-0500][5.284s] GC(8) Metaspace: 24019K(25596K)->24019K(25596K) NonClass: 21134K(22192K)->21134K(22192K) Class: 2884K(3404K)->2884K(3404K)
[2024-05-18T18:35:17.457-0500][5.284s] GC(8) Pause Young (Normal) (G1 Evacuation Pause) 64M->24M(512M) 10.917ms
[2024-05-18T18:35:17.457-0500][5.284s] GC(8) User=0.01s Sys=0.00s Real=0.01s
[2024-05-18T18:35:18.914-0500][6.740s] GC(9) Pause Young (Normal) (G1 Evacuation Pause)
[2024-05-18T18:35:18.914-0500][6.741s] GC(9) Using 1 workers of 1 for evacuation
[2024-05-18T18:35:18.926-0500][6.753s] GC(9)   Pre Evacuate Collection Set: 0.0ms
[2024-05-18T18:35:18.926-0500][6.753s] GC(9)   Evacuate Collection Set: 11.9ms
[2024-05-18T18:35:18.926-0500][6.753s] GC(9)   Post Evacuate Collection Set: 0.3ms
[2024-05-18T18:35:18.926-0500][6.753s] GC(9)   Other: 0.2ms
[2024-05-18T18:35:18.926-0500][6.753s] GC(9) Eden regions: 53->0(70)
[2024-05-18T18:35:18.926-0500][6.753s] GC(9) Survivor regions: 3->4(7)
[2024-05-18T18:35:18.926-0500][6.753s] GC(9) Old regions: 18->18
[2024-05-18T18:35:18.926-0500][6.753s] GC(9) Humongous regions: 4->4
[2024-05-18T18:35:18.926-0500][6.753s] GC(9) Metaspace: 28547K(29948K)->28547K(29948K) NonClass: 25125K(26032K)->25125K(26032K) Class: 3422K(3916K)->3422K(3916K)
[2024-05-18T18:35:18.926-0500][6.753s] GC(9) Pause Young (Normal) (G1 Evacuation Pause) 77M->25M(512M) 12.473ms
[2024-05-18T18:35:18.926-0500][6.753s] GC(9) User=0.01s Sys=0.00s Real=0.01s
[2024-05-18T18:35:19.785-0500][7.611s] GC(10) Pause Young (Concurrent Start) (Metadata GC Threshold)
[2024-05-18T18:35:19.785-0500][7.612s] GC(10) Using 1 workers of 1 for evacuation
[2024-05-18T18:35:19.813-0500][7.640s] GC(10)   Pre Evacuate Collection Set: 0.1ms
[2024-05-18T18:35:19.813-0500][7.640s] GC(10)   Evacuate Collection Set: 28.2ms
[2024-05-18T18:35:19.813-0500][7.640s] GC(10)   Post Evacuate Collection Set: 0.3ms
[2024-05-18T18:35:19.813-0500][7.640s] GC(10)   Other: 0.2ms
[2024-05-18T18:35:19.813-0500][7.640s] GC(10) Eden regions: 42->0(67)
[2024-05-18T18:35:19.813-0500][7.640s] GC(10) Survivor regions: 4->7(10)
[2024-05-18T18:35:19.813-0500][7.640s] GC(10) Old regions: 18->18
[2024-05-18T18:35:19.813-0500][7.640s] GC(10) Humongous regions: 4->4
[2024-05-18T18:35:19.813-0500][7.640s] GC(10) Metaspace: 34839K(36048K)->34839K(36048K) NonClass: 30680K(31364K)->30680K(31364K) Class: 4159K(4684K)->4159K(4684K)
[2024-05-18T18:35:19.813-0500][7.640s] GC(10) Pause Young (Concurrent Start) (Metadata GC Threshold) 67M->28M(512M) 28.886ms
[2024-05-18T18:35:19.813-0500][7.640s] GC(10) User=0.03s Sys=0.00s Real=0.03s
[2024-05-18T18:35:19.814-0500][7.641s] GC(11) Concurrent Cycle
[2024-05-18T18:35:19.814-0500][7.641s] GC(11) Concurrent Clear Claimed Marks
[2024-05-18T18:35:19.814-0500][7.641s] GC(11) Concurrent Clear Claimed Marks 0.103ms
[2024-05-18T18:35:19.814-0500][7.641s] GC(11) Concurrent Scan Root Regions
[2024-05-18T18:35:19.825-0500][7.652s] GC(11) Concurrent Scan Root Regions 10.905ms
[2024-05-18T18:35:19.825-0500][7.652s] GC(11) Concurrent Mark (7.652s)
[2024-05-18T18:35:19.825-0500][7.652s] GC(11) Concurrent Mark From Roots
[2024-05-18T18:35:19.825-0500][7.652s] GC(11) Using 1 workers of 1 for marking
[2024-05-18T18:35:19.917-0500][7.744s] GC(11) Concurrent Mark From Roots 92.517ms
[2024-05-18T18:35:19.917-0500][7.744s] GC(11) Concurrent Preclean
[2024-05-18T18:35:19.917-0500][7.744s] GC(11) Concurrent Preclean 0.051ms
[2024-05-18T18:35:19.917-0500][7.744s] GC(11) Concurrent Mark (7.652s, 7.744s) 92.626ms
[2024-05-18T18:35:19.923-0500][7.750s] GC(11) Pause Remark
[2024-05-18T18:35:19.936-0500][7.762s] GC(11) Cleaned string and symbol table, strings: 19016 processed, 2 removed, symbols: 104400 processed, 65 removed
[2024-05-18T18:35:19.937-0500][7.764s] GC(11) Pause Remark 32M->32M(512M) 14.884ms
[2024-05-18T18:35:19.938-0500][7.764s] GC(11) User=0.02s Sys=0.00s Real=0.01s
[2024-05-18T18:35:19.939-0500][7.766s] GC(11) Concurrent Rebuild Remembered Sets
[2024-05-18T18:35:19.999-0500][7.826s] GC(11) Concurrent Rebuild Remembered Sets 60.126ms
[2024-05-18T18:35:20.000-0500][7.827s] GC(11) Pause Cleanup
[2024-05-18T18:35:20.000-0500][7.827s] GC(11) Pause Cleanup 35M->35M(512M) 0.122ms
[2024-05-18T18:35:20.000-0500][7.827s] GC(11) User=0.00s Sys=0.00s Real=0.00s
[2024-05-18T18:35:20.000-0500][7.827s] GC(11) Concurrent Cleanup for Next Mark
[2024-05-18T18:35:20.001-0500][7.828s] GC(11) Concurrent Cleanup for Next Mark 1.331ms
[2024-05-18T18:35:20.001-0500][7.828s] GC(11) Concurrent Cycle 187.518ms
[2024-05-18T18:35:20.589-0500][8.416s] GC(12) Pause Young (Concurrent Start) (G1 Evacuation Pause)
[2024-05-18T18:35:20.589-0500][8.416s] GC(12) Using 1 workers of 1 for evacuation
[2024-05-18T18:35:20.608-0500][8.435s] GC(12)   Pre Evacuate Collection Set: 0.1ms
[2024-05-18T18:35:20.608-0500][8.435s] GC(12)   Evacuate Collection Set: 18.7ms
[2024-05-18T18:35:20.608-0500][8.435s] GC(12)   Post Evacuate Collection Set: 0.3ms
[2024-05-18T18:35:20.608-0500][8.435s] GC(12)   Other: 0.2ms
[2024-05-18T18:35:20.608-0500][8.435s] GC(12) Eden regions: 68->0(86)
[2024-05-18T18:35:20.608-0500][8.435s] GC(12) Survivor regions: 7->6(10)
[2024-05-18T18:35:20.608-0500][8.435s] GC(12) Old regions: 18->21
[2024-05-18T18:35:20.608-0500][8.435s] GC(12) Humongous regions: 4->4
[2024-05-18T18:35:20.608-0500][8.435s] GC(12) Metaspace: 37007K(38480K)->37007K(38480K) NonClass: 32533K(33412K)->32533K(33412K) Class: 4474K(5068K)->4474K(5068K)
[2024-05-18T18:35:20.608-0500][8.435s] GC(12) Pause Young (Concurrent Start) (G1 Evacuation Pause) 96M->29M(512M) 19.369ms
[2024-05-18T18:35:20.608-0500][8.435s] GC(12) User=0.02s Sys=0.00s Real=0.02s
[2024-05-18T18:35:20.608-0500][8.435s] GC(13) Concurrent Cycle
[2024-05-18T18:35:20.608-0500][8.435s] GC(13) Concurrent Clear Claimed Marks
[2024-05-18T18:35:20.609-0500][8.436s] GC(13) Concurrent Clear Claimed Marks 0.104ms
[2024-05-18T18:35:20.609-0500][8.436s] GC(13) Concurrent Scan Root Regions
[2024-05-18T18:35:20.618-0500][8.445s] GC(13) Concurrent Scan Root Regions 9.624ms
[2024-05-18T18:35:20.618-0500][8.445s] GC(13) Concurrent Mark (8.445s)
[2024-05-18T18:35:20.618-0500][8.445s] GC(13) Concurrent Mark From Roots
[2024-05-18T18:35:20.618-0500][8.445s] GC(13) Using 1 workers of 1 for marking
[2024-05-18T18:35:20.703-0500][8.530s] GC(13) Concurrent Mark From Roots 84.883ms
[2024-05-18T18:35:20.703-0500][8.530s] GC(13) Concurrent Preclean
[2024-05-18T18:35:20.703-0500][8.530s] GC(13) Concurrent Preclean 0.056ms
[2024-05-18T18:35:20.703-0500][8.530s] GC(13) Concurrent Mark (8.445s, 8.530s) 84.996ms
[2024-05-18T18:35:20.706-0500][8.532s] GC(13) Pause Remark
[2024-05-18T18:35:20.716-0500][8.543s] GC(13) Cleaned string and symbol table, strings: 19944 processed, 0 removed, symbols: 109418 processed, 4 removed
[2024-05-18T18:35:20.717-0500][8.543s] GC(13) Pause Remark 56M->56M(512M) 10.946ms
[2024-05-18T18:35:20.717-0500][8.543s] GC(13) User=0.01s Sys=0.00s Real=0.01s
[2024-05-18T18:35:20.718-0500][8.544s] GC(13) Concurrent Rebuild Remembered Sets
[2024-05-18T18:35:20.774-0500][8.601s] GC(13) Concurrent Rebuild Remembered Sets 56.259ms
[2024-05-18T18:35:20.774-0500][8.601s] GC(13) Pause Cleanup
[2024-05-18T18:35:20.774-0500][8.601s] GC(13) Pause Cleanup 71M->71M(512M) 0.097ms
[2024-05-18T18:35:20.774-0500][8.601s] GC(13) User=0.00s Sys=0.00s Real=0.00s
[2024-05-18T18:35:20.774-0500][8.601s] GC(13) Concurrent Cleanup for Next Mark
[2024-05-18T18:35:20.775-0500][8.602s] GC(13) Concurrent Cleanup for Next Mark 1.328ms
[2024-05-18T18:35:20.775-0500][8.602s] GC(13) Concurrent Cycle 166.963ms
[2024-05-18T18:35:21.323-0500][9.150s] GC(14) Pause Young (Normal) (G1 Evacuation Pause)
[2024-05-18T18:35:21.323-0500][9.150s] GC(14) Using 1 workers of 1 for evacuation
[2024-05-18T18:35:21.341-0500][9.168s] GC(14)   Pre Evacuate Collection Set: 0.0ms
[2024-05-18T18:35:21.341-0500][9.168s] GC(14)   Evacuate Collection Set: 18.0ms
[2024-05-18T18:35:21.341-0500][9.168s] GC(14)   Post Evacuate Collection Set: 0.3ms
[2024-05-18T18:35:21.341-0500][9.168s] GC(14)   Other: 0.1ms
[2024-05-18T18:35:21.341-0500][9.168s] GC(14) Eden regions: 88->0(164)
[2024-05-18T18:35:21.341-0500][9.168s] GC(14) Survivor regions: 6->7(12)
[2024-05-18T18:35:21.341-0500][9.168s] GC(14) Old regions: 21->21
[2024-05-18T18:35:21.341-0500][9.168s] GC(14) Humongous regions: 4->4
[2024-05-18T18:35:21.341-0500][9.168s] GC(14) Metaspace: 39862K(41424K)->39862K(41424K) NonClass: 35008K(35972K)->35008K(35972K) Class: 4854K(5452K)->4854K(5452K)
[2024-05-18T18:35:21.341-0500][9.168s] GC(14) Pause Young (Normal) (G1 Evacuation Pause) 117M->30M(512M) 18.597ms
[2024-05-18T18:35:21.341-0500][9.168s] GC(14) User=0.02s Sys=0.00s Real=0.02s
[2024-05-18T18:35:23.712-0500][11.539s] GC(15) Pause Young (Normal) (G1 Evacuation Pause)
[2024-05-18T18:35:23.712-0500][11.539s] GC(15) Using 1 workers of 1 for evacuation
[2024-05-18T18:35:23.792-0500][11.619s] GC(15)   Pre Evacuate Collection Set: 0.0ms
[2024-05-18T18:35:23.792-0500][11.619s] GC(15)   Evacuate Collection Set: 79.7ms
[2024-05-18T18:35:23.792-0500][11.619s] GC(15)   Post Evacuate Collection Set: 0.7ms
[2024-05-18T18:35:23.792-0500][11.619s] GC(15)   Other: 0.2ms
[2024-05-18T18:35:23.792-0500][11.619s] GC(15) Eden regions: 164->0(290)
[2024-05-18T18:35:23.792-0500][11.619s] GC(15) Survivor regions: 7->17(22)
[2024-05-18T18:35:23.792-0500][11.619s] GC(15) Old regions: 21->21
[2024-05-18T18:35:23.792-0500][11.619s] GC(15) Humongous regions: 4->4
[2024-05-18T18:35:23.792-0500][11.619s] GC(15) Metaspace: 50309K(52176K)->50309K(52176K) NonClass: 44108K(45188K)->44108K(45188K) Class: 6200K(6988K)->6200K(6988K)
[2024-05-18T18:35:23.792-0500][11.619s] GC(15) Pause Young (Normal) (G1 Evacuation Pause) 194M->40M(512M) 80.724ms
[2024-05-18T18:35:23.792-0500][11.619s] GC(15) User=0.08s Sys=0.00s Real=0.08s
[2024-05-18T18:38:04.847-0500][172.674s] GC(16) Pause Young (Normal) (G1 Evacuation Pause)
[2024-05-18T18:38:04.847-0500][172.674s] GC(16) Using 1 workers of 1 for evacuation
[2024-05-18T18:38:04.943-0500][172.770s] GC(16)   Pre Evacuate Collection Set: 0.1ms
[2024-05-18T18:38:04.943-0500][172.770s] GC(16)   Evacuate Collection Set: 95.4ms
[2024-05-18T18:38:04.943-0500][172.770s] GC(16)   Post Evacuate Collection Set: 0.7ms
[2024-05-18T18:38:04.943-0500][172.770s] GC(16)   Other: 0.3ms
[2024-05-18T18:38:04.943-0500][172.770s] GC(16) Eden regions: 290->0(268)
[2024-05-18T18:38:04.943-0500][172.770s] GC(16) Survivor regions: 17->39(39)
[2024-05-18T18:38:04.943-0500][172.770s] GC(16) Old regions: 21->21
[2024-05-18T18:38:04.943-0500][172.770s] GC(16) Humongous regions: 6->6
[2024-05-18T18:38:04.943-0500][172.770s] GC(16) Metaspace: 58960K(61264K)->58960K(61264K) NonClass: 51714K(53124K)->51714K(53124K) Class: 7245K(8140K)->7245K(8140K)
[2024-05-18T18:38:04.943-0500][172.770s] GC(16) Pause Young (Normal) (G1 Evacuation Pause) 332M->64M(512M) 96.525ms
[2024-05-18T18:38:04.943-0500][172.770s] GC(16) User=0.09s Sys=0.00s Real=0.10s
[2024-05-18T18:38:14.600-0500][182.427s] GC(17) Pause Young (Normal) (G1 Evacuation Pause)
[2024-05-18T18:38:14.601-0500][182.427s] GC(17) Using 1 workers of 1 for evacuation
[2024-05-18T18:38:14.720-0500][182.547s] GC(17)   Pre Evacuate Collection Set: 0.0ms
[2024-05-18T18:38:14.720-0500][182.547s] GC(17)   Evacuate Collection Set: 115.6ms
[2024-05-18T18:38:14.720-0500][182.547s] GC(17)   Post Evacuate Collection Set: 3.8ms
[2024-05-18T18:38:14.720-0500][182.547s] GC(17)   Other: 0.2ms
[2024-05-18T18:38:14.720-0500][182.547s] GC(17) Eden regions: 268->0(294)
[2024-05-18T18:38:14.720-0500][182.547s] GC(17) Survivor regions: 39->13(39)
[2024-05-18T18:38:14.720-0500][182.547s] GC(17) Old regions: 21->43
[2024-05-18T18:38:14.720-0500][182.547s] GC(17) Humongous regions: 12->6
[2024-05-18T18:38:14.720-0500][182.547s] GC(17) Metaspace: 59946K(62416K)->59946K(62416K) NonClass: 52596K(54148K)->52596K(54148K) Class: 7350K(8268K)->7350K(8268K)
[2024-05-18T18:38:14.720-0500][182.547s] GC(17) Pause Young (Normal) (G1 Evacuation Pause) 338M->61M(512M) 119.750ms
[2024-05-18T18:38:14.720-0500][182.547s] GC(17) User=0.12s Sys=0.00s Real=0.12s
