[2024-05-15T17:02:18.418-0500][0.007s] Heap region size: 1M
[2024-05-15T17:02:18.529-0500][0.117s] Using G1
[2024-05-15T17:02:18.529-0500][0.117s] Heap address: 0x00000000e0000000, size: 512 MB, Compressed Oops mode: 32-bit
[2024-05-15T17:02:19.846-0500][1.434s] GC(0) Pause Young (Normal) (G1 Evacuation Pause)
[2024-05-15T17:02:19.846-0500][1.435s] GC(0) Using 1 workers of 1 for evacuation
[2024-05-15T17:02:19.853-0500][1.442s] GC(0)   Pre Evacuate Collection Set: 0.0ms
[2024-05-15T17:02:19.853-0500][1.442s] GC(0)   Evacuate Collection Set: 7.2ms
[2024-05-15T17:02:19.853-0500][1.442s] GC(0)   Post Evacuate Collection Set: 0.2ms
[2024-05-15T17:02:19.854-0500][1.442s] GC(0)   Other: 0.1ms
[2024-05-15T17:02:19.854-0500][1.442s] GC(0) Eden regions: 25->0(21)
[2024-05-15T17:02:19.854-0500][1.442s] GC(0) Survivor regions: 0->4(4)
[2024-05-15T17:02:19.854-0500][1.442s] GC(0) Old regions: 0->0
[2024-05-15T17:02:19.854-0500][1.442s] GC(0) Humongous regions: 0->0
[2024-05-15T17:02:19.854-0500][1.442s] GC(0) Metaspace: 6334K(7808K)->6334K(7808K) NonClass: 5613K(6912K)->5613K(6912K) Class: 721K(896K)->721K(896K)
[2024-05-15T17:02:19.854-0500][1.442s] GC(0) Pause Young (Normal) (G1 Evacuation Pause) 25M->3M(512M) 7.639ms
[2024-05-15T17:02:19.854-0500][1.442s] GC(0) User=0.00s Sys=0.00s Real=0.01s
[2024-05-15T17:02:20.779-0500][2.367s] GC(1) Pause Young (Normal) (G1 Evacuation Pause)
[2024-05-15T17:02:20.779-0500][2.367s] GC(1) Using 1 workers of 1 for evacuation
[2024-05-15T17:02:20.801-0500][2.390s] GC(1)   Pre Evacuate Collection Set: 0.0ms
[2024-05-15T17:02:20.801-0500][2.390s] GC(1)   Evacuate Collection Set: 22.2ms
[2024-05-15T17:02:20.801-0500][2.390s] GC(1)   Post Evacuate Collection Set: 0.2ms
[2024-05-15T17:02:20.801-0500][2.390s] GC(1)   Other: 0.2ms
[2024-05-15T17:02:20.801-0500][2.390s] GC(1) Eden regions: 21->0(21)
[2024-05-15T17:02:20.801-0500][2.390s] GC(1) Survivor regions: 4->4(4)
[2024-05-15T17:02:20.801-0500][2.390s] GC(1) Old regions: 0->3
[2024-05-15T17:02:20.801-0500][2.390s] GC(1) Humongous regions: 4->4
[2024-05-15T17:02:20.801-0500][2.390s] GC(1) Metaspace: 11651K(12416K)->11651K(12416K) NonClass: 10260K(10752K)->10260K(10752K) Class: 1390K(1664K)->1390K(1664K)
[2024-05-15T17:02:20.801-0500][2.390s] GC(1) Pause Young (Normal) (G1 Evacuation Pause) 28M->10M(512M) 22.753ms
[2024-05-15T17:02:20.801-0500][2.390s] GC(1) User=0.02s Sys=0.00s Real=0.02s
[2024-05-15T17:02:21.590-0500][3.179s] GC(2) Pause Young (Normal) (G1 Evacuation Pause)
[2024-05-15T17:02:21.590-0500][3.179s] GC(2) Using 1 workers of 1 for evacuation
[2024-05-15T17:02:21.616-0500][3.204s] GC(2)   Pre Evacuate Collection Set: 0.0ms
[2024-05-15T17:02:21.616-0500][3.204s] GC(2)   Evacuate Collection Set: 25.2ms
[2024-05-15T17:02:21.616-0500][3.204s] GC(2)   Post Evacuate Collection Set: 0.2ms
[2024-05-15T17:02:21.616-0500][3.204s] GC(2)   Other: 0.1ms
[2024-05-15T17:02:21.616-0500][3.204s] GC(2) Eden regions: 21->0(21)
[2024-05-15T17:02:21.616-0500][3.204s] GC(2) Survivor regions: 4->4(4)
[2024-05-15T17:02:21.616-0500][3.204s] GC(2) Old regions: 3->10
[2024-05-15T17:02:21.616-0500][3.204s] GC(2) Humongous regions: 4->4
[2024-05-15T17:02:21.616-0500][3.204s] GC(2) Metaspace: 17626K(18560K)->17626K(18560K) NonClass: 15550K(16128K)->15550K(16128K) Class: 2076K(2432K)->2076K(2432K)
[2024-05-15T17:02:21.616-0500][3.204s] GC(2) Pause Young (Normal) (G1 Evacuation Pause) 31M->17M(512M) 25.700ms
[2024-05-15T17:02:21.616-0500][3.204s] GC(2) User=0.02s Sys=0.00s Real=0.03s
[2024-05-15T17:02:22.106-0500][3.694s] GC(3) Pause Young (Normal) (G1 Evacuation Pause)
[2024-05-15T17:02:22.106-0500][3.694s] GC(3) Using 1 workers of 1 for evacuation
[2024-05-15T17:02:22.128-0500][3.717s] GC(3)   Pre Evacuate Collection Set: 0.0ms
[2024-05-15T17:02:22.128-0500][3.717s] GC(3)   Evacuate Collection Set: 19.9ms
[2024-05-15T17:02:22.128-0500][3.717s] GC(3)   Post Evacuate Collection Set: 2.5ms
[2024-05-15T17:02:22.128-0500][3.717s] GC(3)   Other: 0.1ms
[2024-05-15T17:02:22.128-0500][3.717s] GC(3) Eden regions: 21->0(23)
[2024-05-15T17:02:22.128-0500][3.717s] GC(3) Survivor regions: 4->2(4)
[2024-05-15T17:02:22.128-0500][3.717s] GC(3) Old regions: 10->14
[2024-05-15T17:02:22.128-0500][3.717s] GC(3) Humongous regions: 4->4
[2024-05-15T17:02:22.128-0500][3.717s] GC(3) Metaspace: 19781K(20864K)->19781K(20864K) NonClass: 17436K(18176K)->17436K(18176K) Class: 2345K(2688K)->2345K(2688K)
[2024-05-15T17:02:22.128-0500][3.717s] GC(3) Pause Young (Normal) (G1 Evacuation Pause) 38M->19M(512M) 22.702ms
[2024-05-15T17:02:22.128-0500][3.717s] GC(3) User=0.02s Sys=0.00s Real=0.02s
[2024-05-15T17:02:22.326-0500][3.914s] GC(4) Pause Young (Normal) (G1 Evacuation Pause)
[2024-05-15T17:02:22.326-0500][3.914s] GC(4) Using 1 workers of 1 for evacuation
[2024-05-15T17:02:22.333-0500][3.922s] GC(4)   Pre Evacuate Collection Set: 0.0ms
[2024-05-15T17:02:22.333-0500][3.922s] GC(4)   Evacuate Collection Set: 7.1ms
[2024-05-15T17:02:22.333-0500][3.922s] GC(4)   Post Evacuate Collection Set: 0.1ms
[2024-05-15T17:02:22.333-0500][3.922s] GC(4)   Other: 0.1ms
[2024-05-15T17:02:22.333-0500][3.922s] GC(4) Eden regions: 23->0(30)
[2024-05-15T17:02:22.333-0500][3.922s] GC(4) Survivor regions: 2->3(4)
[2024-05-15T17:02:22.333-0500][3.922s] GC(4) Old regions: 14->14
[2024-05-15T17:02:22.333-0500][3.922s] GC(4) Humongous regions: 4->4
[2024-05-15T17:02:22.333-0500][3.922s] GC(4) Metaspace: 19858K(20864K)->19858K(20864K) NonClass: 17512K(18176K)->17512K(18176K) Class: 2346K(2688K)->2346K(2688K)
[2024-05-15T17:02:22.333-0500][3.922s] GC(4) Pause Young (Normal) (G1 Evacuation Pause) 42M->20M(512M) 7.459ms
[2024-05-15T17:02:22.333-0500][3.922s] GC(4) User=0.00s Sys=0.00s Real=0.01s
[2024-05-15T17:02:22.538-0500][4.126s] GC(5) Pause Young (Normal) (G1 Evacuation Pause)
[2024-05-15T17:02:22.538-0500][4.126s] GC(5) Using 1 workers of 1 for evacuation
[2024-05-15T17:02:22.543-0500][4.132s] GC(5)   Pre Evacuate Collection Set: 0.0ms
[2024-05-15T17:02:22.543-0500][4.132s] GC(5)   Evacuate Collection Set: 5.2ms
[2024-05-15T17:02:22.543-0500][4.132s] GC(5)   Post Evacuate Collection Set: 0.2ms
[2024-05-15T17:02:22.543-0500][4.132s] GC(5)   Other: 0.1ms
[2024-05-15T17:02:22.543-0500][4.132s] GC(5) Eden regions: 30->0(36)
[2024-05-15T17:02:22.543-0500][4.132s] GC(5) Survivor regions: 3->5(5)
[2024-05-15T17:02:22.543-0500][4.132s] GC(5) Old regions: 14->14
[2024-05-15T17:02:22.543-0500][4.132s] GC(5) Humongous regions: 4->4
[2024-05-15T17:02:22.543-0500][4.132s] GC(5) Metaspace: 19923K(20864K)->19923K(20864K) NonClass: 17575K(18176K)->17575K(18176K) Class: 2348K(2688K)->2348K(2688K)
[2024-05-15T17:02:22.543-0500][4.132s] GC(5) Pause Young (Normal) (G1 Evacuation Pause) 50M->22M(512M) 5.653ms
[2024-05-15T17:02:22.543-0500][4.132s] GC(5) User=0.00s Sys=0.00s Real=0.01s
[2024-05-15T17:02:22.743-0500][4.331s] GC(6) Pause Young (Concurrent Start) (Metadata GC Threshold)
[2024-05-15T17:02:22.743-0500][4.331s] GC(6) Using 1 workers of 1 for evacuation
[2024-05-15T17:02:22.754-0500][4.342s] GC(6)   Pre Evacuate Collection Set: 0.1ms
[2024-05-15T17:02:22.754-0500][4.342s] GC(6)   Evacuate Collection Set: 8.6ms
[2024-05-15T17:02:22.754-0500][4.343s] GC(6)   Post Evacuate Collection Set: 2.2ms
[2024-05-15T17:02:22.754-0500][4.343s] GC(6)   Other: 0.2ms
[2024-05-15T17:02:22.754-0500][4.343s] GC(6) Eden regions: 23->0(36)
[2024-05-15T17:02:22.754-0500][4.343s] GC(6) Survivor regions: 5->3(6)
[2024-05-15T17:02:22.754-0500][4.343s] GC(6) Old regions: 14->16
[2024-05-15T17:02:22.754-0500][4.343s] GC(6) Humongous regions: 4->4
[2024-05-15T17:02:22.754-0500][4.343s] GC(6) Metaspace: 20338K(21296K)->20338K(21296K) NonClass: 17946K(18608K)->17946K(18608K) Class: 2392K(2688K)->2392K(2688K)
[2024-05-15T17:02:22.754-0500][4.343s] GC(6) Pause Young (Concurrent Start) (Metadata GC Threshold) 45M->22M(512M) 11.183ms
[2024-05-15T17:02:22.754-0500][4.343s] GC(6) User=0.01s Sys=0.00s Real=0.01s
[2024-05-15T17:02:22.754-0500][4.343s] GC(7) Concurrent Cycle
[2024-05-15T17:02:22.754-0500][4.343s] GC(7) Concurrent Clear Claimed Marks
[2024-05-15T17:02:22.754-0500][4.343s] GC(7) Concurrent Clear Claimed Marks 0.031ms
[2024-05-15T17:02:22.754-0500][4.343s] GC(7) Concurrent Scan Root Regions
[2024-05-15T17:02:22.755-0500][4.343s] GC(7) Concurrent Scan Root Regions 0.526ms
[2024-05-15T17:02:22.755-0500][4.343s] GC(7) Concurrent Mark (4.343s)
[2024-05-15T17:02:22.755-0500][4.343s] GC(7) Concurrent Mark From Roots
[2024-05-15T17:02:22.755-0500][4.343s] GC(7) Using 1 workers of 1 for marking
[2024-05-15T17:02:22.856-0500][4.444s] GC(7) Concurrent Mark From Roots 100.757ms
[2024-05-15T17:02:22.856-0500][4.444s] GC(7) Concurrent Preclean
[2024-05-15T17:02:22.856-0500][4.444s] GC(7) Concurrent Preclean 0.056ms
[2024-05-15T17:02:22.856-0500][4.444s] GC(7) Concurrent Mark (4.343s, 4.444s) 100.869ms
[2024-05-15T17:02:22.856-0500][4.444s] GC(7) Pause Remark
[2024-05-15T17:02:22.866-0500][4.454s] GC(7) Cleaned string and symbol table, strings: 13350 processed, 29 removed, symbols: 56132 processed, 37 removed
[2024-05-15T17:02:22.866-0500][4.455s] GC(7) Pause Remark 25M->25M(512M) 10.326ms
[2024-05-15T17:02:22.866-0500][4.455s] GC(7) User=0.01s Sys=0.00s Real=0.01s
[2024-05-15T17:02:22.866-0500][4.455s] GC(7) Concurrent Rebuild Remembered Sets
[2024-05-15T17:02:22.923-0500][4.512s] GC(7) Concurrent Rebuild Remembered Sets 57.065ms
[2024-05-15T17:02:22.923-0500][4.512s] GC(7) Pause Cleanup
[2024-05-15T17:02:22.924-0500][4.512s] GC(7) Pause Cleanup 26M->26M(512M) 0.128ms
[2024-05-15T17:02:22.924-0500][4.512s] GC(7) User=0.00s Sys=0.00s Real=0.00s
[2024-05-15T17:02:22.924-0500][4.512s] GC(7) Concurrent Cleanup for Next Mark
[2024-05-15T17:02:22.929-0500][4.517s] GC(7) Concurrent Cleanup for Next Mark 5.269ms
[2024-05-15T17:02:22.929-0500][4.517s] GC(7) Concurrent Cycle 174.669ms
[2024-05-15T17:02:23.469-0500][5.057s] GC(8) Pause Young (Concurrent Start) (G1 Evacuation Pause)
[2024-05-15T17:02:23.469-0500][5.057s] GC(8) Using 1 workers of 1 for evacuation
[2024-05-15T17:02:23.477-0500][5.065s] GC(8)   Pre Evacuate Collection Set: 0.0ms
[2024-05-15T17:02:23.477-0500][5.065s] GC(8)   Evacuate Collection Set: 7.3ms
[2024-05-15T17:02:23.477-0500][5.065s] GC(8)   Post Evacuate Collection Set: 0.2ms
[2024-05-15T17:02:23.477-0500][5.065s] GC(8)   Other: 0.2ms
[2024-05-15T17:02:23.477-0500][5.065s] GC(8) Eden regions: 38->0(47)
[2024-05-15T17:02:23.477-0500][5.065s] GC(8) Survivor regions: 3->4(6)
[2024-05-15T17:02:23.477-0500][5.065s] GC(8) Old regions: 16->16
[2024-05-15T17:02:23.477-0500][5.065s] GC(8) Humongous regions: 4->4
[2024-05-15T17:02:23.477-0500][5.065s] GC(8) Metaspace: 23795K(25088K)->23795K(25088K) NonClass: 20965K(21760K)->20965K(21760K) Class: 2830K(3328K)->2830K(3328K)
[2024-05-15T17:02:23.477-0500][5.065s] GC(8) Pause Young (Concurrent Start) (G1 Evacuation Pause) 60M->23M(512M) 7.841ms
[2024-05-15T17:02:23.477-0500][5.065s] GC(8) User=0.00s Sys=0.00s Real=0.01s
[2024-05-15T17:02:23.477-0500][5.065s] GC(9) Concurrent Cycle
[2024-05-15T17:02:23.477-0500][5.065s] GC(9) Concurrent Clear Claimed Marks
[2024-05-15T17:02:23.477-0500][5.065s] GC(9) Concurrent Clear Claimed Marks 0.027ms
[2024-05-15T17:02:23.477-0500][5.065s] GC(9) Concurrent Scan Root Regions
[2024-05-15T17:02:23.478-0500][5.067s] GC(9) Concurrent Scan Root Regions 1.222ms
[2024-05-15T17:02:23.478-0500][5.067s] GC(9) Concurrent Mark (5.067s)
[2024-05-15T17:02:23.478-0500][5.067s] GC(9) Concurrent Mark From Roots
[2024-05-15T17:02:23.478-0500][5.067s] GC(9) Using 1 workers of 1 for marking
[2024-05-15T17:02:23.567-0500][5.156s] GC(9) Concurrent Mark From Roots 89.270ms
[2024-05-15T17:02:23.567-0500][5.156s] GC(9) Concurrent Preclean
[2024-05-15T17:02:23.567-0500][5.156s] GC(9) Concurrent Preclean 0.049ms
[2024-05-15T17:02:23.567-0500][5.156s] GC(9) Concurrent Mark (5.067s, 5.156s) 89.374ms
[2024-05-15T17:02:23.570-0500][5.158s] GC(9) Pause Remark
[2024-05-15T17:02:23.576-0500][5.165s] GC(9) Cleaned string and symbol table, strings: 14571 processed, 3 removed, symbols: 66307 processed, 16 removed
[2024-05-15T17:02:23.576-0500][5.165s] GC(9) Pause Remark 28M->28M(512M) 6.888ms
[2024-05-15T17:02:23.576-0500][5.165s] GC(9) User=0.01s Sys=0.00s Real=0.01s
[2024-05-15T17:02:23.577-0500][5.165s] GC(9) Concurrent Rebuild Remembered Sets
[2024-05-15T17:02:23.632-0500][5.220s] GC(9) Concurrent Rebuild Remembered Sets 55.096ms
[2024-05-15T17:02:23.635-0500][5.223s] GC(9) Pause Cleanup
[2024-05-15T17:02:23.635-0500][5.223s] GC(9) Pause Cleanup 31M->31M(512M) 0.106ms
[2024-05-15T17:02:23.635-0500][5.223s] GC(9) User=0.00s Sys=0.00s Real=0.00s
[2024-05-15T17:02:23.635-0500][5.223s] GC(9) Concurrent Cleanup for Next Mark
[2024-05-15T17:02:23.639-0500][5.227s] GC(9) Concurrent Cleanup for Next Mark 4.129ms
[2024-05-15T17:02:23.639-0500][5.227s] GC(9) Concurrent Cycle 162.187ms
[2024-05-15T17:02:24.904-0500][6.493s] GC(10) Pause Young (Normal) (G1 Evacuation Pause)
[2024-05-15T17:02:24.904-0500][6.493s] GC(10) Using 1 workers of 1 for evacuation
[2024-05-15T17:02:24.914-0500][6.502s] GC(10)   Pre Evacuate Collection Set: 0.0ms
[2024-05-15T17:02:24.914-0500][6.502s] GC(10)   Evacuate Collection Set: 9.2ms
[2024-05-15T17:02:24.914-0500][6.502s] GC(10)   Post Evacuate Collection Set: 0.2ms
[2024-05-15T17:02:24.914-0500][6.502s] GC(10)   Other: 0.1ms
[2024-05-15T17:02:24.914-0500][6.502s] GC(10) Eden regions: 48->0(66)
[2024-05-15T17:02:24.914-0500][6.502s] GC(10) Survivor regions: 4->2(7)
[2024-05-15T17:02:24.914-0500][6.502s] GC(10) Old regions: 16->19
[2024-05-15T17:02:24.914-0500][6.502s] GC(10) Humongous regions: 4->4
[2024-05-15T17:02:24.914-0500][6.502s] GC(10) Metaspace: 26403K(27776K)->26403K(27776K) NonClass: 23205K(24064K)->23205K(24064K) Class: 3198K(3712K)->3198K(3712K)
[2024-05-15T17:02:24.914-0500][6.502s] GC(10) Pause Young (Normal) (G1 Evacuation Pause) 71M->24M(512M) 9.720ms
[2024-05-15T17:02:24.914-0500][6.502s] GC(10) User=0.01s Sys=0.00s Real=0.01s
[2024-05-15T17:02:26.214-0500][7.802s] GC(11) Pause Young (Normal) (G1 Evacuation Pause)
[2024-05-15T17:02:26.214-0500][7.802s] GC(11) Using 1 workers of 1 for evacuation
[2024-05-15T17:02:26.243-0500][7.831s] GC(11)   Pre Evacuate Collection Set: 0.0ms
[2024-05-15T17:02:26.243-0500][7.831s] GC(11)   Evacuate Collection Set: 28.6ms
[2024-05-15T17:02:26.243-0500][7.831s] GC(11)   Post Evacuate Collection Set: 0.3ms
[2024-05-15T17:02:26.243-0500][7.831s] GC(11)   Other: 0.2ms
[2024-05-15T17:02:26.243-0500][7.831s] GC(11) Eden regions: 66->0(86)
[2024-05-15T17:02:26.243-0500][7.831s] GC(11) Survivor regions: 2->6(9)
[2024-05-15T17:02:26.243-0500][7.831s] GC(11) Old regions: 19->19
[2024-05-15T17:02:26.243-0500][7.831s] GC(11) Humongous regions: 4->4
[2024-05-15T17:02:26.243-0500][7.831s] GC(11) Metaspace: 35405K(36736K)->35405K(36736K) NonClass: 31170K(32000K)->31170K(32000K) Class: 4234K(4736K)->4234K(4736K)
[2024-05-15T17:02:26.243-0500][7.831s] GC(11) Pause Young (Normal) (G1 Evacuation Pause) 90M->28M(512M) 29.214ms
[2024-05-15T17:02:26.243-0500][7.831s] GC(11) User=0.03s Sys=0.00s Real=0.03s
[2024-05-15T17:02:27.422-0500][9.011s] GC(12) Pause Young (Concurrent Start) (Metadata GC Threshold)
[2024-05-15T17:02:27.422-0500][9.011s] GC(12) Using 1 workers of 1 for evacuation
[2024-05-15T17:02:27.451-0500][9.040s] GC(12)   Pre Evacuate Collection Set: 0.1ms
[2024-05-15T17:02:27.451-0500][9.040s] GC(12)   Evacuate Collection Set: 28.1ms
[2024-05-15T17:02:27.451-0500][9.040s] GC(12)   Post Evacuate Collection Set: 0.3ms
[2024-05-15T17:02:27.451-0500][9.040s] GC(12)   Other: 0.3ms
[2024-05-15T17:02:27.451-0500][9.040s] GC(12) Eden regions: 67->0(88)
[2024-05-15T17:02:27.451-0500][9.040s] GC(12) Survivor regions: 6->8(12)
[2024-05-15T17:02:27.451-0500][9.040s] GC(12) Old regions: 19->19
[2024-05-15T17:02:27.451-0500][9.040s] GC(12) Humongous regions: 4->4
[2024-05-15T17:02:27.451-0500][9.040s] GC(12) Metaspace: 40341K(41816K)->40341K(41816K) NonClass: 35392K(36312K)->35392K(36312K) Class: 4949K(5504K)->4949K(5504K)
[2024-05-15T17:02:27.451-0500][9.040s] GC(12) Pause Young (Concurrent Start) (Metadata GC Threshold) 95M->30M(512M) 28.941ms
[2024-05-15T17:02:27.451-0500][9.040s] GC(12) User=0.03s Sys=0.00s Real=0.02s
[2024-05-15T17:02:27.451-0500][9.040s] GC(13) Concurrent Cycle
[2024-05-15T17:02:27.451-0500][9.040s] GC(13) Concurrent Clear Claimed Marks
[2024-05-15T17:02:27.452-0500][9.040s] GC(13) Concurrent Clear Claimed Marks 0.106ms
[2024-05-15T17:02:27.452-0500][9.040s] GC(13) Concurrent Scan Root Regions
[2024-05-15T17:02:27.471-0500][9.059s] GC(13) Concurrent Scan Root Regions 19.383ms
[2024-05-15T17:02:27.471-0500][9.060s] GC(13) Concurrent Mark (9.060s)
[2024-05-15T17:02:27.471-0500][9.060s] GC(13) Concurrent Mark From Roots
[2024-05-15T17:02:27.471-0500][9.060s] GC(13) Using 1 workers of 1 for marking
[2024-05-15T17:02:27.577-0500][9.165s] GC(13) Concurrent Mark From Roots 105.861ms
[2024-05-15T17:02:27.577-0500][9.165s] GC(13) Concurrent Preclean
[2024-05-15T17:02:27.577-0500][9.166s] GC(13) Concurrent Preclean 0.068ms
[2024-05-15T17:02:27.577-0500][9.166s] GC(13) Concurrent Mark (9.060s, 9.166s) 105.989ms
[2024-05-15T17:02:27.580-0500][9.168s] GC(13) Pause Remark
[2024-05-15T17:02:27.598-0500][9.186s] GC(13) Cleaned string and symbol table, strings: 21071 processed, 0 removed, symbols: 119892 processed, 61 removed
[2024-05-15T17:02:27.598-0500][9.187s] GC(13) Pause Remark 34M->34M(512M) 18.347ms
[2024-05-15T17:02:27.598-0500][9.187s] GC(13) User=0.02s Sys=0.00s Real=0.02s
[2024-05-15T17:02:27.598-0500][9.187s] GC(13) Concurrent Rebuild Remembered Sets
[2024-05-15T17:02:27.651-0500][9.240s] GC(13) Concurrent Rebuild Remembered Sets 53.342ms
[2024-05-15T17:02:27.652-0500][9.240s] GC(13) Pause Cleanup
[2024-05-15T17:02:27.652-0500][9.240s] GC(13) Pause Cleanup 36M->36M(512M) 0.116ms
[2024-05-15T17:02:27.652-0500][9.240s] GC(13) User=0.00s Sys=0.00s Real=0.00s
[2024-05-15T17:02:27.652-0500][9.240s] GC(13) Concurrent Cleanup for Next Mark
[2024-05-15T17:02:27.657-0500][9.245s] GC(13) Concurrent Cleanup for Next Mark 5.082ms
[2024-05-15T17:02:27.657-0500][9.245s] GC(13) Concurrent Cycle 205.488ms
[2024-05-15T17:05:54.326-0500][215.914s] Heap
[2024-05-15T17:05:54.326-0500][215.914s]  garbage-first heap   total 524288K, used 85190K [0x00000000e0000000, 0x0000000100000000)
[2024-05-15T17:05:54.326-0500][215.914s]   region size 1024K, 62 young (63488K), 8 survivors (8192K)
[2024-05-15T17:05:54.326-0500][215.914s]  Metaspace       used 43642K, capacity 45139K, committed 45348K, reserved 1089536K
[2024-05-15T17:05:54.326-0500][215.914s]   class space    used 5409K, capacity 6015K, committed 6016K, reserved 1048576K
